cnode4-012:3987731:3987731 [4] NCCL INFO channel.cc:93 Cuda Alloc Size 4256 pointer 0x1552b9a00000
cnode4-012:3987731:3987731 [4] NCCL INFO channel.cc:93 Cuda Alloc Size 4256 pointer 0x1552b9c00000
cnode4-012:3987731:3987731 [4] NCCL INFO channel.cc:93 Cuda Alloc Size 4256 pointer 0x1552b9e00000
cnode4-012:3987731:3987731 [4] NCCL INFO channel.cc:93 Cuda Alloc Size 4256 pointer 0x1552ba000000
cnode4-012:3987731:3987731 [4] NCCL INFO channel.cc:93 Cuda Alloc Size 4256 pointer 0x1552ba200000
cnode4-012:3987731:3987731 [4] NCCL INFO channel.cc:93 Cuda Alloc Size 4256 pointer 0x1552ba400000
cnode4-012:3987731:3987731 [4] NCCL INFO channel.cc:93 Cuda Alloc Size 4256 pointer 0x1552ba600000
cnode4-012:3987731:3987731 [4] NCCL INFO channel.cc:93 Cuda Alloc Size 4256 pointer 0x1552ba800000
cnode4-012:3987731:3987731 [4] NCCL INFO channel.cc:93 Cuda Alloc Size 4256 pointer 0x1552baa00000
cnode4-012:3987731:3987731 [4] NCCL INFO channel.cc:93 Cuda Alloc Size 4256 pointer 0x1552bac00000
cnode4-012:3987731:3987731 [4] NCCL INFO NVLS importing shareableHandle 0x7fffffff9410 from rank 7
cnode4-012:3987731:3987731 [4] NCCL INFO ncclPollProxyResponse Received new opId=0x555562f5ea40
cnode4-012:3987731:3987731 [4] NCCL INFO resp.opId=0x555562f5ea40 matches expected opId=0x555562f5ea40
cnode4-012:3987731:3987731 [4] NCCL INFO Connected to proxy localRank 0 -> connection 0x155264000f78
cnode4-012:3987731:3987731 [4] NCCL INFO ProxyCall UDS comm 0x55555b30f8b0 rank 4 tpRank 7(636f5702778d37c2) reqSize 8 respSize 0 respFd 0x7fffffff931c opId 0xc951af6b6d5f9d26
cnode4-012:3987731:3987731 [4] NCCL INFO ProxyCall UDS comm 0x55555b30f8b0 rank 4 tpRank 7(636f5702778d37c2) reqSize 8 respSicnode4-012:3987728:3987728 [1] NCCL INFO NVLS rank 8 (dev 1) alloc done, ucptr 0x1552bae00000 ucgran 2097152 mcptr 0x1552bb000000 mcgran 2097152 ucsize 2097152 mcsize 2097152 (inputsize 14336)
cnode4-012:3987728:3987728 [1] NCCL INFO TUNER/Plugin: Could not find: libnccl-tuner.so. Using internal tuner plugin.cnode4-012:3987733:3987733 [6] NCCL INFO TUNER/Plugin: Could not find: libnccl-tuner.so. Using icnode4-012:3987732:398cnode4-012:3987733:3987733 [6] NCCL INFO threadThresholds 8/8/64 | 112/8/64 | 512 | 512
cnode4-0cnode4-012:398cnode4-012:3987728:3987728 [1] NCCL INFO init.cc:492 Cuda Alloc Size 23648 pointer 0x1552bb200000
cnode4-012:3987728:3987728 [1] NCCL INFO init.cc:494 Cuda Alloc Size 56 pointer 0x1552bb400000
cnode4-012:3987728:3987728 [1] NCCL INFO init.cc:536 Cuda Host Alloc Size 1048576 pointer 0x1552c7e00200
cnode4-012:3cnode4-012:3987733:3987733 [6] NCCL INFO init.cc:536 Cuda Host Alloc Size 1048576 pointer 0x1552c7e00200
cnode4-012:3987733:3987733 [6] NCCL INFO init.cc:546 Cuda Host Alloc Size 65536 pointer 0cnode4-012:3987728:3987728 [1] NCCL INFO ncclCommInitRankConfig comm 0x55555b6ba210 rank 8 nranks 14 cudaDev 1 nvmlDev 1 busId 43000 commId 0xc94a082cb23124a2 - Init COMPLETE
cnode4-012:3987728:3987728 [1] NCCL INFO Init timcnode4-012:3987729:3987729 [2] NCCL INFO Init timings - ncclCommInitRankConfig: rank 9 nranks 14 total 6.28 (kernels 0.61, alloc 3.30, bootstrap 0.09, allgathers 0.0cnode4-cnode4-012:3987728:3987728 [1] NCCL INFO Send: opCount 0 sendbuff (nil) recvbuff 0x920000000 count 4194304 datatype 8 ocnode4-012:3987733:3987733 [6] NCCL INFO Send: opCount 0 sendbuffcnode4-012:3987728:3987728 [1] NCCL INFO misc/utils.cc:234 memory stack hunk malloc(65536)
cnode4-012:3987728:3987728 [1] NCCL INFO Recv: opCount 0 sendbuff (nil) recvbuff 0xd20cnode4-006:388005cnode4-cnode4-006:3880058:3880058 [5] NCCL INFO Send: opCount 0 sendbuff (nil) recvbuff 0x920000000 count 4194304 datatype 8 op 0 root 6 comm 0x55555b6a9d60 [nranks=14] stream 0x55555715cd30
cnode4-006:3880058:3880058 [5] NCCL INFO misc/utils.cc:234 memory stack hunk malloc(65536)
cnode4-006:3880058:3880058 [5] NCCL INFO Recv: opCount 0 sendbuff (nil) recvbuff 0xd20000000 count 4194304 datatype 8 op 0 root 4 comm 0x55555b6a9d60 [nranks=14cnode4-006:388005cnode4-cnode4-006:3880058:3880423 [5] NCCL INFO Mem Realloc old size 0, new size 8 pointer 0x15526c000d00
cnode4-006:3880058:3880423 [5] NCCL INFO New proxy recv connection 0 from local rank 5, transport 0
cnode4-006:3880058:3880423 [5] NCCL INFO proxyProgressAsync opId=0x5555632f8d00 op.type=1 op.reqBuff=0x15526c000cc0 op.respSize=16 done
cnode4-012:3987728:3988082 [1] NCCL INFO Allocated shareable buffer 0x1552bb600000 size 10485760 ipcDesc 0x15526c0049a0
cnode4-012:3987728:3988082 [1] NCCL INFO proxyProgressAsync opId=0x555563309130 op.type=3 op.reqBuff=0x15526c004970 op.respSize=88 done
cnode4-012:3987728:3987728 [1] NCCL INFO ncclPollProxyResponse Received new opId=0x555563309130
cnode4-01cnode4-006:388005cnode4-cnode4-006:3880058:3880423 [5] NCCL INFO Allocated shareable buffer 0x1552bb600000 size 10485760 ipcDesc 0x15526c0049a0
cnode4-006:3880058:3880423 [5] NCCL cnode4-012:3987728:3988082 [1] NCCL INFO New proxy recv connection 1 from local rank 1, transport 0
cnode4-012:3987728:3988082 [1] NCCL INFO proxyProgressAsync opId=0x555563309130 op.type=1 op.reqBuff=0x15526c0061a0 op.respSize=16 done
cnode4-012:3987728:3987728 [1] NCCL INFO ncclPollProxyResponse Received new opId=0x555563309130
cnode4-012:3987728:3988082 [1] NCCL INFO Received andcnode4-006:3880058:3880423 [5] NCCL INFO New proxy recv connection 1 from local rank 5, transport 0
cnode4-006:3880058:3880423 [5] NCCL INFO proxyProgressAsync opId=0x5555632f8d00 op.type=1 op.reqBuff=0x15526c0061a0 op.respSize=16 done
cnode4-012:3987728:3988082 [1] NCCL INFO Allocated shareable buffer 0x1552bc000000 size 10485760 ipcDesc 0x15526c006250
cnode4-012:3987728:3988082 [1] NCCL INFO proxyProgressAsync ocnode4-006:3880058:3880058 [5] NCCL INFO resp.opId=0x5555632f8d00 matches expected opId=0x5555632f8d00
cnode4-006:3880058:3880058 [5] NCCL INFO Connected to proxy localRank 5 -> connection 0x15526c000d98
cnode4-006:3880058:3880423 [5] NCCL INFO Allocated shareable buffer 0x1552bc000000 size 10485760 ipcDesc 0x15526c006250
cnode4-006:3880058:3880423 [5] NCCL INFO proxyProgressAsync opId=0x5555632f8d00 op.type=3 op.reqBuff=0x15526c006220 op.respSize=88 done
cnode4-006:3880058:3880058 [5] NCCL INFO ncclPollProxyResponse Received new opId=0x5555632f8d00
cnode4-006:3880058:3880058 [5] NCCL INFO resp.opId=0x5555632f8d00 matches expected opId=0x5555632f8d00
cnode4-006:3880058:3880423 [5] NCCL INFO Received and initiated operation=Setup res=0
cnode4-006:3880058:3880058 [5] NCCL INFO Channel 00/1 : 5[5] -> 6[6] via P2P/CUMEM
cnode4-006:3880058:3880423 [5] NCCL INFO New proxy send connection 2 from local rank 5, transport 0
cnode4-006:3880058:3880423 [5] NCCL INFO proxyProgressAsync opId=0x5555632f8d00 op.type=1 op.reqBuff=0x15526c007a80 op.respSize=16 done
cnode4-006:3880058:3880058 [5] NCCL INFO ncclPollProxyResponse Received new opId=0x5555632f8d00
cnode4-006:3880058:3880423 [5] NCCL INFO Received and initiated operation=Init res=0
cnode4-006:3880058:3880058 [5] NCCL INFO resp.opId=0x5555632f8d00 matches expected opId=0x5555632f8d00
cnode4-006:3880058:3880058 [5] NCCL INFO Connected to proxy localRank 5 -> connection 0x15526c000e10
cnode4-006:3880058:3880423 [5] NCCL INFO Allocated shareable buffer 0x1552bca00000 size 2097152 ipcDesc 0x15526c007b10
cnode4-006:3880058:3880423 [5] NCCL INFO proxyProgressAsync opId=0x5555632f8d00 op.type=3 op.reqBuff=0x15526c007aa0 op.respSize=88 done
cnode4-006:3880058:3880058 [5] NCCL INFO ncclPollProxyResponse Received new opId=0x5555632f8d00
cnode4-006:3880058:3880058 [5] NCCL INFO resp.opId=0x5555632f8d00 matches expected opId=0x5555632f8d00
cnode4-006:3880058:3880058 [5] NCCLcnode4-012:3987733:3988074 [6] NCCL INFO New procnode4-006:3880058:3880423 [5] NCCL INFO Received and initiated operation=Setup res=0
cnode4-006:3880058:3880423 [5] NCCL INFO New proxy send connection 3 from local rank 5, transport 0
cnode4-006:3880058:388cnode4-006:3880059:3880427 [6] NCCL INFO New proxy send connection 2 from local rank 5, transport 0
cnode4-006:3880059:3880427 [6] NCCL INFO proxyProgressAsync opId=0x5555632f8d00 op.type=1 op.reqBuff=0x15526c007a80 op.respSize=16 done
cnode4-006:3880059:3880427 [6] NCCL INFO Received and initiated operation=Init res=0
cnode4-006:3880059:3880059 [6] NCCL INFO ncclPollProxyResponse Received new opId=0x5555632fc5d0
cnode4-006:3880059:3880059 [6] NCCL INFO resp.opId=0x5555632fc5d0 matches expected opId=0x5555632fc5d0
cnode4-006:3880059:3880059 [6] NCCL INFO Connected to proxy localRank 5 -> connection 0x15526c000f78
cnode4-006:3880059:3880059 [6] NCCL INFO ProxyCall UDS comm 0x55555b6ad730 rank 6 tpRank 5(94dce872af09a0ae) reqSize 8 respSize 0 respFd 0x7fffffff8968 opId 0xf4775dbcnode4-012:3987733:3987733 [6] NCCL INFO ProxyCall UDS comm 0x55555ab51600 rank 6 tpRank 12(9c034da9c361e034) reqSize 8 respSize 0 respFd 297 opId 0x524b6dbc1566c5d5 - DONE
cnode4-012:3987733:3987733 [6] NCCL INFO UDS: ClientGetFd handle 0x15526c007b60 tpcnode4-006:3880059:3880059 [6] NCCL INFO ProxyCall UDS comm 0x55555b6ad730 rank 6 tpRank 5(94dce872af09a0ae) reqSize 8 respSize 0 respFd 297 opcnode4-012:3987733:3987733 [6] NCCL INFO Imported shareable buffer device 6 size 2097152 ptr 0x1552bca00000
cnode4-012:3987733:3987733 [6] NCCL INFO ProxyCall UDS comm 0x55555ab51600 rank 6 tpRank 12(9c034da9c361e034) reqSize 8 respSize 0 respFd 0x7fffcnode4-006:3880059:3880059 [6] NCcnode4-012:3987733:3987733 [6] NCCL INFO ProxyCall UDS comm 0x55555ab51600 cnode4-006:3880059:3880059 [6] NCCL INFO ProxyCall UDS comm 0x55555b6ad730 rank 6 tpRank 5(94dce872af09a0ae) reqSize 8 respSize 0 respFd 0x7fffffff8968 opId 0xde0b1e0b70f70ee3
cnode4-006:3880059:3880428 [6] NCCL INFO proxyUDSRecvReq::ncclProxyMsgGetFd rank 5 opId 0xbc05a2ab76572260 handle=0x15526c0062a0
cnode4-006:3880059:3880428 [6] NCCL INFO UDS proxyGetFd received handle 0x15526c0062a0 peer 5 opId bc05a2ab76572260
cnode4-006:3880059:3880059 [6] NCCL INFO ProxyCall UDS comm 0x55555b6ad730 rank 6 tpRank 5(94dce872af09a0ae) reqSize 8 respSize 0 respFd 298 opId 0xde0b1e0b70f70ee3 - DONE
cnode4-006:3880059:388cnode4-012:3987733:3987733 [6] NCCL INFO ncclPollProxyResponse Received new opId=0x555563b2a990
cnode4-012:3987733:3987733 [6] NCCL INFO Queuing opId=0x555563b2a990 respBuff=0x555563a82b50 respSize=1400
cnode4-012:3987733:3987733 [6] NCCL INFO ncclPollProxyResponse Dequeued cached opId=0x555563b2a990
cnode4-012:3987733:3987733 [6] NCCL INFO sendConnect ncclPollProxyResponse opId=0x555563b2a990
cnode4-012:3987733:3987733 [6] NCCL INFO MMAP imported shareable host buffer /dev/shm/nccl-FsFORcnode4-006:3880059:3880059 [6] NCCL INFO ncclPollProxyResponse Received new opId=0x555564688068
cnode4-006:3880059:3880059 [6] NCCL INFO resp.opId=0x555564688068 matches expected opId=0x555564688068
cnode4-006:3880059:3880059 [6] NCCL INFO sendConnect ncclPollProxyResponse opId=0x555564688068
cnode4-006:3880059:3880059 [6] NCCL INFO MMAP imported shareable host buffer /dev/shm/nccl-tserUj size 8192 ptr 0x1553234d6000
cnode4-006:3880059:3880059 [6] NCCL INFO ProxyCall UDS comm 0x55555b6ad730 rank 6 tpRank 0(ef9cb8a274c700e5) reqSize 8 respSize 0 respFd 0x7fffffff8958 opId 0x4a226125cb3ff4e9
cnode4-006:3880059:3880059 [6] NCCL INFO ProxyCall UDS comm 0x55555b6ad730 rank 6 tpRank 0(ef9cb8a274c700e5) reqSize 8 respSize 0 respFd 299 opId 0x4a226125cb3ff4e9 - DONE
cnode4-006:3880059:3880059 [6] NCCL INFO UDS: ClientGetFd handle 0x1552641e2900 tpRank 0 returned fd 299 sameProcess 0
cnode4-006:3880059:3880059 [6] NCCL INFO UDS converted handle 0x1552641e2900 to fd 299 on remote peer 0
cnode4-006:3880059:3880059 [6] NCCL INFO Imported shareable buffer device 6 size 67108864 ptr 0x1552bce00000
cnode4-006:3880059:3880059 [6] NCCL INFO ncclPollProxyResponse Received new opId=0x55556468f898
cnode4-006:3880059:3880059 [6] NCCL INFO resp.opId=0x55556468f89cnode4-012:3987733:3988075 [6] NCCL INFO UDS proxyGetFd received handle 0x15526c0062a0 peer 5 opId 1b8cb24a05b27471
cnode4-012:3987733:3987733 [6] NCCL INFO Send: opCount 1 sendbuff (nil) recvbuff 0x920000000 count 8388608 datatype 8 op 0 root 0 comm 0x55555ab51600 [nranks=14] stream 0x55555715cd30
cnode4-012:3987733:3987733 [6] NCCL INFO Recv: opCount 1 sendbuff (nil) recvbuff 0xd20000000 count 8388608 datatype 8 op 0 root 12 comm 0x55555ab51600 [nranks=14] stream 0x55555715cd30
cnode4-012:3987733:3987733 [6] NCCL INFO Send: opCount 2 sendbuff (nil) recvbuff 0x920000000 count 16777216 datatype 8 op 0 root 0 comm 0x55555ab51600 [nranks=14] stream 0x55555715cd30
cnode4-012:3987733:3987733 [6] NCCL INFO Recv: opCount 2 sendbuff (nil) recvbuff 0xd20000000 count 16777216 datatype 8 op 0 root 12 comm 0x55555ab51600 [nranks=14] stream 0x55555715cd30
cnode4-012:3987733:3987733 [6] NCCL INFO Send: opCount 3 sendbuff (nil) recvbuff 0x920000000 count 33554432 datatype 8 op 0 root 0 comm 0x55555ab51600 [nranks=14] stream 0x55555715cd30
cnode4-012:3987733:3987733 [6] NCCL INFO Recv: opCount 3 sendbuff (nil) recvbuff 0xd20000000 count 33554432 datatype 8 op 0 root 12 comm 0x55555ab51600 [nranks=14] stream 0x55555715cd30
cnode4-012:3987733:3987733 [6] NCCL INFO Send: opCount 4 sendbuff (nil) recvbuff 0x920000000 count 67108864 datatype 8 op 0 root 0 comm 0x55555ab51600 [nranks=14] stream 0x55555715cd30
cnode4-012:3987733:3987733 [6] NCCL INFO Recv: opCount 4 sendbuff (nil) recvbuff 0xd20000000 count 67108864 datatype 8 op 0 root 12 comm 0x55555ab51600 [nranks=14] stream 0x55555715cd30
cnode4-012:3987733:3987733 [6] NCCL INFO Send: opCount 5 sendbuff (nil) recvbuff 0x920000000 count 134217728 datatype 8 op 0 root 0 comm 0x55555ab51600 [nranks=14] stream 0x55555715cd30
cnode4-012:3987733:3987733 [6] NCCL INFO Recv: opCount 5 sendbuff (nil) recvbuff 0xd20000000 count 134217728 datatype 8 op 0 root 12 comm 0x55555ab51600 [nranks=14] stream 0x55555715cd30
cnode4-012:3987733:3987733 [6] NCCL INFO Send: opCount 6 sendbuff (nil) recvbuff 0x920000000 count 268435456 datatype 8 op 0 root 0 comm 0x55555ab51600 [nranks=14] stream 0x55555715cd30
cnode4-012:3987733:3987733 [6] NCCL INFO Recv: opCount 6 sendbuff (nil) recvbuff 0xd20000000 count 268435456 datatype 8 op 0 root 12 comm 0x55555ab51600 [nranks=14] stream 0x55555715cd30
cnode4-012:3987733:3987733 [6] NCCL INFO Send: opCount 7 sendbuff (nil) recvbuff 0x920000000 count 536870912 datatype 8 op 0 root 0 comm 0x55555ab51600 [nranks=14] stream 0x55555715cd30
cnode4-012:3987733:3987733 [6] NCCL INFO Recv: opCount 7 sendbuff (nil) recvbuff 0xd20000000 count 536870912 datatype 8 op 0 root 12 comm 0x55555ab51600 [nranks=14] stream 0x55555715cd30
cnode4-012:3987733:3987733 [6] NCCL INFO Send: opCount 8 sendbuff (nil) recvbuff 0x920000000 count 1073741824 datatype 8 op 0 root 0 comm 0x55555ab51600 [nranks=14] stream 0x55555715cd30
cnode4-012:3987733:3987733 [6] NCCL INFO Recv: opCount 8 sendbuff (nil) recvbuff 0xd20000000 count 1073741824 datatype 8 op 0 root 12 comm 0x55555ab51600 [nranks=14] stream 0x55555715cd30
cnode4-012:3987733:3987733 [6] NCCL INFO Send: opCount 9 sendbuff (nil) recvbuff 0x920000000 count 2147483648 datatype 8 op 0 root 0 comm 0x55555ab51600 [nranks=14] stream 0x55555715cd30
cnode4-012:3987733:3987733 [6] NCCL INFO Recv: opCount 9 sendbuff (nil) recvbuff 0xd20000000 count 2147483648 datatype 8 op 0 root 12 comm 0x55555ab51600 [nranks=14] stream 0x55555715cd30
cnode4-012:3987733:3987733 [6] NCCL INFO Send: opCount a sendbuff (nil) recvbuff 0x920000000 count 4194304 datatype 8 op 0 root 0 comm 0x55555ab51600 [nranks=14] stream 0x55555715cd30
cnode4-012:3987733:3987733 [6] NCCL INFO Recv: opCount a sendbuff (nil) recvbuff 0xd20000000 count 4194304 datatype 8 op 0 root 12 comm 0x55555ab51600 [nranks=14] stream 0x55555715cd30
cnode4-012:3987733:3987733 [6] NCCL INFO Send: opCount b sendbuff (nil) recvbuff 0x920000000 count 4194304 datatype 8 op 0 root 0 comm 0x55555ab51600 [nranks=14] stream 0x55555715cd30
cnode4-012:3987733:3987733 [6] NCCL INFO Recv: opCount b sendbuff (nil) recvbuff 0xd20000000 count 4194304 datatype 8 op 0 root 12 comm 0x55555ab51600 [nranks=14] stream 0x55555715cd30
cnode4-012:3987733:3987733 [6] NCCL INFO Send: opCount c sendbuff (nil) recvbuff 0x922000000 count 4194304 datatype 8 op 0 root 0 comm 0x55555ab51600 [nranks=14] stream 0x55555715cd30
cnode4-012:3987733:3987733 [6] NCCL INFO Recv: opCount c sendbuff (nil) recvbuff 0xd22000000 count 4194304 datatype 8 op 0 root 12 comm 0x55555ab51600 [nranks=14] stream 0x55555715cd30
cnode4-012:3987733:3987733 [6] NCCL INFO Send: opCount d sendbuff (nil) recvbuff 0x924000000 count 4194304 datatype 8 op 0 root 0 comm 0x55555ab51600 [nranks=14] stream 0x55555715cd30
cnode4-012:3987733:3987733 [6] NCCL INFO Recv: opCount d sendbuff (nil) recvbuff 0xd24000000 count 4194304 datatype 8 op 0 root 12 comm 0x55555ab51600 [nranks=14] stream 0x55555715cd30
cnode4-012:3987733:3987733 [6] NCCL INFO Send: opCount e sendbuff (nil) recvbuff 0x926000000 count 4194304 datatype 8 op 0 root 0 comm 0x55555ab51600 [nranks=14] stream 0x55555715cd30
cnode4-012:3987733:3987733 [6] NCCL INFO Recv: opCount e sendbuff (nil) recvbuff 0xd26000000 count 4194304 datatype 8 op 0 root 12 comm 0x55555ab51600 [nranks=14] stream 0x55555715cd30
cnode4-012:3987733:3987733 [6] NCCL INFO Send: opCount f sendbuff (nil) recvbuff 0x928000000 count 4194304 datatype 8 op 0 root 0 comm 0x55cnode4-006:3880054:3880054 [1] NCCL INFO Send: opCount 0 sendbuff (nil) recvbuff 0x920000000 count 4194304 datatype 8 op 0 root 2 comm 0x55555b670a90 [nranks=14] stream 0x55555715cd30
cnode4-006:3880054:3880054 [1] NCCL INFO Recv: opCount 0 sendbuff (nil) recvbuff 0xd20000000 count 4194304 datatype 8 op 0 root 0 comm 0x55555b670a90 [nranks=14] stream 0x55555715cd30
cnode4-006:3880054:3880054 [1] NCCL INFO Send: opCount 0 sendbuff (nil) recvbuff 0x922000000 count 4194304 datatype 8 op 0 root 2 comm 0x55555b670a90 [nranks=14] stream 0x55555715cd30
cnode4-006:3880054:3880054 [1] NCCL INFO Recv: opCount 0 sendbuff (nil) recvbuff 0xd22000000 count 4194304 datatype 8 op 0 root 0 comm 0x55555b670a90 [nranks=14] stream 0x55555715cd30
cnode4-006:3880054:3880054 [1] NCCL INFO Send: opCount 0 sendbuff (nil) recvbuff 0x924000000 count 4194304 datatype 8 op 0 root 2 comm 0x55555b670a90 [nranks=14] stream 0x55555715cd30
cnode4-006:3880054:3880054 [1] NCCL INFO Recv: opCount 0 sendbuff (nil) recvbuff 0xd24000000 count 4194304 datatype 8 op 0 root 0 comm 0x55555b670a90 [nranks=14] stream 0x55555715cd30
cnode4-006:3880054:3880054 [1] NCCL INFO Send: opCount 0 sendbuff (nil) recvbuff 0x926000000 count 4194304 datatype 8 op 0 root 2 comm 0x55555b670a90 [nranks=14] stream 0x55555715cd30
cnode4-006:3880054:3880054 [1] NCCL INFO Recv: opCount cnode4-012:3987733:3987733 [6] NCCL INFO Send: opCount 13 sendbuff (nil) recvbuff 0x930000000 count 4194304 datatype 8 op 0 root 0 comm 0x55555ab51600 [nranks=14] stream 0x55555715cd30
cnode4-012:3987733:3987733 [6] NCCL INFO Recv: opCount 13 sendbuff (nil) recvbuff 0xd30000000 count 4194304 datatype 8 op 0 root 12 comm 0x55555ab51600 [nranks=14] stream 0x55555715cd30
cnode4-012:3987733:3987733 [6] NCCL INFO Send: opCount 14 sendbuff (nil) recvbuff 0x932000000 count 4194304 datatype 8 op 0 rocnode4-006:3880054:3880054 [1] NCCL INFO Send: opCount 0 sendbuff (nil) recvbuff 0x92a000000 count 4194304 datatype 8 op 0 root 2 comm 0x55555b670a90 [nranks=14] stream 0x55555715cd30
cnode4-006:3880054:3880054 [1] NCCL INFO Recv: opCount 0 sendbuff (nil) recvbuff 0xd2a000000 count 4194304 datatype 8 op 0 root 0 comm 0x55555b670a90 [nranks=14] stream 0x55555715cd30
cnode4-006:3880054:3880054 [1] NCCL INFO Send: opCount 0 sendbuff (nil) recvbuff 0x92c000000 count 4194304 datatype 8 op 0 root 2 comm 0x55555b670a90 [nranks=14] stream 0x55555715cd30
cnode4-006:3880054:3880054 [1] NCCL INFO Recv: opCount 0 sendbufcnode4-012:3987733:3987733 [6] NCCL INFO Send: opCount 16 sendbuff (nil) recvbuff 0x936000000 count 4194304 datatype 8 op 0 rcnode4-012:3987728:3987728 [1] NCCL INFO Send: opCount 0 sendbuff (nil) recvbuff 0x930000000 count 4194304 datatype 8 op 0 root 9 comm 0x55555b6ba210 [nranks=14] stream 0x55555715cd30
cnode4-012:3987728:3987728 [1] NCCL INFO Recv: opCount 0 sendbuff (nil) recvbuff 0xd30000000 count 4194304 datatype 8 op 0 root 7 comm 0x55555b6ba210 [nranks=14] stream 0x55555715cd30
cnode4-012:3987728:3987728 [1] NCCL INFO Send: opCount 0 sendbuff (nil) recvbuff 0x932000000 count 4194304 datatype 8 op 0 root 9 comm 0x55555b6ba210 [nranks=14] stream 0x55555715cd30
cnode4-012:3987728:3987728 [1] NCCL INFO Recv: opCount 0 sendbuff (nil) recvbuff 0xd32000000 count 4194304 datatype 8 op 0 root 7 comm 0x55555b6ba210 [nranks=14] stream 0x55555715cd30
cnode4-012:3987728:3987728 [1] NCCL INFO Send: opCount 0 sendbuff (nil) recvbuff 0x934000000 count 4194304 datatype 8 op 0 root 9 comm 0x55555b6ba210 [nranks=14] stream 0x55555715cd30
cnode4-012:3987728:3987728 [1] NCCL INFO Recv: opCount 0 sendbuff (nil) recvbuff 0xd34000000 count 4194304 datatype 8 op 0 root 7 comm 0x55555b6ba210 [nranks=14] stream 0x55555715cd30
cnode4-012:3987728:3987728 [1] NCCL INFO Send: opCount 0 sendbuff (nil) recvbuff 0x936000000 count 4194304 datatype 8 op 0 root 9 comm 0x55555b6ba210 [nranks=14] stream 0x55555715cd30
cnode4-012:3987728:3987728 [1] NCCL INFO Recv: opCount 0 sendbuff (nil) recvbuff 0xd36000000 count 4194304 datatype 8 op 0 root 7 comm 0x55555b6ba210 [nranks=14] stream 0x55555715cd30
cnode4-012:3987728:3987728 [1] NCCL INFO Send: opCount 0 sendbuff (nil) recvbuff 0x938000000 count 4194304 datatype 8 op 0 root 9 comm 0x55555b6ba210 [nranks=14] stream 0x55555715cd30
cnode4-012:3987728:3987728 [1] NCCL INFO Recv: opCount 0 sendbuff (nil) recvbuff 0xd38000000 count 4194304 datatype 8 op 0 root 7 comm 0x55555b6ba210 [nranks=14] stream 0x55555715cd30
cnode4-012:3987728:3987728 [1] NCCL INFO Send: opCount 0 sendbuff (nil) recvbuff 0x93a000000 count 4194304 datatype 8 op 0 root 9 comm 0x55555b6ba210 [nranks=14] stream 0x55555715cd30
cnode4-012:3987728:3987728 [1] NCCL INFO Recv: opCount 0 sendbuff (nil) recvbuff 0xd3a000000 count 4194304 datatype 8 op 0 root 7 comm 0x55555b6ba210 [nranks=14] stream 0x55555715cd30
cnode4-012:3987728:3987728 [1] NCCL INFO Send: opCount 0 sendbuff (nil) recvbuff 0x93c000000 count 4194304 datatype 8 op 0 root 9 comm 0x55555b6ba210 [nranks=14] stream 0x55555715cd30
cnode4-012:3987728:3987728 [1] NCCL INFO Recv: opCount 0 sendbuff (nil) recvbuff 0xd3c000000 count 4194304 datatype 8 op 0 root 7 comm 0x55555b6ba210 [nranks=14] stream 0x55555715cnode4-006:3880054:3880054 [1] NCCL INFO Send: opCount 0 sendbuff (nil) recvbuff 0x93c000000 count 4194304 datatype 8 op 0 root 2 comm 0x55555b670a90 [nranks=14] stream 0x55555715cd30
cnode4-006:3880054:3880054 [1] NCCL INFO Recv: opCount 0 sendbuff (nil) recvbuff 0xd3c000000 count 4194304 datatype 8 op 0 root 0 comm 0x55555b670a90 [nranks=14] stream 0x55555715cd30
cnode4-006:3880054:3880054 [1] NCCL INFO Send: opCount 0 sendbuff (nil) recvbuff 0x93e000000 count 4194304 datatype 8 op 0 root 2 comm 0x55555b670a90 [nranks=14] stream 0x55555715cd30
cnode4-006:3880054:38cnode4-006:3880059:3880059 [6] NCCL INFO Recv: opCount 1e sendbuff (nicnode4-012:3987733:3987733 [6] NCCL INFO Send: opCount 1f sendbuff (nil) recvbuff 0x920000000 count 4194304 datatype 8 op 0 root 0 comm 0x55555ab51600 [nranks=14] stream 0x55555715cd30
cnode4-012:3987733:3987733 [6] NCCL INFO Recv: opCount 1f sendbuff (nil) recvbuff 0xd20000000 count 4194304 datatype 8 op 0 root 12 comm 0x55555ab51600 [nranks=14] stream 0x55555715cd30
cnode4-012:3987733:3987733 [6] NCCL INFO Send: opCount 20 sendbuff (nil) recvbuff 0xd20000000 count 4194304 datatycnode4-006:3880059:3880059 [6] NCCL INFO Send: opCount 20 sendbuff (nil) recvbuff 0xd20000000 count 4194304 datatype 8 op 0 root 7 comm 0x55555b6ad730 [nranks=14] stream 0x55555715cd30
cnode4-006:3880059:3880059 [6] NCCL INFO Recv: opCount 20 sendbuff (nil)cnode4-012:3987733:3987733 [6] NCCL INFO Send: opCount 21 sendbuff (nil) recvbuff 0xd20000000 count 4194304 datatype 8 op 0 root 0 comm 0x55555ab51600 [nranks=14] stream 0x55555715cd30
cnode4-012:3987733:3987733 [6] NCCL INFO Recv: opCount 21 sendbuff (nil) recvbuff 0xd20000000 count 4194304 datatype 8 op 0 root 12 comm 0x55555ab51600 [nranks=14] stream 0x55555715cd30
cnode4-012:3987733:3987733 [6] NCCL INFO Send: opCount 22 sendbuff (nil) recvbuff 0xd22000000 count 4194304 datatype 8 op 0 root 0 comm 0x55555ab51600 [nranks=14] stream 0x55555715cd30
cnode4-012:3987733:3987733 [6] NCCL INFO Recv: opCount 22 sendbuff (nil) recvbuff 0xd22000000 count 4194304 datatype 8 op 0 root 12 comm 0x55555ab51600 [nranks=14] stream 0x55555715cd30
cnode4-012:3987733:3987733 [6] NCCL INFO Send: opCount 23 sendbuff (nil) recvbuff 0xd24000000 count 4194304 datcnode4-006:3880059:3880059 [6] NCCL INFO Send: opCount 23 sendbuff (nil) recvbuff 0xd24000000 count 4194304 datatype 8 op 0 root 7 comm 0x55555b6ad730 [nranks=14] stream 0x55555715cd30
cnode4-006:3880059:3880059 [6] NCCL INFO Recv: opCount 23 sendbuff (nil) recvbuff 0xd24000000 count 4194304 datatype 8 op 0 root 5 comm 0x55555b6ad730 [nranks=14] stream 0x55555715cd30
cnode4-006:3880059:3880059 [6] NCCL INFO Send: opCount 24 sendbuff (nil) recvbuff 0xd26000000 count 4194304 datatype 8 op 0 root 7 comm 0x55555b6ad730 [nranks=14] stream 0x55555715cd30
cnode4-006:3880059:3880059 [6] NCCL INFO Recv: opCount 24 sendbuff (nil) reccnode4-012:3987733:3987733 [6] NCCL INFO Send: opCount 25 sendbuff (nil) recvbuff 0xd28000000 count 4194304 datatype 8 op 0 root 0 comm 0x55555ab51600 [nranks=14] stream 0x55555715cd30
cnode4-012:3987733:3987733 [6] NCCL INFO Recv: opCount 25 sendbuff (nil) recvbuff 0xd28000000 count 4194304 datatype 8 op 0 root 12 comm 0x55555ab51600 [nranks=14] stream 0x55555715cd30
cnode4-012:3987733:3987733 [6] NCCL INFO Send: opCount 26 sendbuff (nil) recvbuff 0xd2a000000 count 4194304 datatype 8 op 0 root 0 comm 0x55555ab51600 [nranks=14] stream 0x55555715cd30
cnode4-012:3987733:3987733 [6] NCCL INFO Recv: opCount 26 sendbuff (nil) recvbuff 0xd2a000000 count 4194304 datatype 8 op 0 root 12 comm 0x55555ab51600 [nranks=14] stream 0x55555715cd30
cnode4-012:3987733:3987733 [6] NCCL INFO Send: opCount 27 sendbuff (nil) recvbuff 0xd2c000000 count 4194304 datatype 8 op 0 root 0 comm 0x55555ab51600 [nranks=14] stream 0x55555715cd30
cnode4-012:3987733:3987733 [6] NCCL INFO Recv: opCount 27 sendbuff (nil) recvbuff 0xd2c000000 count 4194304 datatype 8 op 0 root 12 comm 0x55555ab51600 [nranks=14] stream 0x55555715cd30
cnode4-012:3987733:3987733 [6] NCCL INFO Send: opCount 28 sendbuff (nil) recvbuff 0xd2e000000 count 4194304 datatype 8 op 0 root 0 comm 0x55555ab51600 [nranks=14] stream 0x55555715cd30
cnode4-012:3987733:3987733 [6] NCCL INFO Recv: opCount 28 sendbuff (nil) recvbuff 0xd2e000000 count 4194304 datatype 8 op 0 root 12 comm 0x55555ab51600 [nranks=14] stream 0x55555715cd30
cnode4-012:3987733:3987733 [6] NCCL INFO Send: opCount 29 sendbuff (nil) recvbuff 0xd30000000 count 4194304 datatype 8 op 0 root 0 comm 0x55555ab51600 [nranks=14] stream 0x55555715cd30
cnode4-012:3987733:3987733 [6] NCCL INFO Recv: opCount 29 sendbuff (nil) recvbuff 0xd30000000 count 4194304 datatype 8 op 0 root 12 comm 0x55555ab51600 [nranks=14] stream 0x55555715cd30
cnode4-012:3987733:3987733 [6] NCCL INFO Send: opCount 2a sendbuff (nil) recvbuff 0xd32000000 count 4194304 datatype 8 op 0 root 0 comm 0x55555ab51600 [nranks=14] stream 0x55555715cd30
cnode4-012:3987733:3987733 [6] NCCL INFO Recv: opCount 2a sendbuff (nil) recvbuff 0xd32000000 count 4194304 datatype 8 op 0 root 12 comm 0x55555ab51600 [nranks=14] stream 0x55555715cd30
cnode4-012:3987733:3987733 [6] NCCL INFO Send: opCount 2b sendbuff (nil) recvbuff 0xd34000000 count 4194304 datatype 8 op 0 root 0 comm 0x55555ab51600 [nranks=14] stream 0x55555715cd30
cnode4-012:3987733:3987733 [6] NCCL INFO Recv: opCount 2b sendbuff (nil) recvbuff 0xd3400000cnode4-012:3987729:3987729 [2] Ncnode4-012:3987732:3987732 [5] NCCL INFO Send: opCount 0 sendbcnode4-012:3987733:3987733 [6] NCCL INFO Send: opCount 2c sendbuff (nil) recvbuff 0xd36000000 count 4194304 datatype 8 op 0 root 0 comm 0x55555ab51600 [nranks=14] stream 0x55555715cd30
cnode4-012:3987733:3987733 [6] NCCL INFO Recv: opCount 2c sendbuff (nil) recvbuff 0xd36000000 count 4194304 datatype 8 op 0 root 12 comm 0x55555ab51600 [nranks=14] stream 0x55555715cd30
cnode4-012:3987733:3987733 [6] NCCL INFO Send: opCount 2d sendbuff (nil) recvbuff 0xd38000000 count 4194304 datatype 8 op 0 root 0 comm 0x55555ab51600 [nranks=14] stream 0x55555715cd30
cnode4-012:3987733:3987733 [6] NCCL INFO Recv: opCount 2d sendbuff (nil) recvbuff 0xd38000000 count 4194304 datatype 8 op 0 root 12 comm 0x55555ab51600 [nranks=14] stream 0x55555715cd30
cnode4-012:3987733:3987733 [6] NCCL INFO Send: opCount 2e sendbuff (nil) recvbuff 0xd3a000000 count 4194304 datatype 8 op 0 root 0 comm 0x55555ab51600 [nranks=14] stream 0x55555715cd30
cnode4-012:3987733:3987733 [6] NCCL INFO Recv: opCount 2e sendbuff (nil) recvbuff 0xd3a000000 count 4194304 datatype 8 op 0 root 12 comm 0x55555ab51600 [nranks=14] stream 0x55555715cd30
cnode4-012:3987733:3987733 [6] NCCL INFO Send: opCount 2f sendbuff (nil) recvbuff 0xd3c000000 count 4194304 datatype 8 op 0 root 0 comm 0x55555ab51600 [nranks=14] stream 0x55555715cd30
cnode4-012:3987733:3987733 [6] NCCL INFO Recv: opCount 2f sendbuff (nil) recvbuff 0xd3c000000 count 4194304 datatype 8 op 0 root 12 comm 0x55555ab51600 [nranks=14] stream 0x55555715cd30
cnode4-012:3987733:3987733 [6] NCCL INFO Send: opCount 30 sendbuff (nil) recvbuff 0xd3e000000 count 4194304 datatype 8 op 0 root 0 comm 0x55555ab51600 [nranks=14] stream 0x55555715cd30
cnode4-012:3987733:3987733 [6] NCCL INFO Recv: opCount 30 sendbuff (nil) recvbuff 0xd3e000000 count 4194304 datatype 8 op 0 root 12 comm 0x55555ab51600 [nranks=14] stream 0x55555715cd30
cnode4-012:3987733:3987733 [6] NCCL INFO Send: opCount 31 sendbuff (nil) recvbuff 0xd40000000 count 4194304 datatype 8 op 0 root 0 comm 0x55555ab51600 [nranks=14] stream 0x55555715cd30
cnode4-012:3987733:3987733 [6] NCCL INFO Recv: opCount 31 sendbuff (nil) recvbuff 0xd40000000 count 4194304 datatype 8 op 0 root 12 comm 0x55555ab51600 [nranks=14] stream 0x55555715cd30
cnode4-012:3987733:3987733 [6] NCCL INFO Send: opCount 32 sendbuff (nil) recvbuff 0xd42000000 count 4194304 datatype 8 op 0 root 0 comm 0x55555ab51600 [nranks=14] stream 0x55555715cd30
cnode4-012:3987733:3987733 [6] NCCL INFO Recv: opCount 32 sendbuff (nil) recvbuff 0xd42000000 count 4194304 datatype 8 op 0 root 12 comm 0x55555ab51600 [nranks=14] stream 0x55555715cd30
cnode4-012:3987733:3987733 [6] NCCL INFO Send: opCount 33 sendbuff (nil) recvbuff 0xd44000000 count 4194304 datatype 8 op 0 root 0 comm 0x55555ab51600 [nranks=14] stream 0x55555715cd30
cnode4-012:3987733:3987733 [6] NCCL INFO Recv: opCount 33 sendbuff (nil) recvbuff 0xd44000000 count 4194304 datatype 8 op 0 root 12 comm 0x55555ab51600 [nranks=14] stream 0x55555715cd30
cnode4-012:3987733:3987733 [6] NCCL INFO Send: opCount 34 sendbuff (nil) recvbuff 0xd46000000 count 4194304 datatype 8 op 0 root 0 comm 0x55555ab51600 [nranks=14] stream 0x55555715cd30
cnode4-012:3987733:3987733 [6] NCCL INFO Recv: opCount 34 sendbuff (nil) recvbuff 0xd46000000 count 4194304 datatype 8 op 0 root 12 comm 0x55555ab51600 [nranks=14] stream 0x55555715cd30
cnode4-012:3987733:3987733 [6] NCCL INFO Send: opCount 35 sendbuff (nil) recvbuff 0xd20000000cnode4-006:3880059:3880059 [6] NCCL INFO Send: opCount 35 sendbuff (nil) recvbuff 0xd20000000 count 4194304 datatype 8 op 0 root 7 comm 0x55555b6ad730 [nranks=14] stream 0x55555715cd30
cnode4-006:3880059:3880059 [6] NCCL INFO Recv: opCount 35 sendbuff (nil) recvbuff 0xd20000000cnode4-012:3987733:3987733 [6] NCCL INFO Send: opCount 36 sendbuff (nil) recvbuff 0x920000000 count 8388608 datatype 8 op 0 root 0 comm 0x55555ab51600 [nranks=14] stream 0x55555715cd30
cnode4-012:3987733:3987733 [6] NCCL INFO Recv: opCount 36 sendbuff (nil) recvbuff 0xd20000000 count 8388608 datatype 8 op 0 root 12 comm 0x55555ab51600 [nranks=14] stream 0x55555715cd30
cnode4-012:3987733:3987733 [6] NCCL INFO Send: opCount 37 sendbuff (nil) recvbuff 0x920000000 count 8388608 datatype 8 op 0 root 0 comm 0x55555ab51600 [nranks=14] stream 0x55555715cd30
cnode4-012:3987733:3987733 [6] NCCL INFO Recv: opCount 37 sendbuff (nil) recvbuff 0xd20000000 count 8388608 datatype 8 op 0 root 12 comm 0x55555ab51600 [nranks=14] stream 0x55555715cd30
cnode4-012:3987733:3987733 [6] NCCL INFO Send: opCount 38 sendbuff (nil) recvbuff 0x924000000 count 8388608 datatype 8 op 0 root 0 comm 0x55555ab51600 [nranks=14] stream 0x55555715cd30
cnode4-012:3987733:3987733 [6] NCCL INFO Recv: opCount 38 sendbuff (nil) recvbuff 0xd24000000 count 8388608 datatype 8 op 0 root 12 comm 0x55555ab51600 [nranks=14] stream 0x55555715cd30
cnode4-012:3987733:3987733 [6] NCCL INFO Send: opCount 39 sendbuff (nil) recvbuff 0x928000000 count 8388608 datatype 8 op 0 root 0 comm 0x55555ab51600 [nranks=14] stream 0x55555715cd30
cnode4-012:3987733:3987733 [6] NCCL INFO Recv: opCount 39 sendbuff (nil) recvbuff 0xd28000000 count 8388608 datatype 8 op 0 root 12 comm 0x55555ab51600 [nranks=14] stream 0x55555715cd30
cnode4-012:3987733:3987733 [6] NCCL INFO Send: opCount 3a sendbuff (nil) recvbuff 0x92c000000 count 8388608 datatype 8 op 0 root 0 comm 0x55555ab51600 [nranks=14] stream 0x55555715cd30
cnode4-012:3987733:3987733 [6] NCCL INFO Recv: opCount 3a sendbuff (nil) recvbuff 0xd2c000000 count 8388608 datatype 8 op 0 root 12 comm 0x55555ab51600 [nranks=14] stream 0x55555715cd30
cnode4-01cnode4-006:3880054:3880054 [1] NCCL INFO Send: opCount 0 sendbuff (nil) recvbuff 0x920000000 count 8388608 datatype 8 op 0 root 2 comm 0x55555b670a90 [nranks=14] stream 0x55555715cd30
cnode4-006:3880054:3880054 [1] NCCL INFO Recv: opCount 0 sendbuff (nil) recvbuff 0xd20000000 count 8388608 datatype 8 op 0cnode4-006:3880055:3880055 [2] NCCL INFO Send: opCount 0 sendbuff (nil) recvbuff 0x920000000 count 8388608 datatype 8 op 0 root 3 comm 0x55555b54f1f0 [nranks=14] stream 0x55555715cd30
cnode4-006:3880055:3880055 [2] NCCL INFO Recv: opCount 0 sendbuff (nil) recvbuff 0xd20000000 count 8388608 datatype 8 op 0 root 1 comm 0x55555b54f1f0 [nranks=14] stream 0x55555715cd30
cnode4-006:3880055:3880055 [2] NCCL INFO Send: opCount 0 sendbuff (nil) recvbuff 0x924000000 count 8388608 datatype 8 op 0 root 3 comm 0x55555b54f1f0 [nranks=14] stream 0x55555715cd30
cnode4-006:3880055:3880055 [2] NCCL INFO Recv: opCount 0 sendbuff (nil) recvbuff 0xd24000000 count 8388608 datatype 8 op 0 root 1 comm 0x55555b54f1f0 [nranks=14] stream 0x55555715cd30
cnode4-006:3880055:3880055 [2] NCCL INFO Send: opCount 0 sendbuff (nil) recvbuff 0x928000000 count 8388608 datatype 8 op 0 root 3 comm 0x55555b54fcnode4-006:3880059:3880059 [6] NCCL INFO Send: opCount 3e sendbuff (nil) recvbuff 0x93c000000 count 8388608 datatype 8 op 0 root 7 comm 0x55555b6ad730 [nranks=14] stream 0x55555715cd30
cnode4-006:3880059:3880059 [6] NCCL INFO Recv: opCount 3e sendbuff (nil) recvbuff 0xd3c000000 count 8388608 datatype 8 op 0 root 5 comm 0x55555b6ad730 [nranks=14] stream 0x55555715cd30
cnode4-006:3880059:3880059 [6] NCCL INFO Send: opCount 3f sendbuff (nil) recvbuff 0x940000000 count 8388608 datatype 8 op 0 root 7 comm 0x55555b6ad730 [nranks=14] stream 0x55555715cd30
cnode4-006:3880059:3880059 [6] NCCL INFO Recv: opCount 3f sendbuff (nil) recvbuff 0xd40000000 count 8388608 datatype 8 op 0 root 5 comm 0x55555b6ad730 [nranks=14] stream 0x55555715cd30
cnode4-006:3880059:3880059 [6] NCCL INFO Send: opCount 40 sendbuff (nil) recvbuff 0x944000000 count 8388608 datatype 8 op 0 root 7 comm 0x55555b6ad730 [nranks=14] stream 0x55555715cd30
cnode4-006:3880059:3880059 [6] NCCL INFO Recv: opCount 40 sendbuff (nil) recvbuff 0xd44000000 count 8388608 datatype 8 op 0 root 5 comm 0x55555b6ad730 [nranks=14] stream 0x55555715cd30
cnode4-006:3880059:3880059 [6] NCCL INFO Send: opCount 41 sendbuff (nil) recvbuff 0x948000000 count 8388608 datatype 8 op 0 root 7 comm 0x55555b6ad730 [nranks=14] stream 0x55555715cd30
cnode4-006:3880059:3880059 [6] cnode4-006:3880055:3880055 [2] NCCL INFO Send: opCount 0 sendbuff (nil) recvbuff 0x938000000 count 8388608 datatype 8 op 0 root 3 comm 0x55555b54f1f0 [nracnode4-006:3880059:3880059 [6] NCCL INFO Send: opCount 42 sendbuff (nil) recvbuff 0x94c000000 count 8388608 datatype 8 op 0 root 7 comm 0x55555b6ad730 [nranks=14] stream 0x55555715cd30
cnode4-006:3880059:3880059 [6] NCCL INFO Recv: opCount 42 sendbuff (nil) recvbuff 0xd4c000000 count 8388608 datatype 8 op 0 root 5 comm 0x55555b6ad730 [nranks=14] stream 0x55555715cd30
cnode4-006:3880059:3880059 [6] NCCL INFO Send: opCount 43 sendbuff (nil) recvbuff 0x950000000 count 8388608 datatype 8 op 0 root 7 comm 0x55555b6ad730 [nranks=14] stream 0x55555715cd30
cnode4-006:3880059:3880059 [6] NCCL INFO Recv: opCount 43 sendbuff (nil) recvbuff 0xd50000000 count 8388608 datatype 8 op 0 root 5 comm 0x55555b6ad730 [nranks=14] stream 0x55555715cd30
cnode4-006:3880059:3880059 [6] NCCL INFO Send: opCount 44 sendbuff (nil) recvbuff 0x954000000 count 8388608 datatype 8 op 0 root 7 comm 0x55555b6ad730 [nranks=14] stream 0x55555715cd30
cnode4-006:3880059:3880059 [6] NCCL INFO Recv: opCount 44 sendbuff (nil) recvbuff 0xd54000000 count 8388608 datatype 8 op 0 root 5 comm 0x55555b6ad730 [nranks=14] stream 0x55555715cd30
cnode4-006:3880059:3880059 [6] NCCL INFO Send: opCount 45 sendbuff (nil) recvbuff 0x958000000 count 8388608 datatype 8 op 0 root 7 comm 0x55555b6ad730 [nranks=14] stream 0x55555715cd30
cnode4-006:3880059:3880059 [6] NCCL INFO Recv: opCount 45 sendbuff (nil) recvbuff 0xd58000000 count 8388608 datatype 8 op 0 root 5 comm 0x55555b6ad730 [nranks=14] stream 0x55555715cd30
cnode4-006:3880059:3880059 [6] NCCL INFO Send: opCount 46 sendbuff (nil) recvbuff 0x95c000000 count 8388608 datatype 8 op 0 root 7 comm 0x55555b6ad730 [nranks=14] stream 0x55555715cd30
cnode4-006:3880059:3880059 [6] NCCL INFO Recv: opCount 46 sendbuff (nil) recvbuff 0xd5c000000 count 8388608 datatype 8 op 0 root 5 comm 0x55555b6ad730 [nranks=14] stream 0x55555715cd30
cnode4-006:3880059:3880059 [6] NCCL INFO Send: opCount 47 sendbuff (nil) recvbuff 0x960000000 count 8388608 datatype 8 op 0 root 7 comm 0x55555b6ad730 [nranks=14] stream 0x55555715cd30
cnode4-006:3880059:3880059 [6] NCCL INFO Recv: opCount 47 sendbuff (nil) recvbuff 0xd60000000 count 8388608 datatype 8 op 0 root 5 comm 0x55555b6ad730 [nranks=14] stream 0x55555715cd30
cnode4-006:3880059:3880059 [6] NCCL INFO Send: opCount 48 sendbuff (nil) recvbuff 0x964000000 count 8388608 datatype 8 op 0 root 7 comm 0x55555b6ad730 [nranks=14] stream 0x55555715cd30
cnode4-006:3880059:3880059 [6] NCCL INFO Recv: opCount 48 sendbuff (nil) recvbuff 0xd64000000 count 8388608 datatype 8 op 0 root 5 comm 0x55555b6ad730 [nranks=14] stream 0x55555715cd30
cnode4-006:3880059:3880059 [6] NCCL INFO Send: opCount 49 sendbuff (nil) recvbuff 0x968000000 count 8388608 datatype 8 op 0 root 7 comm 0x55555b6ad730 [nranks=14] stream 0x55555715cd30
cnode4-006:3880059:3880059 [6] NCCL INFO Recv: opCount 49 sendbuff (nil) recvbuff 0xd68000000 count 8388608 datatcnode4-012:3987733:3987733 [6] NCCL INFO Send: opCount 4a sendbuff (nil) recvbuff 0x96c000000 count 8388608 datatype 8 op 0 root 0 comm 0x55555ab51600 [nranks=14] stream 0x55555715cd30
cnode4-012:3987733:3987733 [6] NCCL INFO Recv: opCount 4a sendbuff (nil) recvbuff 0xd6c000000 count 8388608 datatype 8 op 0 root 12 comm 0x55555ab51600 [nranks=14] stream 0x55555715cd30
cnode4-012:3987733:3987733 [6] NCCL INFO Send: opCount 4b sendbuff (nil) recvbuff 0x920000000 count 8388608 datatype 8 op 0 root 0 comm 0x55555ab51600 [nranks=14] stream 0x55555715cd30
cnode4-012:3987733:3987733 [6] NCCL INFO Recv: opCount 4b sendbuff (nil) recvbuff 0xd20000000 count 8388608 datatype 8 op 0 root 12 comm 0x55555ab51600 [nranks=14] stream 0x55555715cd30
cnode4-012:3987733:3987733 [6] NCCL INFO Send: opCount 4c sendbuff (nicnode4-006:3880059:3880059 [6] NCCL INFO Send: opCount 4c sendbuff (nil) recvbuff 0xd20000000 count 8388608 datatype 8 op 0 root 7 comm 0x55555b6ad730 [nranks=14] stream 0x55555715cd30
cnode4-006:3880059:3880059 [6] NCCL INFO Recv: opCount 4c sendbuff (nil) recvbuff 0xd20000000 count 8388608 datatypecnode4-012:3987733:3987733 [6] NCCL INFO Send: opCount 4d sendbuff (nil) recvbuff 0xd20000000 count 8388608 datatype 8 op 0 root 0 comm 0x55555ab51600 [nranks=14] stream 0x55555715cd30
cnode4-012:3987733:3987733 [6] NCCL INFO Recv: opCount 4d sendbuff (nil) recvbuff 0xd20000000 count 8388608 datatype 8 op 0 root 12 comm 0x55555ab51600 [nranks=14] stream 0x55555715cd30
cnode4-012:3987733:3987733 [6] NCCL INFO Send: opCount 4e sendbuff (nil) recvbuff 0xd24000000 count 8388608 datatype 8 op 0 root 0 comm 0x55555ab51600 [nranks=14] stream 0x55555715cd30
cnode4-012:3987733:3987733 [6] NCCL INFO Recv: opCount 4e sendbuff (nil) recvbuff 0xd24000000 count 8388608 datatype 8 op 0 root 12 comm 0x55555ab51600 [nranks=14] stream 0x55555715cd30
cnode4-012:3987733:3987733 [6] NCCL INFO Send: opCount 4f sendbuff (nil) recvbuff 0xd28000000 count 8388608 datatype 8 op 0 root 0 comm 0x55555ab51600 [nranks=14] stream 0x55555715cd30
cnode4-012:3987733:3987733 [6] NCCL INFO Recv: opCount 4f sendbuff (nil) recvbuff 0xd28000000 count 8388608 datatype 8 op 0 root 12 comm cnode4-012:3987728:3987728 [1] NCCL INFO Send: opCount 0 sendbuff (nil) recvbuff 0xd20000000 count 8388608 datatype 8 op 0 root 9 comm 0x55555b6ba210 [nranks=14] stream 0x55555715cd30
cnode4-012:3987728:3987728 [1] NCCL INFO Recv: opCount 0 sendbuff (nil) recvbuff 0xd20000000 count 8388608 datatype 8 op 0 root 7 comm 0x55555b6ba210 [nranks=14] stream 0x55555715cd30
cnode4-012:3987728:3987728 [1] NCCL INFO Send: opCount 0 sendbuff (ncnode4-012:3987729:3987729 [2] NCCL INFO Send: opCount 0 sendbuff (nil) recvbuff 0xd20000000 count 8388608 datatype 8 op 0 root 10 comm 0x55555b4305a0 [nranks=14] stream 0x55555715cd30
cnode4-012:3987729:3987729 [2] NCCL INFO Recv: opCount 0 sendbuff (nilcnode4-012:3987732:3987732 [5] NCCL INFO Send: opCount 0 sendbuff (nil) recvbuff 0xd20000000 count 8cnode4-012:3987733:3987733 [6] NCCL INFO Send: opCount 52 sendbuff (nil) recvbuff 0xd34000000 count 8388608 datatype 8 op 0 root 0 comm 0x55555ab51600 [nranks=14] stream 0x55555715cd30
cnode4-012:3987733:3987733 [6] NCCL INFO Recv: opCount 52 sendbuff (nil) recvbuff 0xd34000000 count 8388608 datatype 8 op 0 root 12 comm 0x55555ab51600 [nranks=14] stream 0x55555715cd30
cnode4-012:3987733:3987733 [6] NCCL INFO Send: opCount 53 sendbuff (nil) recvbuff 0xd38000000 count 8388608 datatype 8 op 0 root 0 comm 0x55555ab51600 [nranks=14] stream 0x55555715cd30
cnode4-012:3987733:3987733 [6] NCCL INFO Recv: opCount 53 sendbuff (nil) recvbuff 0xd38000000 count 8388608 datatype 8 op 0 root 12 comm 0x55555ab51600 [nranks=14] stream 0x55555715cd30
cnode4-012:3987733:3987733 [6] NCCL INFO Send: opCount 54 sendbuff (nil) recvbuff 0cnode4-012:3987732:3987732 [5] NCCL INFO Recv: opCount 0 sendbuff (nil) recvbuff 0xd28000000 count 8388608 datatype 8 op 0 root 11 comm 0x55555b433890 [nranks=14] stream 0x55555715cd30
cnode4-012:3987732:3987732 [5] NCCL INFO Send: opCount 0 sendbuff (nil) recvbuff 0xd2c000000 count 8388608 datatype 8 op 0 root 13 comm 0x55555b433890 [nranks=14] stream 0x55555715cd30
cnode4-012:3987732:3987732 [5] NCCL INFO Recv: opCount 0 sendbuff (nil) recvbuff 0xd2c000000 count 8388608 datatype 8 op 0 root 11 comm 0x55555b433890 [nranks=14] stream 0x55555715cd30
cnode4-012:3987732:3987732 [5] NCCL INFO Send: opCount 0 sendbuff (nil) recvbuff 0xd30000000 count 8388608 datatype 8 op 0 root 13 comm 0x55555b433890 [nranks=14] stream 0x55555715cd30
cnode4-012:3987732:3987732 [5] NCCL INFO Recv: opCount 0 sendbuff (nil) recvbuff 0xd30000000 count 8388608 datatype 8 op 0 root 11 comm 0x55555b433890 [nranks=14] stream 0x55555715cd30
cnode4-012:3987732:3987732 [5] NCCL INFO Send: opCount 0 sendbuff (nil) recvbuff 0xd34000000 count 8388608 datatype 8 op 0 root 13 comm 0x55555b433890 [nranks=14] stream 0x55555715cd30
cnode4-012:3987732:3987732 [5] NCCL INFO Recv: opCount 0 sendbuff (nil) recvbuff 0xd34000000 count 8388608 datatype 8 op 0 root 11 comm 0x55555b433890 [nranks=14] stream 0x55555715cd30
cnode4-012:3987732:3987732 [5] NCCL INFO Send: opCount 0 sendbuff (nil) recvbuff 0xd38000000 count 8388608cnode4-012:3987733:3987733 [6] NCCL INFO Send: opCount 58 sendbuff (nil) recvbucnode4-012:3987732:3987732 [5] NCCL INFO Recv: opCount 0 sendbuff (nil) recvbuff 0xd38000000 count 8388608 datatype 8 op 0 root 11 comm 0x55555b433890 [nranks=14] stream 0x55555715cd30
cnode4-012:3987732:3987732 [5] NCCL INFO Send: opCount 0 sendbuff (nil) recvbuff 0xd3c000000 count 8388608 datatype 8 op 0 root 13 comm 0x55555b433890 [nranks=14] stream 0x55555715cd30
cnode4-012:3987732:3987732 [5] NCCL INFO Recv: opCount 0 sendbuff (nil) recvbuff 0xd3c000000 count 8388608 datatype 8 op 0 root 11 comm 0x55555b433890 [nranks=14] stream 0x55555715cd30
cnode4-012:3987732:3987732 [5] NCCL INFO Send: opCount 0 sendbuff (nil) recvbuff 0xd40000000 count 8388608 datatype 8 op 0 root 13 comm 0x55555b433890 [nranks=14] stream 0x55555715cd30
cnode4-012:3987732:3987732 [5] NCCL INFO Recv: opCount 0 sendbuff (nil) recvbuff 0xd40000000 count 8388608 datatype 8 op 0 root 11 comm 0x55555b433890 [nranks=14] stream 0x55555715cd30
cnode4-012:3987732:3987732 [5] NCCL INFO Send: opCount 0 sendbuff (nil) recvbuff 0xd44000000 count 8388608 datatype 8 op 0 root 13 comm 0x55555b433890 [nranks=14] stream 0x55555715cd30
cnode4-012:3987732:3987732 [5] NCCL INFO Recv: opCount 0 sendbuff (nil) recvbuff 0xd44000000 count 8388608 datatype 8 op 0 root 11 comm 0x55555b433890 [nranks=14] stream 0x55555715cd30
cnode4-012:3987732:3987732 [5] NCCL INFO Send: opCount 0 sendbuff (nil) recvbuff 0xd48000000 count 8388608 datatype 8 op 0 root 13 comm 0x55555b433890 [nranks=14] stream 0x55555715cd30
cnode4-012:3987732:3987732 [5] NCCL INFO Recv: opCount 0 sendbuff (nil) recvbuff 0xd48000000 count 8388608 datatype 8 op 0 root 11 comm 0x55555b433890 [nranks=14] stream 0x55555715cd30
cnode4-012:3987732:3987732 [5] NCCL INFO Send: opCount 0 sendbuff (nil) recvbuff 0xd4c000000 count 8388608 datatype 8 op 0 root 13 comm 0x55555b433890 [nranks=14] stream 0x55555715cd30
cnode4-012:3987732:3987732 [5] NCCL INFO Recv: opCount 0 sendbuff (nil) recvbuff 0xd4c000000 count 8388608 datatype 8 op 0 root 11 comm 0x55555b433890 [nranks=14] stream 0x55555715cd30
cnode4-012:3987732:3987732 [5] NCCL INFO Send: opCount 0 sendbuff (nil) recvbuff 0xd50000000 count 8388608 datatype 8 op 0 root 13 comm 0x55555b433890 [nranks=14] stream 0x55555715cd30
cnode4-012:3987732:3987732 [5] NCCL INFO Recv: opCount 0 sendbuff (nil) recvbuff 0xd50000000 count 8388608 datatype 8 op 0 root 11 comm 0x55555b433890 [nranks=14] stream 0x55555715cd30
cnode4-012:3987732:3987732 [5] NCCL INFO Send: opCount 0 sendbuff (nil) recvbuff 0xd54000000 count 8388608 datatype 8 op 0 root 13 comm 0x55555b433890 [nranks=14] stream 0x55555715cd30
cnode4-012:3987732:3987732 [5] NCCL INFO Recv: opCount 0 sendbuff (nil) recvbuff 0xd54000000 count 8388608 datatype 8 op 0 root 11 comm 0x55555b433890 [nranks=14] stream 0x55555715cd30
cnode4-012:3987732:3987732 [5] NCCL INFO Send: opCount 0 sendbuff (nil) recvbuff 0xd58000000 count 8388608 datatype 8 op 0 root 13 comm 0x55555b433890 [nranks=14] stream 0x55555715cd30
cnode4-012:3987732:3987732 [5] NCCL INFO Recv: opCount 0 sendbuff (nil) recvbuff 0xd58000000 count 8388608 datatype 8 op 0 root 11 comm 0x55555b433890 [nranks=14] stream 0x55555715cd30
cnode4-012:3987732:3987732 [5] NCCL INFO Send: opCount 0 sendbuff (nil) recvbuff 0xd5c000000 count 8388608 datatypecnode4-012:3987733:3987733 [6] NCCL INFO Send: opcnode4-006:3880059:3880059 [6] NCCL INFO Send: opCount 61 sendbuff (nil) recvbuff 0xd20000000 count 8388608 datatype 8 op 0 root 7 comm 0x55555b6ad730 [nranks=14] stream 0x55555715cd30
cnode4-006:3880059:3880059 [6] NCCL INFO Recv: opCount 61 sendbuff (nil) recvbuff 0xd20000000 count 8388608 datatype 8 op 0 root 5 comm 0cnode4-012:3987733:3987733 [6] NCCL INFO Send: opCount 62 sendbuff (nil) recvbuff 0x920000000 count 16777216 datatype 8 op 0 root 0 comm 0x55555ab51600 [nranks=14] stream 0x55555715cd30
cnode4-012:3987733:3987733 [6] NCCL INFO Recv: opCount 62 sendbuff (nil) recvbuff 0xd20000000 count 16777216 datatype 8 op 0 root 12 comm 0x55555ab51600 [nranks=14] stream 0x55555715cd30
cnode4-012:3987733:3987733 [6] NCCL INFO Send: opCount 63 sendbuff (nil) recvbuff 0x920000000 count 16777216 datatype 8 op 0 root 0 comm 0x55555ab51600 [nranks=14] stream 0x55555715cd30
cnode4-012:3987733:3987733 [6] NCCL INFO Recv: opCount 63 sendbuff (nil) recvbuff 0xd20000000 count 16777216 datatype 8 op 0 root 12 comm 0x55555ab51600 [nranks=14] stream 0x55555715cd30
cnode4-012:3987733:3987733 [6] NCCL INFO Send: opCount 64 sendbuff (nil) recvbuff 0x928000000 count 16777216 datatype 8 op 0 root 0 comm 0x55555ab51600 [nranks=14] stream 0x55555715cd30
cnode4-012:3987733:3987733 [6] NCCL INFO Recv: opCount 64 sendbuff (nil) recvbuff 0xd28000000 count 16777216 datatype 8 op 0 root 12 comm 0x55555ab51600 [nranks=14] stream 0x55555715cd30
cnode4-012:3987733:3987733 [6] NCCL INFO Send: opCount 65 sendbuff (nil) recvbuff 0x930000000 count 16777216 datatype 8 op 0 root 0 comm 0x55555ab51600 [nranks=14] stream 0x55555715cd30
cnode4-012:3987733:3987733 [6] NCCL INFO Recv: opCount 65 sendbuff (nil) recvbuff 0xd30000000 count 16777216 datatype 8 op 0 root 12 comm 0x55555ab51600 [nranks=14] stream 0x55555715cd30
cnode4-012:3987733:3987733 [6] NCCL INFO Send: opCount 66 sendbuff (nil) recvbuff 0x938000000 count 16777216 datatype 8 op 0 root 0 comm 0x55555ab51600 [nranks=14] stream 0x55555715cd30
cnode4-012:3987733:3987733 [6] NCCL INFO Recv: opCount 6cnode4-006:3880054:3880054 [1] NCCL INFO Send: opCount 0 sendbuff (nil) recvbuff 0x920000000 count 16777216 datatype 8 op 0 root 2 comm 0x55555b670a90 [nranks=14] stream 0x55555715cd30
cnode4-006:3880054:3880054 [1] NCCL INFO Recv: opCount 0 sendbuff (nil) recvbuff 0xd20000000 count 16777216 datatype 8 op 0 root 0 comm 0x55555b670a90 [nranks=14] stream 0x55555715cd30
