cnode4-007:2118238:2118238 [4] NCCL INFO channel.cc:42 Cuda Alloc Size 8512 pointer 0x1552b8200000ccnode4-007:2118238:2118238 [4] NCCL INFO channel.cc:45 Cuda Alloc Size 176 pointer 0x1552b8400000ccnode4-007:2118238:2118238 [4] NCCL INFO channel.cc:56 Cuda Alloc Size 56 pointer 0x1552b8600000ccnode4-007:2118238:2118238 [4] NCCL INFO channel.cc:42 Cuda Alloc Size 8512 pointer 0x1552b8800000ccnode4-007:2118238:2118238 [4] NCCL INFO channel.cc:45 Cuda Alloc Size 176 pointer 0x1552b8a00000ccnode4-007:2118238:2118238 [4] NCCL INFO channel.cc:56 Cuda Alloc Size 56 pointer 0x1552b8c00000ccnode4-007:2118238:2118238 [4] NCCL INFO channel.cc:93 Cuda Alloc Size 4256 pointer 0x1552b8e00000ccnode4-007:2118238:2118238 [4] NCCL INFO channel.cc:93 Cuda Alloc Size 4256 pointer 0x1552b9000000ccnode4-007:2118238:2118238 [4] NCCL INFO channel.cc:93 Cuda Alloc Size 4256 pointer 0x1552b9200000ccnode4-007:2118238:2118238 [4] NCCL INFO channel.cc:93 Cuda Alloc Size 4256 pointer 0x1552b9400000ccnode4-007:2118238:2118238 [4] NCCL INFO channel.cc:93 Cuda Alloc Size 4256 pointer 0x1552b9600000ccnode4-007:2118238:2118238 [4] NCCL INFO channel.cc:93 Cuda Alloc Size 4256 pointer 0x1552b9800000ccnode4-007:2118238:2118238 [4] NCCL INFO channel.cc:93 Cuda Alloc Size 4256 pointer 0x1552b9a00000ccnode4-007:2118238:2118238 [4] NCCL INFO channel.cc:93 Cuda Alloc Size 4256 pointer 0x1552b9c00000ccnode4-007:2118238:2118238 [4] NCCL INFO channel.cc:93 Cuda Alloc Size 4256 pointer 0x1552b9e00000ccnode4-007:2118238:2118238 [4] NCCL INFO channel.cc:93 Cuda Alloc Size 4256 pointer 0x1552ba000000ccnode4-007:2118238:2118238 [4] NCCL INFO channel.cc:93 Cuda Alloc Size 4256 pointer 0x1552ba200000ccnode4-007:2118238:2118238 [4] NCCL INFO channel.cc:93 Cuda Alloc Size 4256 pointer 0x1552ba400000ccnode4-007:2118238:2118238 [4] NCCL INFO channel.cc:93 Cuda Alloc Size 4256 pointer 0x1552ba600000ccnode4-007:2118238:2118238 [4] NCCL INFO channel.cc:93 Cuda Alloc Size 4256 pointer 0x1552ba800000ccnode4-007:2118238:2118238 [4] NCCL INFO channel.cc:93 Cuda Alloc Size 4256 pointer 0x1552baa00000ccnode4-007:2118238:2118238 [4] NCCL INFO channel.cc:93 Cuda Alloc Size 4256 pointer 0x1552bac00000
cnode4-007:2118238:2118238 [4] NCCL INFO NVLS importing shareableHandle 0x7fffffff9410 from rank 0ccnode4-007:2118238:2118238 [4] NCCL INFO ncclPollProxyResponse Received new opId=0x555563101200
cnode4-007:2118238:2118238 [4] NCCL INFO resp.opId=0x555563101200 matches expected opId=0x555563101200
cnode4-007:2118238:2118238 [4] NCCL INFO Connected to proxy localRank 0 -> connection 0x15526c000f78
cnode4-007:2118238:2118238 [4] NCCL INFO ProxyCall UDS comm 0x55555b4b2110 rank 4 tpRank 0(87a0ab414afeb00b) reqSize 8 rescnodecnode4-011:2211296:2211296 [2] NCCL INFO NVLS rank 9 (dev 2) alloc done, ucptr 0x1552b8e00000 ucgran 2097152 mcptr 0x1552b9000000 mcgran 2097152 ucsize 2097152 mcsize 2097152 (inputsize 14cnodecnode4-011:2211296:2211296 [2] NCCL INFO TUNER/Plugin: Could not find: libnccl-tuner.so. Using internal tuner plugin.
cnode4-cnode4-007:2118235:2118235 [1] NCCL INFO NVLS rank 1 (dev 1) alloc done, ucptr 0x1552bae00000 ucgran 2097152 mcptr 0x1552bb000000 mcgran 2097152 ucsize 2097152 mcsize 2097152 (inputsize 14336)
cnodecnode4-007:cnode4-007:2118240:2118240 [6] NCCL INFO TUNER/Plugin: Could not find: libnccl-tuner.so. Using internal tuner plugin.
cnode4-007:2118240:2118240 [6] NCCL INFO threadThresholds 8/8/64 | 112/8/64 | 512 | 512
cnode4-007:2118240:2118240 [6] NCCL INFO 28 coll channels, 28 collnet channels, 16 nvls channels, 32 p2p channels, 2 p2p channels per peer
cnode4-007:2118240:2118240 [6] NCCL INFO init.cc:492 Cuda Alloc Size 23648 pointer 0x1552bb200000
cnode4-007:2118240:2118240 [6] NCCL INFO init.cc:494 Cuda Alloc Size 56 pointer 0x1552bb400000
cnode4-007:2118240:2118240 [6] NCCL INFO init.cc:536 Cuda Host Alloc Size 1048576 pointer 0x1552c7e00200
cnode4-007:2118240:2118240 [6] NCCL INFO init.cc:546 Cuda Host Alloc Size 65536 pointer 0x1552c7f00200
cnode4-007:2118240:2118240 [6] NCCL INFO init.cc:547 Cuda Host Alloc Size 65536 pointercnode4-007:2118235:21cnode4-007:2118239:2118239 [5] NCCL INFO ncclCommInicnode4-011:2211295:2211295 [1] NCCL INFO Send: opCount 0 sendbuff (nil) recvbuff 0x920000000 count 4194304 datatype 8 op 0 rcnode4-011:2211299:2211299 [5] NCCL INFO Send: opCount 0 sendbuff (nil) recvbuff 0x920000000 count 4194304 datatype 8 op 0 root 13 comm 0x55555b5dc110 [nranks=14] stream 0x55555715cd30
cnode4-011:2211299:2211299 [5] NCCL INFO misc/utils.cc:234 memory stack hunk malloc(65536)
cnode4-011:2211299:2211299 [5] NCCL INFO Recv: opCount 0 secnode4-011:2211295:2211834 [1] NCCL INFO Mem Realloc old size 0, new size 8 pointer 0x15526c000d00
cnode4-011:2211295:2211834 cnode4-011:2211299:2211836 [5] NCCL INFO Mem Realloc old size 0, new size 8 pointer 0x15526c000d00
cnode4-011:2211299:2211836 [5] NCCL INFO New proxy recv connection 0 from local rank 5, transport 0
cnode4-011:2211299:2211836 [5] NCCL INFO proxyProgressAsync opId=0x55556322b290 op.type=1 op.reqBuff=0x15526c000cc0 op.respSize=16 done
cnode4-011:2211299:2211299 [5] NCCL INFO ncclPollProxyResponse Received new opId=0x55556322b290
cnode4-011:2211299:2211836 [5] NCCL INFO Received and initiated operation=Init res=0
cnode4-011:2211299:2211299 [5] NCCL INFO resp.opId=0x55556322b290 matches expecnode4-011:2211295:2211834 [1] NCCL INFO Allocated shareable buffer 0x1552bb600000 size 10485760 ipcDesc 0x15526c0049a0
cnode4cnode4-011:2211299:2211836 [5] NCCL INFO Allocated shareable buffer 0x1552bb600000 size 10485760 ipcDesc 0x15526c0049a0
cnode4-011:2211299:2211836 [5] NCCL INFO proxyProgressAsync opId=0x55556322b290 op.type=3 op.reqBuff=0x15526c004970 op.respSize=88 done
cnode4-011:2211299:2211299 [5] NCCL INFO ncclPollProxyResponse Received new opId=0x55556322b290
cnode4-011:2211299:2211836 [5] NCCL INFO Received and initiated operation=Setup res=0
cnode4-011:2211299:2211299 [5] NCCL INFO resp.opId=0x55556322b290 matches expected opId=0x55556322b290
cnode4-011:2211299:2211836 [5] NCCL INFO New proxy recv connection 1 from local rank 5, transport 0
cnode4-011:2211299:2211836 cnode4-007:2118240:2118641 [6] NCCL INFO Received and initiated operation=Setup res=0
cnode4-007:2118240:2118641 [6] NCCL INFO New proxy recv connection 1 from local rank 6, transport 0
cnode4-007:2118240:2118641 [6] NCCL INFO proxyProgressAsync opId=0x555563344810 op.type=1 op.reqBuff=0x15526c0061a0 op.respSize=16 done
cnode4-007:2118240:2118240 [6] NCCL INFO ncclPcnode4-011:2211295:2211834 [1] NCCL INFO Allocated shareable buffer 0x1552bc000000 size 10485760 ipcDesc 0x15526c006250
cnode4cnode4-011:2211299:2211836 [5] NCCL INFO Allocated shareable buffer 0x1552bc000000 size 10485760 ipcDesc 0x15526c006250
cnode4-011:2211299:2211836 [5] NCCL INFO proxyProgressAsync opId=0x55556322b290 op.type=3 op.reqBuff=0x15526c006220 op.respSize=88 done
cnode4-011:2211299:2211299 [5] NCCL INFO ncclPollProxyResponse Received new opId=0x55556322b290
cnode4-011:2211299:2211836 [5] NCCL INFO Received and initiated operation=Setup res=0
cnode4-011:2211299:2211299 [5] NCCL INFO resp.opId=0x55556322b290 mcnode4-011:2211296:2211829 [2] NCCL INFO New proxy send connection 2 from local rank 2, transport 0
cnode4-011:2211296:22cnode4-011:2211299:2211836 [5] NCCL INFO New proxy send connection 2 from local rank 5, transport 0
cnode4-011:2211299:2211836 [5] NCCL INFO proxyProgressAsync opId=0x55556322b290 op.type=1 op.reqBuff=0x15526c007a80 op.respSize=16 done
cnode4-011:2211299:2211299 [5] NCCL INFO ncclPollProcnode4-011:2211300:2211300 [6] NCCL INFO ncclPollProxyResponse Received new opId=0x5555626442b0
cnode4-011:2211300:2211300 [6] NCCL INFO resp.opId=0x5555626442b0 matches expected opId=0x5555626442b0
cnode4-011:2211300:2211300 [6] NCCL INFO Channel 16/1 : 13[6] -> 0[0] [send] via NET/IB/0(7)/GDRDMA/Shared
cnode4-011:2211300:2211300 [6] NCCL INFO GPU Direct RDMA Enabled for GPU 13 / HCA 0 (distance 5 <= 5), read 1 mode Default
cnode4-011:2211300:2211300 [6] NCCL INFO ncclPollProxyResponse Received new opId=0x5555626442b0
cnode4-011:2211300:2211300 [6] NCCL INFO resp.opId=0x5555626442b0 matches expected opId=0x5555626442b0
cnode4-011:2211300:2211300 [6] NCCL INFO Connected to proxy localRank 0 -> connection 0x1552640010e0
cnode4-011:2211300:2211300 [6] NCCL INFO ncclPollProxyResponse Received new opId=0x5555626442b0
cnode4-011:2211300:2211300 [6] NCCL INFO resp.opId=0x5555626442b0 matches expected opId=0x5555626442b0
cnode4-011:2211300:2211300 [6] NCCL INFO Channel 17/1 : 13[6] -> 0[0] [send] via NET/IB/0(7)/GDRDMA/Shared
cnode4-011:2211300:2211826 [6] NCCL INFO New proxy send connection 2 from local rank 5, transport 0
cnode4-011:2211300:2211826 [6] NCCL INFO proxyProgressAsync opId=0x55556322b290 op.type=1 op.reqBuff=0x15526c007a80 op.respSize=16 done
cnode4-011:2211300:2211826 [6] NCCL INFO Received and initiated operation=Init res=0
cnode4-011:2211300:2211300 [6] NCCL INFO ncclPollProxyResponse Received new opId=0x5555626442b0
cnode4-011:2211300:2211300 [6] NCCL INFO resp.opId=0x5555626442b0 matches expected opId=0x5555626442b0
cnode4-011:2211300:2211300 [6] NCCL INFO Connected to proxy localRank 5 -> connection 0x15526c000f78
cnode4-011:2211300:2211300 [6] NCCL INFO ProxyCall UDS comm 0x55555a9f51c0 rank 6 tpRank 12(814694267eef8776) reqSize 8 respSize 0 respFd 0x7fffffff8968 opId 0xd397b1ddd5fa45da
cnode4-011:2211300:2211827 cnode4-007:2118240:2118240 [6] NCCL INFO ncclPollProxyResponse Received new opId=0x555563344810
cnode4-007:2118240:2118240 [6] NCCL INFO resp.opId=0x555563344810 matches expected opId=0x555563344810
cnode4-007:2118240:2118240 [6] NCCL INFO Connected to proxy localRank 5 -> connection 0x15526c000f78
cnode4-007:2118240:2118240 [6] NCCL INFO ProxyCall UDS comm 0x55555b6f56a0 rank 6 tpRank 5(c1cad4ff6f4980cc) reqSize 8 respSize 0 respFd 0x7fffffff8968 opId 0x17b80c3c68236ff8
cnode4-007:2118240:2118240 [6] NCCL INFO ProxyCall UDS comm 0x55555b6f56a0 rank 6 tpRank 5(c1cad4ff6f4980cc) reqSize 8 respSize 0 respFd 298 opId 0x17b80c3c68236ff8 - DONE
cnode4-007:2118240:2118240 [6] NCCL INFO UDS: ClientGetFd handle 0x15526c007b60 tpRank 5 returned fd 298 sameProcess 0
cnode4-007:2118240:2118240 [6] NCCL INFO UDS converted handle 0x15526c007b60 to fd 298 on remote peer 5
cnode4-007:2118240:2118240 [6]cnode4-011:2211300:2211300 [6] NCCL INFO ProxyCall UDS comm 0x55555a9f51c0 rank 6 tpRank 12(814694267eef8776) reqSize 8 respSize 0 respFd 298 opId 0x1034aece8c6c5736 - DONE
cnode4-011:2211300:2211300 [6] NCCL INFO UDS: ClientGetFd handle 0x15526c009370 tcnode4-007:2118240:2118642 [6] NCCL INFO proxyUDSRecvReq::ncclProxyMsgGetFd rank 5 opId 0x60b620c73e74c9e0 handle=0x15526c0062a0
cnode4-007:2118cnode4-011:2211300:2211300 [6] NCCL INFO Imported shareable buffer device 6 size 2097152 ptr 0x1552bccnode4-007:2118240:2118240 [6] NCCL INFO ProxyCall UDS comm 0x55555b6f56a0 rank 6 tpRank 5(c1cad4ff6f4980cc) reqSize 8 respSize 0 respFd 298 opId 0x6645ca722b794b19 - DONE
cnode4-007:2118240:cnode4-011:2211300:2211827 [6] NCCL INFO proxyUDSRecvReq::ncclProxyMsgGetFd rank 5 opId 0xac371dcf6dc11e7c handle=0x15526c0062a0
cnode4-011:2211300:2211827 [6] NCCL INFO UDS proxyGetFd received handle 0x1cnode4-007:2118240:2118240 [6] NCCL INFO cnode4-011:2211300:2211300 [6] NCCL INFO ncclPollProxyResponse Received new opId=0x5555639ce480
cnode4-011:2211300:2211300 [6] NCCL INFO Queuing opId=0x5555639ce480 respBuff=0x555563926640 respSize=1400
cnode4-011:2211300:2211300 [6] NCCL INFO ncclPolcnode4-007:2118240:2118240 [6] NCCL INFO ncclPollProxyResponse Received new opId=0x5555646d0298
cnode4-007:2118240:2118240 [6] NCCL INFO resp.opId=0x5555646d0298 matches expected opId=0x5555646d0298
cnode4-007:2118240:2118240 [6] NCCL INFO sendConnect ncclPollProxyResponse opId=0x5555646d0298
cnode4-007:2118240:2118240 [6] NCCL INFO MMAP imported shareable host buffer /dev/shm/nccl-JFejZi size 8192 ptr 0x1553234d6000
cnode4-007:2118240:2118240 [cnode4-011:2211300:2211300 [6] NCCL INFO ProxyCall UDS comm 0x55555a9f51c0 rank 6 tpRank 7(7923021659a63c3b) reqSize 8 respSize 0 respFd 299 opId 0x20ef224ac77485a5 - DONE
cnode4-011:2211300:2211300 [6] NCCL INFO UDS: ClientGetFd handle 0x1552640d3240 tpRank 7 returned fd 299 sameProcess 0
cnode4-011:2211300:2211300 [6] NCCL INFO UDS converted handle 0x1552640d3240 to fd 299 on remote peer 7
cnode4-011:2211300:2211300 [6] NCCL INFO Imported shareable buffer device 6 size 67108864 ptr 0x1552bce00000
cnode4-011:2211300:2211300 [6] NCCL INFO ncclPollProxyResponse Received new opId=0x5555639d5cb0
cnode4-011:2211300:2211300 [6] NCCL INFO resp.opId=0x5555639d5cb0 matches expected opId=0x5555639d5cb0
cnode4-011:2211300:2211300 [6] NCCL INFO sendConnect ncclPollProxyResponse opId=0x5555639d5cb0
cnode4-011:2211300:2211300 [6] NCCL INFO MMAP imported shareable host buffer /dev/shm/nccl-cJDco0 size 8192 ptr 0x1553234d3000
cnode4-011:2211300:2211300 [6] NCCL INFO Send: opCount 1 sendbuff (nil) recvbuff 0x920000000 count 8388608 datatype 8 op 0 root 0 comm 0x55555a9f51c0 [nranks=14] stream 0x55555715cd30
cnode4-011:2211300:2211300 [6] NCCL INFO Recv: opCount 1 sendbuff (nil) recvbuff 0xd20000000 count 8388608 datatype 8 op 0 root 12 comm 0x55555a9f51c0 [nranks=14] stream 0x55555715cd30
cnode4-011:2211300:2211300 [6] NCCL INFO Send: opCount 2 sendbuff (nil) recvbuff 0x920000000 count 16777216 datatype 8 op 0 root 0 comm 0x55555a9f51c0 [nranks=14] stream 0x55555715cd30
cnode4-011:2211300:2211300 [6] NCCL INFO Recv: opCount 2 sendbuff (nil) recvbuff 0xd20000000 count 16777216 datatype 8 op 0 root 12 comm 0x55555a9f51c0 [nranks=14] stream 0x55555715cd30
cnode4-011:2211300:2211300 [6] NCCL INFO Send: opCount 3 sendbuff (nil) recvbuff 0x920000000 count 33554432 datatype 8 op 0 root 0 comm 0x55555a9f51c0 [nranks=14] stream 0x55555715cd30
cnode4-011:2211300:2211300 [6] NCCL INFO Recv: opCount 3 sendbuff (nil) recvbuff 0xd20000000 count 33554432 datatype 8 op 0 root 12 comm 0x55555a9f51c0 [nranks=14] stream 0x55555715cd30
cnode4-011:2211300:2211300 [6] NCCL INFO Send: opCount 4 sendbuff (nil) recvbuff 0x920000000 count 67108864 datatype 8 op 0 root 0 comm 0x55555a9f51c0 [nranks=14] stream 0x55555715cd30
cnode4-011:2211300:2211300 [6] NCCL INFO Recv: opCount 4 sendbuff (nil) recvbuff 0xd20000000 count 67108864 datatype 8 op 0 root 12 comm 0x55555a9f51c0 [nranks=14] stream 0x55555715cd30
cnode4-011:2211300:2211300 [6] NCCL INFO Send: opCount 5 sendbuff (nil) recvbuff 0x920000000 count 134217728 datatype 8 op 0 root 0 comm 0x55555a9f51c0 [nranks=14] stream 0x55555715cd30
cnode4-011:2211300:2211300 [6] NCCL INFO Recv: opCount 5 sendbuff (nil) recvbuff 0xd20000000 count 134217728 datatype 8 op 0 root 12 comm 0x55555a9f51c0 [nranks=14] stream 0x55555715cd30
cnode4-011:2211300:2211300 [6] NCCL INFO Send: opCount 6 sendbuff (nil) recvbuff 0x920000000 count 268435456 datatype 8 op 0 root 0 comm 0x55555a9f51c0 [nranks=14] stream 0x55555715cd30
cnode4-011:2211300:2211300 [6] NCCL INFO Recv: opCount 6 sendbuff (nil) recvbuff 0xd20000000 count 268435456 datatype 8 op 0 root 12 comm 0x55555a9f51c0 [nranks=14] stream 0x55555715cd30
cnode4-011:2211300:2211300 [6] NCCL INFO Send: opCount 7 sendbuff (nil) recvbuff 0x920000000 count 536870912 datatype 8 op 0 root 0 comm 0x55555a9f51c0 [nranks=14] stream 0x55555715cd30
cnode4-011:2211300:2211300 [6] NCCL INFO Recv: opCount 7 sendbuff (nil) recvbuff 0xd20000000 count 536870912 datatype 8 op 0 root 12 comm 0x55555a9f51c0 [nranks=14] stream 0x55555715cd30
cnode4-011:2211300:2211300 [6] NCCL INFO Send: opCount 8 sendbuff (nil) recvbuff 0x920000000 count 1073741824 datatype 8 op 0 root 0 comm 0x55555a9f51c0 [nranks=14] stream 0x55555715cd30
cnode4-011:2211300:2211300 [6] NCCL INFO Recv: opCount 8 sendbuff (nil) recvbuff 0xd20000000 count 1073741824 datatype 8 op 0 root 12 comm 0x55555a9f51c0 [nranks=14] stream 0x55555715cd30
cnode4-011:2211300:2211300 [6] NCCL INFO Send: opCount 9 sendbuff (nil) recvbuff 0x920000000 count 2147483648 datatype 8 op 0 root 0 comm 0x55555a9f51c0 [nranks=14] stream 0x55555715cd30
cnode4-011:2211300:2211300 [6] NCCL INFO Recv: opCount 9 sendbuff (nil) recvbuff 0xd20000000 count 2147483648 datatype 8 op 0 root 12 comm 0x55555a9f51c0 [nranks=14] stream 0x55555715cd30
cnode4-011:2211300:2211300 [6] NCCL INFO Send: opCount a sendbuff (nil) recvbuff 0x920000000 count 4194304 datatype 8 op 0 root 0 comm 0x55555a9f51c0 [nranks=14] stream 0x55555715cd30
cnode4-011:2211300:2211300 [6] NCCL INFO Recv: opCount a sendbuff (nil) recvbuff 0xd20000000 count 4194304 datatype 8 op 0 root 12 comm 0x55555a9f51c0 [nranks=14] stream 0x55555715cd30
cnode4-011:2211300:2211300 [6] NCCL INFO Send: opCount b sendbuff (nil) recvbuff 0x920000000 count 4194304 datatype 8 op 0 root 0 comm 0x5cnode4-007:2118240:2118240 [6] NCCL INFO Send: opCount b sendbuff (nil) recvbuff 0x920000000 count 4194304 datatype 8 op 0 root 7 comm 0x55555b6f56a0 [nranks=14] stream 0x55555715cd30
cnode4-007:2118240:2118240 [6] NCCL INFO Recv: opCount b sendbuff (nil) recvbuff 0xd20000000 count 4194304 datatype 8 op 0 root 5 comm 0x55555b6f56a0 [nranks=14] stream 0x55555715cd30
cnode4-007:2118240:2118240 [6] NCCL INFO Send: opCount c sendbuff (nil) recvbuff 0x922000000 count 4194304 datatype 8 op 0 root 7 comm 0x55555b6f56a0 [nranks=14] stream 0x55555715cd30
cnode4-007:2118240:2118240 [6] NCCL INFO Recv: opCount c sendbuff (nil) recvbuff 0xd22000000 count 4194304 datatype 8 op 0 root 5 comm 0x55555b6f56a0 [nranks=14] stream 0x55555715cd30
cnode4-007:2118240:2118240 [6] NCCL INFO Send: opCount d sendbuff (nil) recvbuff 0x924000000 count 4194304 datatype 8 op 0 root 7 comm 0x55555b6f56a0 [nranks=14] stream 0x55555715cd30
cnode4-007:2118240:2118240 [6] NCCL INFO Recv: opCount d sendbuff (nil) recvbuff 0xd24000000 count 4194304 datatype 8 op 0 root 5 comm 0x55555b6f56a0 [nranks=14] stream 0x55555715cd30
cnode4-007:2118240:2118240 [6] NCCL INFO Send: opCount ecnode4-011:2211295:2211295 [1] NCCL INFO Send: opCount 0 sendbuff (nil) recvbuff 0x920000000 count 4194304 datatype 8 op 0 root 9 comm 0x55555b6b2fe0 [nranks=14] stream 0x55555715cd30
cnode4-011:2211295:2211295 [1] NCCL INFO Recv: opCount 0 sendbuff (nil) recvbuff 0xd20000000 count 4194304 datatype 8 op 0 root cnode4-007:2118240:2118240 [6] NCCL INFO Send: opCount f sendbuff (nil) recvbuff 0x928000000 count 4194304 datatype 8 op 0 root 7 comm 0x55555b6f56a0 [nranks=14] stream 0x55555715cd30
cnode4-007:2118240:2118240 [6] NCCL INFO Recv: opCount f sendbuff (nil) recvbuff 0xd28000000 count 4194304 datatype 8 op 0 root 5 comm 0x55555b6f56a0 [nranks=14] stream 0x55555715cd30
cnode4-007:2118240:2118240 [6] NCCL INFO Send: opCount 10 sendbuff (nil) recvbuff 0x92a000000 count 4194304 datatype 8 op 0 root 7 comm 0x55555b6f56a0 [nranks=14] stream 0x55555715cd30
cnode4-007:2118240:2118240 [6] NCCL INFO Recv: opCount 10 sendbuff (nil) recvbuff 0xd2a000000 count 4194304 datatype 8 op 0 root 5 comm 0x55555b6f56a0 [nranks=14] stream 0x55555715cd30
cnode4-007:2118240:2118240 [6] NCCL INFO Send: opCount 11 sendbuff (nil) recvbuff 0x92c000000 count 4194304 datatype 8 op 0 root 7 comm 0x55555b6f56a0 [nranks=14] stream 0x55555715cd30
cnode4-007:2118240:2118240 [6] NCCL INFO Recv: opCount 11 sendbuff (nil) recvbuff 0xd2c000000 count 4194304 datatype 8 op 0 root 5 comm 0x55555b6f56a0 [nranks=14] stream 0x55555715cd30
cnode4-007:2118240:2118240 [6] NCCL INFO Send: opCount 12 sendbuff (nil) recvbuff 0x92e000000 count 4194304 datatype 8 op 0 root 7 comm 0x55555b6f56a0 [nranks=14] stream 0x55555715cd30
cnode4-007:2118240:2118240 [6] NCCL INFO Recv: opCount 12 sendbuff (nil) recvbuff 0xd2e000000 count 4194304 datatype 8 op 0 root 5 comm 0x55555b6f56a0 [nranks=14] stream 0x55555715cd30
cnode4-007:2118240:2118240 [6] NCCL INFO Send: opCount 13 sendbuff (nil) recvbuff 0x930000000 count 4194304 datatype 8 op 0 root 7 comm 0x55555b6f56a0 [nranks=14] stream 0x55555715cd30
cnode4-007:2118240:2118240 [6] NCCL INFO Recv: opCount 13 sendbuff (nil) recvbcnode4-011:2211297:2211297 [3] NCCL INFO Recv: opCount 0 sendbuff (nil) recvbuff 0xd28000000 count 4194304 datatype 8 op 0 root 9 comm 0x55555b554140 [nranks=14] stream 0x55555715cd30
cnode4-011:2211297:2211297 [3] NCCL INFO Send: opCount 0 sendbuff (nil) recvbuff 0x92a000000 count 4194304 datatype 8 op 0 root 11 comm 0x55555b554140 [nranks=14] stream 0x55555715cd30
cnode4-011:2211297:2211297 [3] NCCL INFO Recv: opCount 0 sendbuff (nil) recvbuff 0xd2a000000 count 4194304 datatype 8 op 0 root 9 comm 0x55555b554140 [nranks=14] stream 0x55555715cd30
cnode4-011:2211297:22112cnode4-007:2118237:2118237 [3] NCCL INFO Recv: opCount 0 sendbuff (nil) recvbuff 0xd22000000 count 4194304 datatype 8 op 0 root 2 comm 0x55555b855040 [nranks=14]cnode4-011:2211297:2211cnode4-007:2118237:2118237 [3] NCCL INFO Send: opCount 0 sendbuff (nil) recvbuff 0x924000000 count 4194304 datatype 8 op 0 root 4 comm 0x55555b855040 [nranks=14] stream 0x55555715cd30
cnode4-007:2118237:2118237 [3] NCCL INFO Recv: opCount 0 sendbuff (nil) recvbuff 0xd24000000 count 4194304 datatype 8 op 0 root 2 comm 0x55555b855040 [nranks=14] stream 0x55555715cd30
cnode4-007:2118237:2118237 [3] NCCL INFO Send: opCount 0 sendbuff (nil) recvbuff 0x926000000 count 4194304 datatype 8 op 0 root 4 comm 0x55555b855040 [nranks=14] stream 0x55555715cd30
cnode4-007:2118237:2118237 [3] NCCL INFO Recv: opCount 0 sendbuff (nil) recvbuff 0xd26000000 count 4194304 datatype 8 op 0 root 2 comm 0x55555b855040 [nranks=14] stream 0x55555715cd30
cnode4-007:2118237:2118237 [3] NCCL INFO Send: opCount 0 sendbuff (nil) recvbuff 0x928000000 count 4194304 datatype 8 op 0 root 4 comm 0x55555b855040 [nranks=14] stream 0x55555715cd30
cnode4-007:2118237:2118237 [3] NCCL INFO Recv: opCount 0 sendbuff (nil) recvbuff 0xd28000000 count 4194304 datatype 8 op 0 root 2 comm 0x55555b855040 [nranks=14] stream 0x55555715cd30
cnode4-007:2118237:2118237 [3] NCCL INFO Send: opCount 0 sendbuff (nil) recvbuff 0x92a000000 count 4194304 datatype 8 op 0 root 4 comm 0x55555b855040 [nranks=14] stream 0x55555715cd30
cnode4-007:2118237:2118237 [3] NCCL INFO Recv: opCount 0 sendbuff (nil) recvbuff 0xd2a000000 count 4194304 datatype 8 op 0 root 2 comm 0x55555b855040 [nranks=14] stream 0x55555715cd30
cnode4-007:2118237:2118237 [3] NCCL INFO Send: opCount 0 sendbuff (nil) recvbuff 0x92c000000 count 4194304 datatype 8 op 0 root 4 comm 0x55555b855040 [nranks=14] stream 0x55555715cd30
cnode4-007:2118237:2118237 [3] NCCL INFO Recv: opCount 0 sendbuff (nil) recvbuff 0xd2c000000 count 4194304 datatype 8 op 0 root 2 comm 0x55555b855040 [nranks=14] stream 0x55555715cd30
cnode4-007:2118237:2118237 [3] NCCL INFO Send: opCount 0 sendbuff (nil) recvbuff 0x92e000000 count 4194304 datatype 8 op 0 root 4 comm 0x55555b855040 [nranks=14] stream 0x55555715cd30
cnode4-007:2118237:2118237 [3] NCCL INFO Recv: opCount 0 sendbuff (nil) recvbuff 0xd2e000000 count 4194304 datatype 8 op 0 root 2 comm 0x55555b855040 [nranks=14] stream 0x55555715cd30
cnode4-007:2118237:2118237 [3] NCCL INFO Send: opCount 0 sendbuff (nil) recvbuff 0x930000000 count 4194304 datatype 8 op 0 root 4 comm 0x55555b855040 [nranks=14] stream 0x55555715cd30
cnode4-007:2118237:2118237 [3] NCCL INFO Recv: opCount 0 sendbuff (nil) recvbuff 0xd30000000 count 4194304 datatype 8 op 0 root 2 comm 0x55555b855040 [nranks=14] stream 0x55555715cd30
cnode4-007:2118237:2118237 [3] NCCL INFO Send: opCount 0 sendbuff (nil) recvbuff 0x932000000 count 4194304 datatype 8 op 0 root 4 comm 0x55555b855040 [nranks=14] stream 0x55555715cd30
cnode4-007:2118237:2118237 [3] NCCL INFO Recv: opCount 0 sendbuff (nil) recvbuff 0xd32000000 count 4194304 datatype 8 op 0 root 2 comm 0x55555b855040 [nranks=14] stream 0x55555715cd30
cnode4-007:2118237:2118237 [3] NCCL INFO Send: opCount 0 sendbuff (nil) recvbuff 0x934000000 count 4194304 datatype 8 op 0 root 4 comm 0x55555b855040 [nranks=14] stream 0x55555715cd30
cnode4-007:2118237:2118237 [3] NCCL INFO Recv: opCount 0 sendbuff (nil) recvbuff 0xd34000000 count 4194304 datatype 8 op 0 root 2 comm 0x55555b855040 [nranks=14] stream 0cnode4-011:2211300:2211300 [6] NCCL INFO Send: opCount 1f sendbuff (nil) recvbuff 0x920000000 count 4194304 datatype 8 op 0 root 0 comm 0x55555a9f51c0 [nranks=14] stream 0x55555715cd30
cnode4-011:2211300:2211300 [6] NCCL INFO Recv: opCount 1f sendbuff (nil) recvbuff 0xd20000000 count 4194304 datatype 8 op 0 root 12 comm 0x55555a9f51c0 [nranks=14] stream 0x55555715cd30
cnode4-011:2211300:2211300 [6] NCCL INFO Send: opCount 20 sendbuff (nil) recvbuff 0xd20000000 count 4194304 datatype cnode4-007:2118240:2118240 [6] NCCL INFO Send: opCount 20 sendbuff (nil) recvbuff 0xd20000000 count 4194304 datatype 8 op 0 root 7 comm 0x55555b6f56a0 [nranks=14] stream 0x55555715cd30
cnode4-007:2118240:2118240 [6] NCCL INFO Recv: opCount 20 sendbuff (ncnode4-011:2211300:2211300 [6] NCCL INFO Send: opCount 21 sendbuff (nil) recvbuff 0xd20000000 count 4194304 datatype 8 op 0 root 0 comm 0x55555a9f51c0 [nranks=14] stream 0x55555715cd30
cnode4-011:2211300:2211300 [6] NCCL INFO Recv: opCount 21 sendbuff (nil) recvbuff 0xd20000000 count 4194304 datatype 8 op 0 root 12 comm 0x55555a9f51c0 [nranks=14] stream 0x55555715cd30
cnode4-011:2211300:2211300 [6] NCCL INFO Send: opCount 22 sendbuff (nil) recvbuff 0xd22000000 count 4194304 datatype 8 op 0 root 0 comm 0x55555a9f51c0 [nranks=14] stream 0x55555715cd30
cnode4-011:2211300:2211300 [6] NCCL INFO Recv: opCount 22 sendbuff (nil) recvbuff 0xd22000000 count 4194304 datatype 8 op 0 root 12 comm 0x55555a9f51c0 [nranks=14] stream 0x55555715cd30
cnode4-011:2211300:2211300 [6] NCCL INFO Send: opCount 23 sendbuff (nil) recvbuff 0xd24000000 count 4194304 datatype 8 op 0 root 0 comm 0x55555a9f51c0 [nranks=14] stream 0x55555715cd30
cnode4-011:2211300:2211300 [6] NCCL INFO Recv: opCount 23 sendbuff (nil) recvbuff 0xd24000000 count 4194304 datatype 8 op 0 root 12 comm 0x55555a9f51c0 [nranks=14] stream 0x55555715cd30
cnode4-011:2211300:2211300 [6] NCCL INFO Send: opCount 24 sendbuff (nil) recvbuff 0xd26000000 count 4194304 datatype 8 op 0 root cnode4-011:2211295:2211295 [1] NCCL INFO Send: opCount 0 sendbuff (nil) recvbuff 0xd20000000 count 4194304 datatype 8 op 0 root 9 comm 0x55555b6b2fe0 [nranks=14] stream 0x55555715cd30
cnode4-011:2211295:2211295 [1] NCCL INFO Recv: opCount 0 sendbuff (nil) recvbuff 0xd20000000 count 4194304 datatype 8 op 0 root 7 comm 0x55555b6b2fe0 [nranks=14] stcnode4-011:2211296:2211296 [2] NCCL INFO Send: opCount 0 sendbuff (nil) recvbuff 0xd20000000 count 4194304 datatype 8 op 0 root 10 comm 0x55555b552030 [nranks=14] stream 0x55555715cd30
cnode4-011:2211296:2211296 [2] NCCL INFO Recv: opCount 0 sendbuff (nil) recvbuff 0xd20000000 count 4194304 datatype 8 op 0 root 8 comm 0x55555b552030 [nranks=14] stream 0x55555715cd30
cnode4-011:2211296:2211296 [2] NCCL INFO Send: opCount 0 sendbuff (nil) recvbuff 0xd22000000 count 4194304 datatype 8 op 0 root 10 comm 0x55555b552030 [nranks=14] stream 0x55555715cd30
cnode4-011:2211296:2211296 [2] NCCL INFO Recv: opCount 0 sendbuff (nil) recvbuff 0xd22000000 count 4194304 datcnode4-007:2118239:2118239 [5] NCCL INFO Send: opCount 0 sendbuff (nil) recvbuff 0xd22000000 count 4194304 datatype 8 op 0 root 6 comm 0x55555b731270 [nranks=14] stream 0x55555715cd30
cnode4-007:2118239:2118239 [5] NCCL INFO Recv: opCount 0 sendbuff (nil) recvbuff 0xd22000000 count 4194304 datatype 8 op 0 root 4 comm 0x55555b731270 [nranks=14] stream 0x55555715cd30
cnode4-007:2118239:2118239 [5] NCCL INFO Send: opCount 0 sendbuff (nil) recvbuff 0xd24000000 count 4194304 datatype 8 op 0 root 6 comm 0x55555b731270 [nranks=14] stream 0x55555715cd30
cnode4-007:2118239:2118239 [5] NCCL INFO Recv: opCount 0 sendbuff (nil) recvbuff 0xd24000000 count 4194304 datatype 8 op 0 root 4 comm 0x55555b731270 [nranks=14] stream 0x55555715cd30
cnode4-007:2118239:2118239 [5] NCCL INFO Send: opCount 0 sendbuff (nil) recvbuff 0xd26000000 count 4194304 datatype 8 op 0 root 6 comm 0x55555b731270 [nranks=14] stream 0x55555715cd30
cnode4-007:2118239:2118239 [5] NCCL INFO Recv: opCount 0 sendbuff (nil) recvbuff 0xd26000000 count 4194304 datatype 8 op 0 root 4 comm 0x55555b731270 [nranks=14] stream 0x55555715cd30
cnode4-007:2118239:2118239 [5] NCCL INFO Send: opCount 0 sendbuff (nil) recvbuff 0xd28000000 count 4194304 datatype 8 op 0 root 6 comm 0x55555b731270 [nranks=14] stream 0x55555715cd30
cnode4-007:2118239:2118239 [5] NCCL INFO Recv: opCount 0 sendbuff (nil) recvbuff 0xd28000000 count 4194304 datatype 8 op 0 root 4 comm 0x55555b731270 [nranks=14] stream 0x55555715cd30
cnode4-007:2118239:2118239 [5] NCCL INFO Send: opCount 0 sendbuff (nil) recvbuff 0xd2a000000 count 4194304 datatype 8 op 0 root 6 comm 0x55555b731270 [nranks=14] stream 0x55555715cd30
cnode4-007:2118239:2118239 [5] NCCL INFO Recv: opCount 0 sendbuff (nil) recvbufcnode4-011:2211296:2211296 [2] NCCL INFO Recv: opCount 0 sendbuff (nil) recvbuff 0xd2c000000 count 4194304 datatype 8 op 0 root 8 comm 0x55555b552030 [nranks=14] stream 0x55555715cd30
cnode4-011:2211296:2211296 [2] NCCL INFO Send: opCount 0 sendbuff (nil) recvbuff 0xd2e000000 count 4194304 datatype 8 op 0 root 10 comm 0x55555b552030 [nranks=14] stream 0x55555715cd30
cnode4-011:2211296:2211296 [2] NCCL INFO Recv: opCount 0 sendbuff (nil) recvbuff 0xd2e000000 count 4194304 datatype 8 op 0 root 8 comm 0x55555b552030 [nranks=14] stream 0x55555715cd30
cnode4-011:2211296:2211296 [2] NCCL INFO Send: opCount 0 sendbuff (nil) recvbuff 0xd30000000 count 4194304 datatype 8 op 0 root 10 comm 0x55555b552030 [nranks=14] stream 0x55555715cd30
cnode4-011:2211296:2211296 [2] NCCL INFO Recv: opCount 0 sendbuff (nil) recvbuff 0xd30000000 count 4194304 datatype 8 op 0 root 8 comm 0x55555b552030 [nranks=14] stream 0x55555715cd30
cnode4-011:2211296:2211296 [2] NCCL INFO Send: opCount 0 sendbuff (nil) recvbuff 0xd32000000 count 4194304 datatype 8 op 0 root 10 comm 0x55555b552030 [nranks=14] stream 0x55555715cd30
cnode4-011:2211296:2211296 [2] NCCL INFO Recv: opCount 0 sendbuff (nil) recvbuff 0xd32000000 count 4194304 datatype 8 op 0 root 8 comm 0x55555b552030 [nranks=14] stream 0x55555715cd30
cnode4-011:2211296:2211296 [2] NCCL INFO Send: opCount 0 sendbuff (nil) recvbuff 0xd34000000 count 4194304 datatype 8 op 0 root 10 comm 0x55555b552030 [nranks=14] stream 0x55555715cd30
cnode4-011:2211296:2211296 [2] NCCL INFO Recv: opCount 0 sendbuff (nil) recvbuff 0xd34000000 count 4194304 datatype 8 op 0 root 8 comm 0x55555b552030 [nranks=14] stream 0x55555715cd30
cnode4-011:2211296:2211296 [2] NCCL INFO Send: opCount 0 sendbuff (nil) recvbuff 0xd36000000 count 4194304 datatype 8 op 0 root 10 comm 0x55555b552030 [nranks=14] stream 0x55555715cd30
cnode4-011:2211296:2211296 [2] NCCL INFO Recv: opCount 0 sendbuff (nil) recvbuff 0xd36000000 count 4194304 datatype 8 op 0 root 8 comm 0x55555b552030 [nranks=14] stream 0x55555715cd30
cnode4-011:2211296:2211296 [2] NCCL INFO Send: opCount 0 sendbuff (nil) recvbuff 0xd38000000 count 4194304 datatype 8 op 0 root 10 comm 0x55555b552030 [nranks=14] stream 0x55555715cd30
cnode4-011:2211296:2211296 [2] NCCL INFO Recv: opCount 0 sendbuff (nil) recvbuff 0xd38000000 count 4194304 datatype 8 op 0 root 8 comm 0x55555b552030 [nranks=14] stream 0x55555715cd30
cnode4-011:2211296:2211296 [2] NCCL INFO Send: opCount 0 sendbuff (nil) recvbuff 0xd3a000000 count 4194304 datatype 8 op 0 root 10 comm 0x55555b552030 [nranks=14] stream 0x55555715cd30
cnode4-011:2211296:2211296 [2] NCCL INFO Recv: opCount 0 sendbuff (nil) recvbuff 0xd3a000000 count 4194304 datatype 8 op 0 root 8 comm 0x55555b552030 [nranks=14] stream 0x55555715cd30
cnode4-011:2211296:2211296 [2] NCCL INFO Send: opCount 0 sendbuff (nil) recvbuff 0xd3c000000 count 4194304 datatype 8 op 0 root 10 comm 0x55555b552030 [nranks=14] stream 0x55555715cd30
cnode4-011:2211296:2211296 [2] NCCL INFO Recv: opCount 0 sendbuff (nil) recvbuff 0xd3c000000 count 4194304 datatype 8 op 0 root 8 comm 0x55555b552030 [nranks=14] stream 0x55555715cd30
cnode4-011:2211296:2211296 [2] NCCL INFO Send: opCount 0 sendbuff (nil) recvbuff 0xd3e000000 count 4194304 datatype 8 op 0 root 10 comm 0x55555b552030 [nranks=14] stream 0x55555715cd30
cnode4-011:2211296:2211296 [2] NCCL INFO Recv: opCount 0 sendbuff (nil) recvbuff 0xd3e000000 count 4194304 datcnode4-011:2211300:2211300 [6] NCCL INFO Send: opCount 35 sendbuff (nil) recvbuff 0xd20000000 cocnode4-007:2118240:2118240 [6] NCCL INFO Send: opCount 35 sendbuff (nil) recvbuff 0xd20000000 count 4194304 datatype 8 op 0 root 7 comm 0x55555b6f56a0 [nranks=14] stream 0x55555715cd30
cnode4-007:2118240:2118240 [6] NCCL INFO Recv: opCount 35 sendbuff (nil) recvbuff 0xd20000cnode4-011:2211300:2211300 [6] NCCL INFO Send: opCount 36 sendbuff (nil) recvbuff 0x920000000 count 8388608 datatype 8 op 0 root 0 comm 0x55555a9f51c0 [nranks=14] stream 0x55555715cd30
cnode4-011:2211300:2211300 [6] NCCL INFO Recv: opCount 36 sendbuff (nil) recvbuff 0xd20000000 ccnode4-007:2118240:2118240 [6] NCCL INFO Recv: opCount 36 sendbuff (nil) recvbuff 0xd200000cnode4-011:2211300:2211300 [6] NCCL INFO Send: opCount 37 sendbuff (nil) recvbuff 0x920000000 cnode4-007:2118240:2118240 [6] NCCL INFO Send: opCount 37 sendbuff (nil) recvbuff 0x920000000 count 8388608 datatype 8 op 0 root 7 comm 0x55555b6f56a0 [nranks=14] stream 0x55555715cd30
cnode4-007:2118240:2118240 [6] NCCL INFO Recv: opCount 37 sendbuff (nil) recvbuff 0xd20000000 count 8388608 datatype 8 op 0 root 5 comm 0x55555b6f56a0 [nranks=14] stream 0x55555715cd30
cnode4-007:2118240:2118240 [6] NCCL INFO Send: opCount 38 sendbuff (nil) recvbuff 0x924000000 count 8388608 datatype 8 op 0 root 7 comm 0x55555b6f56a0 [nranks=14] stream 0x55555715cd30
cnode4-007:2118240:2118240 [6] NCCL INFO Recv: opCount 38 sendbuff (nil) recvbuff 0xd24000000 count 8388608 datatype 8 op 0 root 5 comm 0x55555b6f56a0 [nranks=14] stream 0x55555715cd30
cnode4-007:2118240:2118240 [6] NCCL INFO Send: opCount 39 sendbuff (nil) recvbuff 0x928000000 count 8388608 datatype 8 op 0 root 7 comm 0x55555b6f56a0 [nranks=14] stream 0x55555715cd30
cnode4-007:2118240:2118240 [6] NCCL INFO Recv: opCount 39 sendbuff (nil) recvbuff 0xd28000000 count 8388608 datatype 8 op 0 root 5 comm 0x55555b6f56a0 [nranks=14] stream 0x55555715cd30
cnode4-007:2118240:2118240 [6] NCCL INFO Send: opCount 3a sendbuff (nil) recvbuff 0x92c000000 count 8388608 datatype 8 op 0 root 7 comm 0x55555b6f56a0 [nranks=14] stream 0x55555715cd30
cnode4-007:2118240:2118240 [6] NCCL INFO Recv: opCount 3a sendbuff (nil) recvbuff 0xd2c000000 count 8388608 datatype 8 op 0 root 5 comm 0x55555b6f56a0 [nranks=14] stream 0x55555715cd30
cnode4-007:2118240:2118240 [6] NCCL INFO Send: opCount 3b sendbuff (nil) recvbuff 0x930000000 count 8388608 datatype 8 op 0 root 7 comm 0x55555b6f56a0 [nranks=14] stream 0x55555715cd30
cnode4-007:2118240:2118240 [6] NCCL INFO Recv: opCount 3b sendbuff (nil) recvbuff 0xd30000000 count 8388608 datatype 8 op 0 root 5 comm 0x55555b6f56a0 [nranks=14] stream 0x55555715cd30
cnode4-007:2118240:2118240 [6] NCCL INFO Send: opCount 3c sendbuff (nil) recvbuff 0x934000000 count 8388608 datatype 8 op 0 root 7 comm 0x55555b6f56a0 [nranks=14] stream 0x55555715cd30
cnode4-007:2118240:2118240 [6] NCCL INFO Recv: opCount 3c sendbuff (nil) recvbuff 0xd34000000 count 8388608 datatype 8 op 0 root 5 comm 0x55555b6f56a0 [nranks=14] stream 0x55555715cd30
cnode4-007:2118240:2118240 [6] NCCL INFO Send: opCount 3d sendbuff (nil) recvbuff 0x938000000 count 8388608 datatype 8 op 0 root 7 comm 0x55555b6f56a0 [nranks=14] stream 0x55555715cd30
cnode4-007:2118240:2118240 [6] NCCL INFO Recv: opCount 3d sendbuff (nil) recvbuff 0xd38000000 count 8388608 datatype 8 op 0 root 5 comm 0x55555b6f56a0 [nranks=14] stream 0x55555715cd30
cnode4-007:2118240:2118240 [6] NCCL INFO Send: opCount 3e sendbuff (nil) recvbuff 0x93c000000 count 8388608 datatype 8 op 0 root 7 comm 0x55555b6f56a0 [nranks=14] stream 0x55555715cd30
cnode4-007:2118240:2118240 [6] NCCL INFO Recv: opCount 3e sendbuff (nil) recvbuff 0xd3c000000 count 8388608 datatype 8 op 0 root 5 comm 0x55555b6f56a0 [nranks=14] stream 0x55555715cd30
cnode4-007:2118240:2118240 [6] NCCL INFO Send: opCount 3f sendbuff (nil) recvbuff 0x940000000 count 8388608 datatype 8 op 0 root 7 comm 0x55555b6f56a0 [nranks=14] stream 0x55555715cd30
cnode4-007:2118240:2118240 [6] NCCL INFO Recv: opCount 3f sendbuff (nil) recvbuff 0xd40000000 count 8388608 datatype 8 op 0 root 5 comm 0x55555b6f56a0 [nranks=14] stream 0x55555715cd30
cnode4-007:2118240:2118240 [6] NCCL INFO Send: opCount 40 sendbuff (nil) recvbuff 0x944000000 count 8388608 datatype 8 op 0 root 7 comm 0x55555b6f56a0 [nranks=14] stream 0x55555715cd30
cnode4-007:2118240:2118240 [6] NCCL INFO Recv: opCount 40 sendbuff (nil) recvbuff 0xd44000000 count 8388608 datatype 8 op 0 root 5 comm 0x55555b6f56a0 [nranks=14] stream 0x55555715cd30
cnode4-007:2118240:2118240 [6] NCCL INFO Send: opCount 41 sendbuff (nil) recvbuff 0x948000000 count 8388608 datatype 8 op 0 root 7 comm 0x55555b6f56a0 [nranks=14] stream 0x55555715cd30
cnode4-007:2118240:2118240 [6] NCCL INFO Recv: opCount 41 sendbuff (nil) recvbuff 0xd48000000 count 83cnode4-011:2211300:2211300 [6] NCCL INFO Send: opCount 42 sendbuff (nil) recvbuff 0cnode4-007:2118240:2118240 [6] NCCL INFO Send: opCount 42 sendbuff (nil) recvbuff 0x94c000000 count 8388608 datatype 8 op 0 root 7 comm 0x55555b6f56a0 [nranks=14] stream 0x55555715cd30
cnode4-007:2118240:2118240 [6] NCCL INFO Recv: opCount 42 sendbuff (nil) recvbuff 0xd4c000000 count 8388608 datatype 8 op 0 root 5 comm 0x55555b6f56a0 [nranks=14] stream 0x55555715cd30
cnode4-007:2118240:2118240 [6] NCCL INFO Send: opCount 43 sendbuff (nil) recvbuff 0x950000000 count 8388608 datatype 8 op 0 root 7 comm 0x55555b6f56a0 [nranks=14] stream 0x55555715cd30
cnode4-007:2118240:2118240 [6] NCCL INFO Recv: opCount 43 sendbuff (nil) recvbuff 0xd50000000 count 8388608 datatype 8 op 0 root 5 comm 0x55555b6f56a0 [nranks=14] stream 0x55555715cd30
cnode4-007:2118240:2118240 [6] NCCL INFO Send: opCount 44 sendbuff (nil) recvbuff 0x954000000 count 8388608 datatype 8 op 0 root 7 comm 0x55555b6f56a0 [nranks=14] stream 0x55555715cd30
cnode4-007:2118240:2118240 [6] NCCL INFO Recv: opCount 44 sendbuff (nil) recvbuff 0xd54000000 count 8388608 datatype 8 op 0 root 5 comm 0x55555b6f56a0 [nranks=14] stream 0x55555715cd30
cnode4-007:2118240:2118240 [6] NCCL INFO Send: opCount 45 sendbuff (nil) recvbuff 0x958000000 count 8388608 datatype 8 op 0 root 7 comm 0x55555b6f56a0 [nranks=14] stream 0x55555715cd30
cnode4-007:2118240:2118240 [6] NCCL INFO Recv: opCount 45 sendbuff (nil) recvbuff 0xd58000000 count 8388608 datatype 8 op 0 root 5 comm 0x55555b6f56a0 [nranks=14] stream 0x55555715cd30
cnode4-007:2118240:2118240 [6] NCCL INFO Send: opCount 46 sendbuff (nil) recvbuff 0x95c000000 count 8388608 datatype 8 op 0 root 7 comm 0x55555b6f56a0 [nranks=14] stream 0x55555715cd30
cnode4-007:2118240:2118240 [6] NCCL INFO Recv: opCount 46 sendbuff (nil) recvbuff 0xd5c000000 count 8388608 datatype 8 op 0 root 5 comm 0x55555b6f56a0 [nranks=14] stream 0x55555715cd30
cnode4-007:2118240:2118240 [6] NCCL INFO Send: opCount 47 sendbuff (nil) recvbuff 0x960000000 count 8388608 datatype 8 op 0 root 7 comm 0x55555b6f56a0 [nranks=14] stream 0x55555715cd30
cnode4-007:2118240:2118240 [6] NCCL INFO Recv: opCount 47 sendbuff (nil) recvbuff 0xd60000000 count 8388608 datatype 8 op 0 root 5 comm 0x55555b6f56a0 [nranks=14] stream 0x55555715cd30
cnode4-007:2118240:2118240 [6] NCCL INFO Send: opCount 48 sendbuff (nil) recvbuff 0x964000000 count 8388608 datatype 8 op 0 root 7 comm 0x55555b6f56a0 [nranks=14] stream 0x55555715cd30
cnode4-007:2118240:2118240 [6] NCCL INFO Recv: opCount 48 sendbuff (nil) recvbuff 0xd64000000 count 8388608 datatype 8 op 0 root 5 comm 0x55555b6f56a0 [nranks=14] stream 0x55555715cd30
cnode4-007:2118240:2118240 [6] NCCL INFO Send: opCount 49 sendbuff (nil) recvbuff 0x968000000 count 8388608 dcnode4-011:2211300:2211300 [6] NCCL INFO Recv: opCount 49 sendbuff (nil) recvbuff 0xd68000000 count 8388608 datatype 8 op 0 root 12 comm 0x55555a9f51c0 [nranks=14] stream 0x55555715cd30
cnode4-011:2211300:2211300 [6] NCCL INFO Send: opCount 4a sendbuff (nil) recnode4-007:2118240:2118240 [6] NCCL INFO Send: opCount 4a sendbuff (nil) recvbuff 0x96c000000 count 8388608 datatype 8 op 0 root 7 comm 0x55555b6f56a0 [nranks=14] stream 0x55555715cd30
cnode4-007:2118240:2118240 [6] NCCL INFO Recv: opCount 4a sendbuff (nil) recvbuff 0xd6c000000 count 8388608 datcnode4-011:2211300:2211300 [6] NCCL INFO Send: opCount 4b sendbuff (nil) recvbuff 0x920000000 count 8388608 datatype 8 op 0 root 0 comm 0x55555a9f51c0 [nranks=14] stream 0x55555715cd30
cnode4-011:2211300:2211300 [6] NCCL INFO Recv: opCount 4b sendbuff (nil) recvbuff 0xd20000000 count 8388608 datatype 8 op 0 root 12 comm 0x55555a9f51c0 [nranks=14] stream 0x55555715cd30
cnode4-011:2211300:2211300 [6] NCCL INFO Send: opCount 4c sendbuff (nil) cnode4-007:2118240:2118240 [6] NCCL INFO Send: opCount 4c sendbuff (nil) recvbuff 0xd20000000 count 8388608 datatype 8 op 0 root 7 comm 0x55555b6f56a0 [nranks=14] stream 0x55555715cd30
cnode4-007:2118240:2118240 [6] NCCL INFO Recv: opCount 4c sendbuff (nil) recvbuff 0xd20000000 count 8388608 datatcnode4-011:2211300:2211300 [6] NCCL INFO Send: opCount 4d sendbuff (nil)cnode4-007:2118240:2118240 [6] NCCL INFO Send: opCount 4d sendbuff (nil) recvbuff 0xd20000000 count 8388608 datatype 8 op 0 root 7 comm 0x55555b6f56a0 [nranks=14] stream 0x55555715cd30
cnode4-007:2118240:2118240 [6] NCCL INFO Recv: opCount 4d sendbuff (nil) recvbuff 0xd20000000 count 8388608 datatype 8 op 0 root 5 comm 0x55555b6f56a0 [nranks=14] stream 0x55555715cd30
cnode4-007:2118240:2118240 [6] NCCL INFO Send: opCount 4e sendbuff (nil) recvbuff 0xd24000000 count 8388608 datatype 8 op 0 root 7 comm 0x55555b6f56a0 [nranks=14] stream 0x55555715cd30
cnode4-007:2118240:2118240 [6] NCCL INFO Recv: opCount 4e sendbuff (nil) recvbuff 0xd24000000 count 8388608 datatype 8 op 0 root 5 comm 0x55555b6f56a0 [nranks=14] stream 0x55555715cd30
cnode4-007:2118240:2118240 [6] NCCL INFO Send: opCount 4f sendbuff (nil) recvbuff 0xd28000000 count 8388608 datatype 8 op 0 root 7 comm 0x55555b6f56a0 [nranks=14] stream 0x55555715cd30
cnode4-007:2118240:2118240 [6] NCCL INFO Recv: opCount 4f sendbuff (nil) recvbuff 0xd28000000 count 8388608 datatype 8 op 0 root 5 comm 0x55555b6f56a0 [nranks=14] stream 0x55555715cd30
cnode4-007:2118240:2118240 [6] NCCL INFO Send: opCount 50 sendbuff (nil) recvbuff 0xd2c000000 count 8388608 datatype 8 op 0 root 7 comm 0x55555b6f56a0 [nranks=14] stream 0x55555715cd30
cnode4-007:2118240:2118240 [6] NCCL INFO Recv: opCount 50 sendbuff (nil) recvbuff 0xd2c000000 count 8388608 datatype 8 op 0 root 5 comm 0x55555b6f56a0 [nranks=14] stream 0x55555715cd30
cnode4-007:2118240:2118240 [6] NCCL INFO Send: opCount 51 sendbuff (nil) recvbuff 0xd30000000 count 8388608 datatype 8 op 0 root 7 comm 0x55555b6f56a0 [nranks=14] stream 0x55555715cd30
cnode4-007:2118240:2118240 [6] NCCL INFO Recv: opCount 51 sendbuff (nil) recvbuff 0xd30000000 count 8388608 datatype 8 op 0 root 5 comm 0x55555b6f56a0 [nranks=14] stream 0x55555715cd30
cnode4-007:2118240:2118240 [6] NCCL INFO Send: opCount 52 sendbuff (nil) recvbuff 0xd34000000 count 8388608 datatype 8 op 0 root 7 comm 0x55555b6f56a0 [nranks=14] stream 0x55555715cd30
cnode4-007:2118240:2118240 [6] NCCL INFO Recv: opCount 52 sendbuff (nil) recvbuff 0xd34000000 count 8388608 datatype 8 op 0 root 5 comm 0x55555b6f56a0 [nranks=14] stream 0x55555715cd30
cnode4-007:2118240:2118240 [6] NCCL INFO Send: opCount 53 sendbuff (nil) recvbuff 0xd38000000 count 8388608 datatype 8 op 0 root 7 comm 0x55555b6f56a0 [nranks=14] stream 0x55555715cd30
cnode4-007:2118240:2118240 [6] NCCL INFO Recv: opCount 53 sendbuff (nil) recvbuff 0xd38000000 count 8388608 datatype 8 op 0 root 5 comm 0x55555b6f56a0 [nranks=14] stream 0x55555715cd30
cnode4-007:2118240:2118240 [6] NCCL INFO Send: opCount 54 sendbuff (nil) recvbuff 0xd3c000000 count 8388608 datatype 8 op 0 root 7 comm 0x55555b6f56a0 [nranks=14] stream 0x55555715cd30
cnode4-007:2118240:2118240 [6] NCCL INFO Recv: opCount 54 sendbuff (nil) recvbuff 0xd3c000000 count 8388608 datatype 8 op 0 root 5 comm 0x55555b6f56a0 [nranks=14] stream 0x55555715cd30
cnode4-007:2118240:2118240 [6] NCCL INFO Send: opCount 55 sendbuff (nil) recvbuff 0xd40000000 count 8388608 datatype 8 op 0 root 7 comm 0x55555b6f56a0 [nranks=14] stream 0x55555715cd30
cnode4-007:2118240:2118240 [6] NCCL INFO Recv: opCount 55 sendbuff (nil) recvbuff 0xd40000000 count 8388608 datatype 8 op 0 root 5 comm 0x55555b6f56a0 [nranks=14] stream 0x55555715cd30
cnode4-007:2118240:2118240 [6] NCCL INFO Send: opCount 56 sendbuff (nil) recvbuff 0xd44000000 count 8388608 datatype 8 op 0 root 7 comm 0x55555b6f56a0 [nranks=14] stream 0x55555715cd30
cnode4-007:2118240:2118240 [6] NCCL INFO Recv: opCount 56 sendbuff (nil) recvbuff 0xd44000000 count 8388608 datatype 8 op 0 root 5 comm 0x55555b6f56a0 [nranks=14] stream 0x55555715cd30
cnode4-007:2118240:2118240 [6] NCCL INFO Send: opCount 57 sendbuff (nil) recvbuff 0xd48000000 count 8388608 datatype 8 op 0 root 7 comm 0x55555b6f56a0 [nranks=14] stream 0x55555715cd30
cnode4-007:2118240:2118240 [6] NCCL INFO Recv: opCount 57 sendbuff (nil) recvbuff 0xd48000000 coucnode4-011:2211295:2211295 [1] NCCL INFO Send: opCount 0 sendbuff (nil) recvbuff 0xd4000cnode4-007:2118240:2118240 [6] NCCL INFO Send: opCount 58 sendbuff (nil) recvbuff 0xd4c000000 count 8388608 datatype 8 op 0 root 7 comm 0x55555b6f56a0 [nrancnode4-011:2211299:2211299 [5] NCCL INFO Send: opCount 0 sendbuff (nil) recvbuff 0xd3c000000 count 8388608 datatype 8 op 0 root 13 comm 0x55555b5dc110 [nranks=14] stream 0x55555715cd30
cnode4-011:2211299:2211299 [5] NCCL INFO Recv: opCount 0 sendbuff (nil) recvbuff 0xd3c000000 count 8388608 datatype 8 op 0 root 11 comm 0x55555b5dc110 [nranks=14] stream 0x55555715cd30
cnode4-011:2211299:2211299 [5] NCCL INFO Send: opCount 0 sendbuff (nil) recvbuff 0xd40000000 count 8388608 datatype 8 op 0 root 13 comm 0x55555b5dc110 [nranks=14] stream 0x55555715cd30
cnode4-011:2211299:2211299 [5] NCCL INFO Recv: opCount 0 sendbuff (nil) recvbuff 0xd40000000 count 8388608 datatype 8 op 0 root 11 comm 0x55555b5dc110 [nranks=14] stream 0x55555715cd30
cnode4-011:2211299:2211299 [5] NCCL INFO Send: opCount 0 sendbuff (nil) recvbuff 0xd44000000 count 8388608 datatype 8 op 0 root 13 comm 0x55555b5dc110 [nranks=14] stream 0x55555715cd30
cnode4-011:2211299:2211299 [5] NCCL INFO Recv: opCount 0 sendbuff (nil) recvbuff 0xd44000000 count 8388608 datatype 8 op 0 root 11 comm 0x55555b5dc110 [nranks=14] stream 0x55555715cd30
cnode4-011:2211299:2211299 [5] NCCL INFO Send: opCount 0 sendbuff (nil) recvbuff 0xd48000000 count 8388608 datatype 8 op 0 root 13 comm 0x55555b5dc110 [nranks=14] stream 0x55555715cd30
cnode4-011:2211299:2211299 [5] NCCL INFO Recv: opCount 0 sendbuff (nil) recvbuff 0xd48000000 count 8388608 datatype 8 op 0 root 11 comm 0x55555b5dc110 [nranks=14] stream 0x55555715cd30
cnode4-011:2211299:2211299 [5] NCCL INFO Send: opCount 0 sendbuff (nil) recvbuff 0xd4c000000 count 8388608 datatype 8 op 0 root 13 comm 0x55555b5dc110 [nranks=14] stream 0x55555715cd30
cnode4-011:2211299:2211299 [5] NCCL INFO Recv: opCount 0 sendbuff (nil) recvbuff 0xd4c000000 count 8388608 datatype 8 op 0 root 11 comm 0x55555b5dc110 [nranks=14] stream 0x55555715cd30
cnode4-011:2211299:2211299 [5] NCCL INFO Send: opCount 0 sendbuff (nil) recvbuff 0xd50000000 count 8388608 datatype 8 op 0 root 13 comm 0x55555b5dc110 [nranks=14] stream 0x55555715cd30
cnode4-011:2211299:2211299 [5] NCCL INFO Recv: opCount 0 sendbuff (nil) recvbuff 0xd50000000 count 8388608 datatype 8 op 0 root 11 comm 0x55555b5dc110 [nranks=14] stream 0x55555715cd30
cnode4-011:2211299:2211299 [5] NCCL INFO Send: opCount 0 sendbuff (nil) recvbuff 0xd54000000 count 8388608 datatype 8 op 0 root 13 comm 0x55555b5dc110 [nranks=14] stream 0x55555715cd30
cnode4-011:2211299:2211299 [5] NCCL INFO Recv: opCount 0 sendbuff (nil) recvbuff 0xd54000000 count 8388608 datatype 8 op 0 root 11 comm 0x55555b5dc110 [nranks=14] stream 0x55555715cd30
cnode4-011:2211299:2211299 [5] NCCL INFO Send: opCount 0 sendbuff (nil) recvbuff 0xd58000000 count 8388608 datatype 8 op 0 root 13 comm 0x55555b5dc110 [nranks=14] stream 0x55555715cd30
cnode4-011:2211299:2211299 [5cnode4-007:2118240:2118240 [6] NCCL INFO Send: opCount 60 sendbuff (nil) recvbuff 0xd6c000000 count 8388608 datatype 8 op 0 root 7 comm 0x55555b6f56a0 [nranks=14] stream 0x55555715cd30
cnode4-007:2118240:2118240 [6] NCCL INFO Recv: opCount 60 sendbuff (nil) recvbuff 0xd6c000000 count 8388608 datatype 8 op 0 root 5 cocnode4-011:2211300:2211300 [6] NCCL INFO Send: opCount 61 sendbuff (nil) recvbuff 0xd20000000 count 8388608 datatype 8 op 0 root 0 comm 0x55555a9f51c0 [nranks=14] stream 0x55555715cd30
cnode4-011:2211300:2211300 [6] NCCL INFO Recv: opCount 61 sendbuff (nil) recvbuff 0xd20000000 count 8388608 datatype 8 op 0 root 12 comm 0x55555a9f51c0 [nranks=14] stream 0x55555715cd30
cnode4-011:2211300:2211300 [6] NCCL INFO Send: opCocnode4-007:2118240:2118240 [6] NCCL INFO Send: opCount 62 sendbuff (nil) recvbuff 0x920000000 count 16777216 datatype 8 op 0 root 7 comm 0x55555b6f56a0 [nranks=14] stream 0x55555715cd30
cnode4-007:2118240:2118240 [6] NCCL INFO Recv: opCount 62 sendbuff (nil) recvbuff 0xd20000000 count 16777216 datatype 8 op 0 root 5 commcnode4-011:2211300:2211300 [6] NCCL INFO Send: opCcnode4-007:2118240:2118240 [6] NCCL INFO Send: opCount 63 sendbuff (nil) recvbuff 0x920000000 count 16777216 datatype 8 op 0 root 7 comm 0x55555b6f56a0 [nranks=14] stream 0x55555715cd30
cnode4-007:2118240:2118240 [6] NCCL INFO Recv: opCount 63 sendbuff (nil) recvbuff 0xd20000000 count 16777216 datatype 8 op 0 root 5 comm 0x55555b6f56a0 [nranks=14] stream 0x55555715cd30
cnode4-007:2118240:2118240 [6] NCCL INFO Send: opCount 64 sendbuff (nil) recvbuff 0x928000000 count 16777216 datatype 8 op 0 root 7 comm 0x55555b6f56a0 [nranks=14] stream 0x55555715cd30
cnode4-007:2118240:2118240 [6] NCCL INFO Recv: opCount 64 sendbuff (nil) recvbuff 0xd28000000 count 16777216 datatype 8 op 0 root 5 comm 0x55555b6f56a0 [nranks=14] stream 0x55555715cd30
