cnode4-013:2703498:2703498 [5] NCCL INFO channel.cc:56 Cuda Alloc Size 64 pointer 0x1552b0c00000ccnode4-013:2703498:2703498 [5] NCCL INFO channel.cc:93 Cuda Alloc Size 4864 pointer 0x1552b0e00000ccnode4-013:2703498:2703498 [5] NCCL INFO channel.cc:93 Cuda Alloc Size 4864 pointer 0x1552b1000000ccnode4-013:2703498:2703498 [5] NCCL INFO channel.cc:93 Cuda Alloc Size 4864 pointer 0x1552b1200000ccnode4-013:2703498:2703498 [5] NCCL INFO channel.cc:93 Cuda Alloc Size 4864 pointer 0x1552b1400000ccnode4-013:2703498:2703498 [5] NCCL INFO channel.cc:93 Cuda Alloc Size 4864 pointer 0x1552b1600000ccnode4-013:2703498:2703498 [5] NCCL INFO channel.cc:93 Cuda Alloc Size 4864 pointer 0x1552b1800000cccnode4-013:2703497:2703497 [4] NCCL INFO channel.cc:93 Cuda Alloc Size 4864 pointer 0x1552b1a0000cccnode4-013:2703497:2703497 [4] NCCL INFO channel.cc:93 Cuda Alloc Size 4864 pointer 0x1552b1c0000cncnode4-013:2703497:2703497 [4] NCCL INFO channel.cc:93 Cuda Alloc Size 4864 pointer 0x1552b1e0000cncnode4-013:2703497:2703497 [4] NCCL INFO channel.cc:93 Cuda Alloc Size 4864 pointer 0x1552b200000cncnode4-013:2703497:2703497 [4] NCCL INFO channel.cc:93 Cuda Alloc Size 4864 pointer 0x1552b220000cncnode4-013:2703497:2703497 [4] NCCL INFO channel.cc:93 Cuda Alloc Size 4864 pointer 0x1552b240000cncnode4-013:2703497:2703497 [4] NCCL INFO channel.cc:93 Cuda Alloc Size 4864 pointer 0x1552b260000cncnode4-013:2703497:2703497 [4] NCCL INFO channel.cc:93 Cuda Alloc Size 4864 pointer 0x1552b280000cncnode4-013:2703497:2703497 [4] NCCL INFO channel.cc:93 Cuda Alloc Size 4864 pointer 0x1552b2a0000cncnode4-013:2703497:2703497 [4] NCCL INFO channel.cc:93 Cuda Alloc Size 4864 pointer 0x1552b2c0000cnode4-013:2703499:2703499 cnode4-013:2703494:2703494 [1] NCCL INFO ncclPollProxyResponse Received cnode4-013:2703499:2703499 [6] NCCL INFO ncclPollProxyResponse Received new opId=0x5555631aa030
cnode4-013:2703499:2703499 [6] NCCL INFO resp.opId=0x5555631aa030 matches expected opId=0x5555631aa030
cnode4-013:2703499:2703499 [6] NCCL INFO Connected to proxy localRank 0 -> connection 0x155264000ff0
cnode4-013:2703499:2703499 [6] NCCL INFO ProxyCall UDS comm 0x55555b55a6f0 rank 6 tpRank 8(ec7b8fdb9501ecnode4-013:2703494:2703494 [1] NCCL INFO ProxyCall UDS comm 0x55555aa376cnode4-013:2703499:2703499 [6] NCCL INFO ProxyCall UDS comm 0x55555b55a6f0 rank 6 tpRank 8(ec7b8fdb9501e8d1) reqSize 8 respSize 0 respFd 299 opId 0x79ba61114226b3c3 - DONE
cnode4-013:2703499:2703499 [6] NCCL INFO UDS: Ccnode4-013:2703494:2703494 [1] NCCL INFO NVLS rank 9 (dev 1) allcnode4-013:2703496:2703496 [3] NCCL INFO NVLS rank 11 (dev 3) alloc done, ucptr 0x1552b2e00000 ucgran 2097152 mcptr 0x1552b300000cnode4-013:2703494:2703494 [1] NCCL INFO TUcnode4-013:2703500:2703500 [7] NCCL INFO TUNER/Plugin: Could not find: libnccl-tuner.so. Using internal tuner plugin.
cnode4-013:2703500:2703500 [7] NCCL INFO threadThresholds 8/8/64 | 128/8/64 | 512 | 512
cnode4-013:2703500:2703500 [7] NCCL INFO 16 coll channels, 16 collnet channels, 16 nvls channels, 16 p2p channels, 2 p2p channels per peer
cnode4-013:2703500:2703500 [7] NCCL INFO init.cc:492 Cuda Alloc Size 23648 pointer 0x1552b3200000
cnode4-013:2703500:2703500 [7] NCCL INFO init.cc:494 Cuda Alloc Size 64 pointer 0x1552b3400000
cnode4-013:2703500:2703500 [7] NCCL INFO init.cc:536 Cuda Host Alloc Size 1048576 pointer 0x1552c5e00200
cnode4-013:2703500:2703500 [7] NCCL INFO init.cc:546 Cuda Host Alloc Size 65536 pointer 0x1552c5f00200
cnode4-013:2703500:2703500 [7] NCCL INFO init.cc:547 Cuda Hocnode4-013:2703494:2703494 [1] NCCL INFO ncclCommInitRankConfig comm 0x55cnode4-013:2703499:2703499 [6] NCCL INFO ncclCommInitRankConfig comm 0x55555b55a6f0 rank 14 nranks 16 cudaDev 6 nvmlDev 6 busId d1000 commId 0xcd8613440a00532a - Init COMPLETE
cnode4-013:2703499:2703499 [6] NCCL INFO Init timings - ncclCommInitRankConfig: rank 14 nranks 16 total 9.33 (kernels 0.29, alloc 4.23, bootstrap 0cnode4-013:2703494:2703494 [1] NCCL INFO Send: opCount 0 sendbuff (nil) recvcnode4-013:2703498:2703498 [5] NCCL INFO Send: opCount 0 sendbuff (nil) recvbuff 0xa20000000 count 4194304 dacnode4-013:2703494:2703494 [1] NCCL INFO misc/utils.cc:234 memory stack hunk malloc(65536)
cnode4-013:2703494:2703494 [1] NCCL INFO Recv: opCount 0 sendbuff (nil) recvbuff 0xe20000000 count 4194304 datatype 8 op 0 root 8 comm 0x55555aa376a0 [nranks=16] stream 0x55555715cd30
cnode4-013:2703494:2704043 [1] NCCL INFO Mem Realloc old size 0, new size 8 pointer 0x15526c000d00
cnode4-013:2703494:2704043 [1] NCCL INFO New proxy recv connection 0 from local rank 1, transport 0
cnode4-013:2703494:2704043 [1] NCCL INFO proxyProgressAsync opId=0x5555626871a0 op.type=1 op.reqBuff=0x15526c000cc0 op.respSize=16 done
cnode4-013:2703494:2703494 [1] NCCL INFO ncclPollProxyResponse Received new opId=0x5555626871a0
cnode4-013:2703494:2704043 [1] NCCL INFO Received and initiated operation=Init res=0
cnode4-013:2703494:2703494 [1] NCCL INFO resp.opId=0x5555626871a0 matches expected opId=0x5555626871a0
cnode4-013:2703494:2703494 [1] NCCL INFO Connected to proxy localRank 1 -> connection 0x15526c000d20
cnode4-013:2703494:2704043 [1] NCCL INFO Allocated shareable buffer 0x1552b3600000 size 10485760 ipcDesc 0x15526c0049a0
cnode4-013:2703494:2704043 [1] NCCL INFO proxyProgressAsync opId=0x5555626871cnode4-013:2703498:2704058 [5] NCCL INFO proxyProgressAsync opId=0x555563087380 op.type=3 op.reqBuff=0x155268004970 op.respSize=88 done
cnode4-013:2703498:2704058 [5] NCCL INFO Received and initiated operation=Setup res=0
cnode4-013:2703498:2703498 [5] NCCL INFO ncclPollProxyResponse Received new opId=0x555563087380
cnode4-013:2703498:2703498 [5] NCCL INFO resp.opId=0x555563087380 matches expected opId=0x555563087380
cnode4-013:2703498:2704058 [5] NCCL INFO New proxy recv connection 1 from local rank 5, transport 0
cnode4-013:2703498:2704058 [5] NCCL INFO proxyProgressAsync opId=0x555563087380 op.type=1 op.reqBuff=0x1552680061c0 op.respSize=16 done
cnode4-013:2703498:2703498 [5] NCCL INFO ncclPollProxyResponse Received new opId=0x555563087380
cnode4-013:2703498:2704058 [5] NCCL INFO Received and initiated operation=Init res=0
cnode4-013:2703498:2703498 [5] NCCL INFO resp.opId=0x555563087380 matches expected opId=0x555563087380
cnode4-013:2703498:2703498 [5] NCCL INFO Connected to proxy localRank 5 -> connection 0x155268000d98ccnode4-013:2703498:2704058 [5] NCCL INFO Allocated shareable buffer 0x1552b4000000 size 10485760 ipcDesc 0x155268006270
cnode4-013:2703498:2704058 [5] NCCL INFO proxyProgressAsync opId=0x555563087380 op.type=3 op.reqBuff=0x155268006240 op.respSize=88 done
cnode4-013:2703498:2703498 [5] NCCL INFO ncclPollProxyResponse Received new opId=0x555563087380
cnode4-013:2703498:2704058 [5] NCCL INFO Received and initiated operation=Setup res=0
cnode4-013:2703498:2703498cnode4-013:2703494:2703494 [1] NCCL INFO Channel 00/1 : 9[1] -> 10[2] via P2P/CUMEM
cnode4-013:2703494:2704043 [1] NCCL INFO New proxy send connection 2 from locccnode4-013:2703498:2704058 [5] NCCL INFO New proxy send connection 2 from local rank 5, transport 0
cnode4-013:2703498:2704058 [5] NCCL INFO proxyProgressAsync opId=0x555563087380 op.type=1 op.reqBuff=0x155268007ac0 op.respSize=16 done
cnode4-013:2703498:2703498 [5] NCCL INFO ncclPollProxyResponse Received new opId=0x555563087380
cnode4-cnode4-013:2703494:2703494 [1] NCCL INFO resp.opId=0x5555626871a0 matches expected opId=0x5555626871a0
cnode4-013:2703494:2703494 [1] NCCL INFO Connected to proxy localRank 1 -> connection 0x15526c000e10
cnode4-013:2703494:2704043 [1] NCCL INFO Allocated shareable buffer 0x1552b4a00000 size 2097152 ipcDesc 0x15526c007b50
cnode4-013:2703494:2704043 [1] NCCL INFO proxyProgressAsync opId=0x555562cnode4-013:2703500:2703500 [7] NCCL INFO ncclPollProxyResponse Received new opId=0x555562689c10
cnode4-013:2703500:2703500 [7] NCCL INFO resp.opId=0x555562689c10 matches expected opId=0x555562689c10
cnode4-013:2703500:2703500 [7] NCCL INFO Connected to proxy localRank 0 -> connection 0x1552640011d0
cnode4-013:2703500:2703500 [7] NCCL INFO ncclPollProxyResponse Received new opId=0x555562689c10
cnode4-013:2703500:2703500 [7] NCCL INFO resp.opId=0x555562689c10 matches expected opId=0x555562689c10
cnode4-013:2703500:2703500 [7] NCCL INFO Channel 09/1 : 15[7] -> 0[0] [send] via NET/IB/0(8)/GDRDMA/Shared
cnode4-013:2703500:2704054 [7] NCCL INFO New proxy send connection 2 from local rank 6, transport 0
cnode4-013:2703500:2704054 [7] NCCL INFO proxyProgressAsync opId=0x5555631aa030 op.type=1 op.reqBuff=0x15526c007ac0 op.respSize=16 done
cnode4-013:2703500:2704054 [7] NCCL INFO Received and initiated operation=Init res=0
cnode4-013:2703500:2703500 [7] NCCL INFO ncclPollProxyResponse Received new opId=0x555562689c10
cnode4-013:2703500:2703500 [7] NCCL INFO resp.opId=0x555562689c10 matches expected opId=0x555562689c10
cnode4-013:2703500:2703500 [7] NCCL INFO Connected to proxy localRank 6 -> connection 0x155264000f78
cnode4-013:2703500:2703500 [7] NCCL INFO ProxyCall UDS comm 0x55555aa3a270 rank 7 tpRank 14(e5fefb50429ce357) reqSize 8 respSize 0 respFd 0x7fffffff8968 opId 0x67ec6129d138edc8
cnode4-013:2703500:2704055 [7] NCCL INFO proxyUDSRecvReq::ncclProxyMsgGetFd rank 6 opId 0x2ce0c2bb142b9b5 handle=0x15526c0049f0
cnode4-013:2703500:2704055 [7] NCCL INFO UDS proxyGetFd received handle 0x15526c0049f0 peer 6 opId 2ce0c2bb142b9b5
cnode4-013:2703500:2703500 [7] NCCL INFO ProxyCall UDS comm 0x55555aa3a270 rank 7 tpRank 14(e5fefb50429ce357) reqSize 8 respSize 0 respFd 305 opId 0x67ec6129d138edc8 - DONE
cnode4-013:2703500:2703500 [7] NCCL INFO UDS: ClientGetFd handle 0x155264007ba0 tpRank 14 returned fd 305 sameProcess 0
cnode4-013:2703500:2cnode4-012:4058830:4058830 [7] NCCL INFO ProxyCall UDS comm 0x55555b55bbc0 rank 7 tpRank 6(577ceae8932c7429) reqSize 8 respSize 0 respFd 305 opId 0x1dd560912c6b1016 - DONE
cnode4-012:4058830:40cnode4-013:2703500:2703500 [7] NCCL INFO ProxyCall UDS comm 0x55555aa3a270 rank 7 tpRank 14(e5fefb50429ce357) reqSize 8 respSize 0 respFd 0x7fffffff8968 opId 0xf328277b2ec8a3cc
cnode4-013:2703500:2703500 [7] NCCL INFO ProxyCall UDS comm 0x55555aa3a270 rank 7 tpRank 14(e5fefb50429ce357) reqSize 8 respSize 0 respFd 305 opId 0xf328277b2ec8a3cc - DONE
cnode4-013:2703500:2703500 [7] NCCL INFO UDS: ClientGetFd handle 0x1552640093d0 tpRank 14 returned fd 305 sameProcess 0
cnode4-013:27035cnode4-012:4058830:4058830 [7] NCCL INFO ProxyCall UDS comm 0x55555b55bbc0 rank 7 tpRank cnode4-013:2703500:2703500 [7] NCCL INFO Imported shareable buffer device 7 size 2097152 ptr 0x1552b4c00000
cnode4-013:2703500:2703500 [7] NCCL INFO sendConnect ncclProxyCallAsync opId=0x555563bf5c30
cnode4-013:2703500:2703500 [7] NCCL INFO sendConnect ncclProxyCallAsync opId=0x555563bfdc70
cnode4-013:2703500:2704055 [7] NCCL INFO proxyUDSRecvReq::ncclProxyMsgGetFd rank 6 opId 0x5c74320c0e18a9 handle=0x15526c0062c0
cnode4-013:2703500:2704055 [7] NCCL INFO UDS proxyGetFd received handle 0x15526c0062c0 peer 6 opId 5c74320c0e18a9
cnode4-013:2703500:2703500 [7] NCCL INFO ncclPollProxyResponse Received new opId=0x555563bf5c30
cnode4-013:2703500:2703500 [7] NCCL INFO resp.opId=0x555563bf5c30 matches expected opId=0x555563bf5c30
cnode4-013:2703500:2703500 [7] NCCL INFO sendConnect ncclPollProxyResponse opId=0x555563bf5c30
cnode4-013:27035cnode4-012:4058830:4058830 [7] NCCL INFO ncclPollProxyResponse Received new opId=0x555564719030
cnode4-012:4058830:4058830 [7] NCCL INFO resp.opId=0x555564719030 matches expected opId=0x555564719030
cnode4-012:4058830:4058830 [7] NCCL INFO sendConnect ncclPollProxyResponse opId=0x555564719030
cnode4-012:4058830:4058830 [7] NCCL INFO MMAP imported shareable host buffer /dev/shm/nccl-tMaTu2 size 8192 ptr 0x155534004000
cnode4-012:4058830:4058830 [7] NCCL INFO ProxyCall UDS comm 0x55555b55bbc0 rank 7 tpRank 0(8ec3f60a11aabc8) reqSize 8 respSize 0 respFd 0x7fffffff8968 opId 0xab59aaf696032d6d
cnode4-012:4058830:4058830 [7] NCCL INFO ProxyCall UDS comm 0x55555b55bbc0 rank 7 tpRank 0(8ec3f60a11aabc8) reqSize 8 respSize 0 respFd 306 opId 0xab59aaf696032d6d - DONE
cnode4-012:4058830:4058830 [7] NCCL INFO UDS: ClientGetFd handle 0x15526806e8e0 tpRank 0 returned fd 306 sameProcess 0
cnode4-012:4058830:4058830 [7] NCCL INFO UDS converted handle 0x15526806e8e0 to fd 306 on remote peer 0
cnode4-012:4058830:4058830 [7] NCCL INFO Imported shareable buffer device 7 size 33554432 ptr 0x1552b4e00000
cnode4-012:4058830:4058830 [7] NCCL INFO ncclPollProxyResponse Received new opId=0x555564721070
cnode4-012:4058cnode4-013:2703500:2703500 [7] NCCL INFO Send: opCount 1 sendbuff (nil) recvbuff 0xa20000000 count 8388608 datatype 8 op 0 root 0 comm 0x55555aa3a270 [nranks=16] stream 0x55555715cd30
cnode4-013:2703500:2703500 [7] NCCL INFO Recv: opCount 1 sendbuff (nil) recvbuff 0xe20000000 count 8388608 datatype 8 op 0 root 14 comm 0x55555aa3a270 [nranks=16] stream 0x55555715cd30
cnode4-013:2703500:2703500 [7] NCCL INFO Send: opCount 2 sendbuff (nil) recvbuff 0xa20000000 count 16777216 datatype 8 op 0 root 0 comm 0x55555aa3a270 [nranks=16] stream 0x55555715cd30
cnode4-013:2703500:2703500 [7] NCCL INFO Recv: opCount 2 sendbuff (nil) recvbuff 0xe20000000 count 16777216 datatype 8 op 0 root 14 comm 0x55555aa3a270 [nranks=16] stream 0x55555715cd30
cnode4-013:2703500:2703500 [7] NCCL INFO Send: opCount 3 sendbuff (nil) recvbuff 0xa20000000 count 33554432 datatype 8 op 0 root 0 comm 0x55555aa3a270 [nranks=16] stream 0x55555715cd30
cnode4-013:2703500:2703500 [7] NCCL INFO Recv: opCount 3 sendbuff (nil) recvbuff 0xe20000000 count 33554432 datatype 8 op 0 root 14 comm 0x55555aa3a270 [nranks=16] stream 0x55555715cd30
cnode4-013:2703500:2703500 [7] NCCL INFO Send: opCount 4 sendbuff (nil) recvbuff 0xa20000000 count 67108864 datatype 8 op 0 root 0 comm 0x55555aa3a270 [nranks=16] stream 0x55555715cd30
cnode4-013:2703500:2703500 [7] NCCL INFO Recv: opCount 4 sendbuff (nil) recvbuff 0xe20000000 count 67108864 datatype 8 op 0 root 14 comm 0x55555aa3a270 [nranks=16] stream 0x55555715cd30
cnode4-013:2703500:2703500 [7] NCCL INFO Send: opCount 5 sendbuff (nil) recvbuff 0xa20000000 count 134217728 datatype 8 op 0 root 0 comm 0x55555aa3a270 [nranks=16] stream 0x55555715cd30
cnode4-013:2703500:2703500 [7] NCCL INFO Recv: opCount 5 sendbuff (nil) recvbuff 0xe20000000 count 134217728 datatype 8 op 0 root 14 comm 0x55555aa3a270 [nranks=16] stream 0x55555715cd30
cnode4-013:2703500:2703500 [7] NCCL INFO Send: opCount 6 sendbuff (nil) recvbuff 0xa20000000 count 268435456 datatype 8 op 0 root 0 comm 0x55555aa3a270 [nranks=16] stream 0x55555715cd30
cnode4-013:2703500:2703500 [7] NCCL INFO Recv: opCount 6 sendbuff (nil) recvbuff 0xe20000000 count 268435456 datatype 8 op 0 root 14 comm 0x55555aa3a270 [nranks=16] stream 0x55555715cd30
cnode4-013:2703500:2703500 [7] NCCL INFO Send: opCount 7 sendbuff (nil) recvbuff 0xa20000000 count 536870912 datatype 8 op 0 root 0 comm 0x55555aa3a270 [nranks=16] stream 0x55555715cd30
cnode4-013:2703500:2703500 [7] NCCL INFO Recv: opCount 7 sendbuff (nil) recvbuff 0xe20000000 count 536870912 datatype 8 op 0 root 14 comm 0x55555aa3a270 [nranks=16] stream 0x55555715cd30
cnode4-013:2703500:2703500 [7] NCCL INFO Send: opCount 8 sendbuff (nil) recvbuff 0xa20000000 count 1073741824 datatype 8 op 0 root 0 comm 0x55555aa3a270 [nranks=16] stream 0x55555715cd30
cnode4-013:2703500:2703500 [7] NCCL INFO Recv: opCount 8 sendbuff (nil) recvbuff 0xe20000000 count 1073741824 datatype 8 op 0 root 14 comm 0x55555aa3a270 [nranks=16] stream 0x55555715cd30
cnode4-013:2703500:2703500 [7] NCCL INFO Send: opCount 9 sendbuff (nil) recvbuff 0xa20000000 count 2147483648 datatype 8 op 0 root 0 comm 0x55555aa3a270 [nranks=16] stream 0x55555715cd30
cnode4-013:2703500:2703500 [7] NCCL INFO Recv: opCount 9 sendbuff (nil) recvbuff 0xe20000000 count 2147483648 datatype 8 op 0 root 14 comm 0x55555aa3a270 [nranks=16] stream 0x55555715cd30
cnode4-013:2703500:2703500 [7] NCCL INFO Send: opCount a sendbuff (nil) recvbuff 0xa20000000 count 4194304 datatype 8 op 0 root 0 comm 0x55555aa3a270 [nranks=16] stream 0x55555715cd30
cnode4-013:2703500:2703500 [7] NCCL INFO Recv: opCount a sendbuff (nil) recvbuff 0xe20000000 count 4194304 datatype 8 op 0 root 14 comm 0x55555aa3a270 [nranks=16] stream 0x55555715cd30
cnode4-013:2703500:2703500 [7] NCCL INFO Send: opCount b sendbuff (nil) recvbuff 0xa20000000 count 4194304 datatype 8 op 0 root 0 comm 0x55555aa3a270 [nranks=16] stream 0x55555715cd30
cnode4-013:2703500:2703500 [7] NCCL INFO Recv: opCount b sendbuff (nil) recvbuff 0xe20000000 count 4194304 datatype cnode4-012:4058830:4058830 [7] NCCL INFO Send: opCount b sendbuff (nicnode4-013:2703500:2703500 [7] NCCL INFO Send: opCount c sendbuff (nil) recvbuff 0xa22000000 count 4194304 datatype 8 op 0 root 0 comm 0x55555aa3a270 [nranks=16] stream 0x55555715cd30
cnode4-013:2703500:2703500 [7] NCCL INFO Recv: opCount c sendbuff (nil) recvbuff 0xe22000000 count 4194304 datatype 8 op 0 root 14 comm 0x55555aa3a270 [nranks=16] stream 0x55555715cd30
cnode4-013:2703500:2703500 [7] NCCL INFO Send: opCount d sendbuff (nil) recvbuff 0xa24000000 count 4194304 datatype 8 op 0 root 0 comm 0x55555aa3a270 [nranks=16] stream 0x55555715cd30
cnode4-013:2703500:2703500 [7] NCCL INFO Recv: opCount d sendbuff (nil) recvbuff 0xe24000000 count 4194304 datatype 8 op 0 root 14 comm 0x55555aa3a270 [nranks=16] stream 0x55555715cd30
cnode4-013:2703500:2703500 [7] NCCL INFO Send: opCount e sendbuff (nil) recvbuff 0xa26000000 count 4194304 datatype 8 op 0 root 0 comm 0x55555aa3a270 [nranks=16] stream 0x55555715cd30
cnode4-013:2703500:2703500 [7] NCCL INFO Recv: opCount e sendbuff (nil) recvbuff 0xe26000000 count 4194304 datatype 8 op 0 root 14 comm 0x55555aa3a270 [nranks=16] stream 0x55555715cd30
cnode4-013:2703500:2703500 [7] NCCL INFO Send: opCount f sendbuff (nil) recvbuff 0xa28000000 count 4194304 datatype 8 op 0 root 0 comm 0x55555aa3a270 [nranks=16] stream 0x55555715cd30
cnode4-013:2703500:2703500 [7] NCCL INFO Recv: opCount f sendbuff (nil) recvbuff 0xe28000000 count 4194304 datatype 8 op 0 cnode4-012:4058824:4058824 [1] NCCL INFO Send: opCount 0 sendbuff (nil) recvbuff 0xa20000000 count 4194304 datatype 8 op 0 root 2 comm 0x55555b438910 [nranks=16] stream 0x55555715cd30
cnode4-012:4058824:4058824 [1] NCCL INFO Recv: opCount 0 sendbuff (nil) recvbuff 0xe20000000 count 4194304 datatype 8 op 0 root cnode4-012:4058826:4058826 [3] NCCL INFO Send: opCount 0cnode4-012:4058824:4058824 [1] NCCL INFO Send: opCount 0 sendbuff (nil) recvbuff 0xa22000000 count 4194304 datatype 8 op 0 root 2 comm 0x55555b438910 [nranks=16] stream 0x55555715cd30
cnode4-012:4058824:4058824 [1] NCCL INFO Recv: opCount 0 sendbuff (nil) recvbuff 0xe22000000 count 4194304 datatype 8 op 0 root 0 comm 0x55555b438910 [nranks=16] stream 0x55555715cd30
cnode4-012:4058824:4058824 [1] NCCL INFO Send: opCount 0 sendbuff (nil) recvbuff 0xa24000000 count 4194304 datatype 8 op 0 root 2 comm 0x55555b438910 [nranks=16] stream 0x55555715cd30
cnode4-012:4058824:4058824 [1] NCCL INFO Recv: opCount 0 sendbuff (nil) recvbuff 0xe24000000 count 4194304 datatype 8 op 0 root 0 comm 0x55555b438910 [nranks=16] stream 0x55555715cd30
cnode4-012:4058824:4058824 [1] NCCL INFO Send: opCount 0 sendbuff (nil) recvbuff 0xa26000000 count 4194304 datatype 8 op 0 root 2 comm 0x55555b438910 [nranks=16] stream 0x55555715cd30
cnode4-012:4058824:4058824 [1] NCCL INFO Recv: opCount 0 sendbuff (nil) recvbuff 0xe26000000 count 4194304 datatype 8 op 0 root 0 comm 0x55555b438910 [nranks=16] stream 0x55555715cd30
cnode4-012:4058824:4058824 [1] NCCL INFO Send: opCount 0 sendbuff (nil) recvbuff 0xa28000000 count 4194304 datatype 8 op 0 root 2 comm 0x55555b438910 [nranks=16] stream 0x55555715cd30
cnode4-012:4058824:4058824 [1] NCCL INFO Recv: opCount 0 sendbuff (nil) recvbuff 0xe28000000 count 4194304 datatype 8 op 0 root 0 comm 0x55555b438910 [nranks=16] stream 0x55555715cd30
cnode4-012:4058824:4058824 [1] NCCL INFO Send: opCount 0 sendbuff (nil) recvbuff 0xa2a000000 count 4194304 datatype 8 op 0 root cnode4-012:4058826:4058826 [3] NCCL INFO Recv: opCount 0 sendbuff (nil) recvbuff 0xe28000000 count 4194304 datatype 8 op 0 root 2 comm 0x55555aa3a230 [nranks=16] stream 0x55555715cd30
cnode4-012:4058826:4058826 [3] NCCL INFO Send: opCount 0 sendbuff (nil) recvbuff 0xa2a000000 count 4194304 datatype 8 op 0 root 4 comm 0x55555aa3a230 [nranks=16] stream 0x55555715cd30
cnode4-012:4058826:4058826 [3] NCCL INFO Recv: opCount 0 sendbuff (nil) recvbuff 0xe2a000000 count 4194304 datatype 8 op 0 root 2 comm 0x55555aa3a230 [nranks=16] stream 0x55555715cd30
cnode4-012:4058826:4058826 [3] NCCL INFO Send: opCount 0 sendbuff (nil) recvbuff 0xa2c000000 count 4194304 datatype 8 op 0 root 4 comm 0x55555aa3a230 [nranks=16] stream 0x55555715cd30
cnode4-012:4058826:4058826 [3] NCCL INFO Recv: opCount 0 sendbuff (nil) recvbuff 0xe2c000000 count 4194304 datatype 8 op 0 root 2 comm 0x55555aa3a230 [nranks=16] stream 0x55555715cd30
cnode4-012:4058826:4058826 [3] NCCL INFO Send: opCount 0 sendbuff (nil) recvbuff 0xa2e000000 count 4194304 datatype 8 op 0 root 4 comm 0x55555aa3a230 [nranks=16] stream 0x55555715cd30
cnode4-012:4058826:4058826 [3] NCCL INFO Recv: opCount 0 sendbuff (nil) recvbuff 0xe2e000000 count 4194304 datatype 8 op 0 root 2 comm 0x55555aa3a230 [nranks=16] stream 0x55555715cd30
cnode4-012:4058826:4058826 [3] NCCL INFO Send: opCount 0 sendbuff (nil) recvbuff 0xa30000000 count 4194304 datatype 8 op 0 root 4 comm 0x55555aa3a230 [nranks=16] stream 0x55555715cd30
cnode4-012:4058826:4058826 [3] NCCL INFO Recv: opCount 0 sendbuff (nil) recvbuff 0xe30000000 count 4194304 datatype 8 op 0 root 2 comm 0x55555aa3a230 [nranks=16] stream 0x55555715cd30
cnode4-012:4058826:4058826 [3] NCCL INFO Send: opCount 0 sendbuff (nil) recvbuff 0xa32000000 count 4194304 datatype 8 op 0 root 4 comm 0x55555aa3a230 [nranks=16] stream 0x55555715cd30
cnode4-012:4058826:4058826 [3] NCCL INFO Recv: opCount 0 sendbuff (nil) recvbuff 0xe32000000 count 4194304 datatype 8 op 0 root 2 comm 0x55555aa3a230 [nranks=16] stream 0x55555715cd30
cnode4-012:4058826:4058826 [3] NCCL INFO Send: opCount 0 sendbuff (nil) recvbuff 0xa34000000 count 4194304 datatype 8 op 0 root 4 comm 0x55555aa3a230 [nranks=16] stream 0x55555715cd30
cnode4-012:4058826:4058826 [3] NCCL INFO Recv: opCount 0 sendbuff (nil) recvbuff 0xe34000000 count 4194304 datatype 8 op 0 root 2 comm 0x55555aa3a230 [nranks=16] stream 0x55555715cd30
cnode4-012:4058826:4058826 [3] NCCL INFO Send: opCount 0 sendbuff (nil) recvbuff 0xa36000000 count 4194304 datatype 8 op 0 root 4 comm 0x55555aa3a230 [nranks=16] stream 0x55555715cd30
cnode4-012:4058826:4058826 [3] NCCL INFO Recv: opCount 0 sendbuff (nil) recvbuff 0xe36000000 count 4194304 datatype 8 op 0 root 2 comm 0x55555aa3a230 [nranks=16] stream 0x55555715cd30
cnode4-012:4058826:4058826 [3] NCCL INFO Send: opCount 0 sendbuff (nil) recvbuff 0xa38000000 count 4194304 datatype 8 op 0 root 4 comm 0x55555aa3a230 [nranks=16] stream 0x55555715cd30
cnode4-012:4058826:4058826 [3] NCCL INFO Recv: opCount 0 sendbuff (nil) recvbuff 0xe38000000 count 4194304 datatype 8 op 0 root 2 comm 0x55555aa3a230 [nranks=16] stream 0x55555715cd30
cnode4-012:4058826:4058826 [3] NCCL INFO Send: opCount 0 sendbuff (nil) recvbuff 0xa3a000000 count 4194304 datatype 8 op 0 root 4 comm 0x55555aa3a230 [nranks=16] stream 0x55555715cd30
cnode4-012:4058826:4058826 [3] NCCL INFO Recv: opCount 0 sendbuff (nil) recvbuff 0xe3a000000 count 4194304 datatype 8 op 0 root 2 comm 0x55555aa3a230 [nranks=16] stream 0x55555715cd30
cnode4-012:4058826:4058826 [3] NCCL INFO Send: opCount 0 sendbuff (nil) recvbuff 0xa3c000000 count 4194304 datatype 8 op 0 root 4 comm 0x55555aa3a230 [nranks=16] scnode4-013:2703500:2703500 [7] NCCL INFO Send: opCount 1f sendbuff (nil) recvbuff 0xa20000000 count 4194304 datatype 8 op 0 root 0 comm 0x55555aa3a270 [nranks=16] stream 0x55555715cd30
cnode4-013:2703500:2703500 [7] NCCL INFO Recv: opCount 1f sendbuff (nil) recvbuff 0xe20000000 count 4194304 datatype 8 op 0 root 14 comm 0x55555aa3a270 [nranks=16] stream 0x55555715cd30
cnode4-013:2703500:2703500 [7] NCCL INFO Send: opCount 20 sendbuff (nil) recvbuff 0xe20000000 count 4194304 datatype 8 op 0 root 0 comm 0x55555aa3a270 [nranks=16] stream 0x55555715cd30
cnode4-013:2703500:2703500 [7] NCCL INFO Recv: opCount 20 sendbuff (nil) recvbuff 0xe20000000 cnode4-012:4058830:4058830 [7] NCCL INFO Send: opCount 20 sendbuff (nil) recvbuff 0xe2000000cnode4-013:2703500:2703500 [7] NCCL INFO Send: opCount 21 sendbuff (nil) recvbuff 0xe20000000 count 4194304 datatype 8 op 0 root 0 comm 0x55555aa3a270 [nranks=16] stream 0x55555715cd30
cnode4-013:2703500:2703500 [7] NCCL INFO Recv: opCount 21 sendbuff (nil) recvbuff 0xe20000000cnode4-012:4058830:4058830 [7] NCCL INFO Send: opCount 21 sendbuff (nil) recvbuff 0xe20000000cnode4-013:2703500:2703500 [7] NCCL INFO Send: opCount 22 sendbuff (nil) recvbuff 0xe22000000 count 4194304 datatype 8 op 0 root 0 comm 0x55555aa3a270 [nranks=16] stream 0x55555715cd30
cnode4-013:2703500:2703500 [7] NCCL INFO Recv: opCount 22 sendbuff (nil) recvbuff 0xe22000000 count 4194304 datatype 8 op 0 root 14 comm 0x55555aa3a270 [nranks=16] stream 0x55555715cd30
cnode4-013:2703500:2703500 [7] NCCL INFO Send: opCount 23 sendbuff (nil) recvbuff 0xe24000000 count 4194304 datatype 8 op 0 root 0 comm 0x55555aa3a270 [nranks=16] stream 0x55555715cd30
cnode4-013:2703500:2703500 [7] NCCL INFO Recv: opCount 23 sendbuff (nil) recvbuff 0xe24000000 count 4194304 datatype 8 op 0 root 14 comm 0x55555aa3a270 [nranks=16] stream 0x55555715cd30
cnode4-013:2703500:2703500 [7] NCCL INFO Send: opCount 24 sendbuff (nil) recvbuff 0xe26000000 count 4194304 datatype 8 op 0 root 0 comm 0x55555aa3a270 [nranks=16] stream 0x55555715cd30
cnode4-013:2703500:2703500 [7] NCCL INFO Recv: opCount 24 sendbuff (nil) recvbuff 0xe26000000 count 4194304 datatype 8 op 0 root 14 comm 0x55555aa3a270 [nranks=16] stream 0x55555715cd30
cnode4-013:2703500:2703500 [7] NCCL INFO Send: opCount 25 sendbuff (nil) recvbuff 0xe28000000 count 4194304 datatype 8 op 0 root 0 comm 0x55555aa3a270 [nranks=16] stream 0x55555715cd30
cnode4-013:2703500:2703500 [7] NCCL INFO Recv: opCount 25 sendbuff (nil) recvbuff 0xe28000000 count 4194304 datatype 8 op 0 root 14 comm 0x55555aa3a270 [nranks=16] stream 0x55555715cd30
cnode4-013:2703500:2703500 [7] NCCL INFO Send: opCount 26 sendbuff (nil) recvbuff 0xe2a000000 count 4194304 datatype 8 op 0 root 0 comm 0x55555aa3a270 [nranks=16] stream 0x55555715cd30
cnode4-013:2703500:2703500 [7] NCCL INFO Recv: opCount 26 sendbuff (nil) recvbuff 0xe2a000000 count 4194304 datatype 8 op 0 root 14 comm 0x55555aa3a270 [nranks=16] stream 0x55555715cd30
cnode4-013:2703500:2703500 [7] NCCL INFO Send: opCount 27 sendbuff (nil) recvbuff 0xe2c000000 count 4194304 datatype 8 op 0 root 0 comm 0x55555aa3a270 [nranks=16] stream 0x55555715cd30
cnode4-013:2703500:2703500 [7] NCCL INFO Recv: opCount 27 sendbuff (nil) recvbuff 0xe2c000000 count 4194304 datatype 8 op 0 root 14 comm 0x55555aa3a270 [nranks=16] stream 0x55555715cd30
cnode4-013:2703500:2703500 [7] NCCL INFO Send: opCount 28 sendbuff (nil) recvbuff 0xe2e000000 count 4194304 datatype 8 op 0 root 0 comm 0x55555aa3a270 [nranks=16] stream 0x55555715cd30
cnode4-013:2703500:2703500 [7] NCCL INFO Recv: opCount 28 sendbuff (nil) recvbuff 0xe2e000000 count 4194304 datatype 8 op 0 root 14 comm 0x55555aa3a270 [nranks=16] stream 0x55555715cd30
cnode4-013:2703500:2703500 [7] NCCL INFO Send: opCount 29 sendbuff (nil) recvbuff 0xe30000000 count 4194304 datatype 8 op 0 root 0 comm 0x55555aa3a270 [nranks=16] stream 0x55555715cd30
cnode4-013:2703500:2703500 [7] NCCL INFO Recv: opCount 29 sendbuff (nil) recvbuff 0xe30000000 count 4194304 datatype 8 op 0 root 14 comm 0x55555aa3a270 [nranks=16] stream 0x55555715cd30
cnode4-013:2703500:2703500 [7] NCCL INFO Send: opCount 2a sendbuff (nil) recvbuff 0xe32000000 count 4194304 datatype 8 op 0 root 0 comm 0x55555aa3a270 [nranks=16] stream 0x55555715cd30
cnode4-013:2703500:2703500 [7] NCCL INFO Recv: opCount 2a sendbuff (nil) recvbuff 0xe32000000 count 4194304 datatype 8 op 0 root 14 comm 0x55555aa3a270 [nranks=16] stream 0x55555715cd30
cnode4-013:2703500:2703500 [7] NCCL INFO Send: opCount 2b sendbuff (nil) recvbuff 0xe34000000 count 4194304 datatype 8 op 0 root 0 comm 0x55555aa3a270 [nranks=16] stream 0x55555715cd30
cnode4-013:2703500:2703500 [7] NCCL INFO Recv: opCount 2b sendbuff (nil) recvbuff 0xe34000000 count 4194304 datatype 8 op 0 root 14 comm 0x55555aa3a270 [nranks=16] stream 0x55555715cd30
cnode4-013:2703500:2703500 [7] NCCL INFO Send: opCount 2c sendbuff (nil) recvbuff 0xe36000000 count 4194304 datatype 8 op 0 root 0 comm 0x55555aa3a270 [nranks=16] stream 0x55555715cd30
cnode4-013:2703500:2703500 [7] NCCL INFO Recv: opCount 2c sendbuff (nil) recvbuff cnode4-012:4058830:4058830 [7]cnode4-cnode4-013:2703495:2703495 [2] NCCL Icnode4-013:2703496:2703496 [3]cnode4-013:2703500:2703500 [7] NCCL INFO Send: opCount 2d sendbuff (nil) recvbuff 0xe38000000 count 4194304 datatype 8 op 0 root 0 comm 0x55555aa3a270 [nranks=16] stream 0x55555715cd30
cnode4-013:2703500:2703500 [7] NCCL INFO Recv: opCount 2d sendbuff (nil) recvbuff 0xe38000000 count 4194304 datatype 8 op 0 root 14 comm 0x55555aa3a270 [nranks=16] stream 0x55555715cd30
cnode4-013:2703500:2703500 [7] NCCL INFO Send: opCount 2e sendbuff (nil) recvbuff 0xe3a000000 count 4194304 datatype 8 op 0 root 0 comm 0x55555aa3a270 [nranks=16] stream 0x55555715cd30
cnode4-013:2703500:2703500 [7] NCCL INFO Recv: opCount 2e sendbuff (nil) recvbuff 0xe3a000000 count 4194304 datatype 8 op 0 root 14 comm 0x55555aa3a270 [nranks=16] stream 0x55555715cd30
cnode4-013:2703500:2703500 [7] NCCL INFO Send: opCount 2f sendbuff (nil) recvbuff 0xe3c000000 count 4194304 datatype 8 op 0 root 0 comm 0x55555aa3a270 [nranks=16] stream 0x55555715cd30
cnode4-013:2703500:2703500 [7] NCCL INFO Recv: opCount 2f sendbuff (nil) recvbuff 0xe3c000000 count 4194304 datatype 8 op 0 root 14 comm 0x55555aa3a270 [nranks=16] stream 0x55555715cd30
cnode4-013:2703500:2703500 [7] NCCL INFO Send: opCount 30 sendbuff (nil) recvbuff 0xe3e000000 count 4194304 datatype 8 op 0 root 0 comm 0x55555aa3a270 [nranks=16] stream 0x55555715cd30
cnode4-013:2703500:2703500 [7] NCCL INFO Recv: opCount 30 sendbuff (nil) recvbuff 0xe3e000000 count 4194304 datatype 8 op 0 root 14 comm 0x55555aa3a270 [nranks=16] stream 0x55555715cd30
cnode4-013:2703500:2703500 [7] NCCL INFO Send: opCount 31 sendbuff (nil) recvbuff 0xe40000000 count 4194304 datatype 8 op 0 root 0 comm 0x55555aa3a270 [nranks=16] stream 0x55555715cd30
cnode4-013:2703500:2703500 [7] NCCL INFO Recv: opCount 31 sendbuff (nil) recvbuff 0xe40000000 count 4194304 datatype 8 op 0 root 14 comm 0x55555aa3a270 [nranks=16] stream 0x55555715cd30
cnode4-013:2703500:2703500 [7] NCCL INFO Send: opCount 32 sendbuff (nil) recvbuff 0xe42000000 count 4194304 datatype 8 op 0 root 0 comm 0x55555aa3a270 [nranks=16] stream 0x55555715cd30
cnode4-013:2703500:2703500 [7] NCCL INFO Recv: opCount 32 sendbuff (nil) recvbuff 0xe42000000 count 4194304 datatype 8 op 0 root 14 comm 0x55555aa3a270 [nranks=16] stream 0x55555715cd30
cnode4-013:2703500:2703500 [7] NCCL INFO Send: opCount 33 sendbuff (nil) recvbuff 0xe44000000 count 4194304 datatype 8 op 0 root 0 comm 0x55555aa3a270 [nranks=16] stream 0x55555715cd30
cnode4-013:2703500:2703500 [7] NCCL INFO Recv: opCount 33 sendbuff (nil) recnode4-012:4058830:4058830 [7] NCCL INFO Send: opCount 33 sendbuff (nil) recvbuff 0xe44000000 count 4194304 datatype 8 op 0 root 8 comm 0x55555b55bbc0 [nranks=16] stream 0x55555715cd30
cnode4-012:4058830:4058830 [7] NCCL INFO Recv: opCount 33 sendbuff (nil) recvbuff 0xe44000000 count 4194304 datatype 8 op 0 root 6 comm 0x55555b55bbc0 [nranks=16] stream 0x55555715cd30
cnode4-012:4058830:4058830 [7] NCCL INFO Send: opCount 34 sendbuff (nil) recvbuff 0xe46000000 count 4194304 datacnode4-013:2703500:2703500 [7] NCCL INFO Send: opCount 35 sendbuff (nil) recvbuff 0xe20000000 count 4194304 datatype 8 op 0 root 0 comm 0x55555aa3a270 [nranks=16] stream 0x55555715cd30
cnode4-013:2703500:2703500 [7] NCCL INFO Recv: opCount 35 sendbuff (nil) cnode4-012:4058830:4058830 [7] NCCL INFO Send: opCount 35 sendbuff (nil) recvbuff 0xe20000000 count 4194304 datatcnode4-013:2703500:2703500 [7] NCCL INFO Send: opCount 36 sendbuff (nil) recvbuff 0xa20000000 count 8388608 datatype 8 op 0 root 0 comm 0x55555aa3a270 [nranks=16] stream 0x55555715cd30
cnode4-013:2703500:2703500 [7] NCCL INFO Recv: opCount 36 sendbuff (nil) recvbuff 0xe20000000 count 8388608 datatype 8 op 0 root 14 comm 0x55555aa3a270 [nranks=16] stream 0x55555715cd30
cnode4-013:2703500:2703500 [7] NCCL INFO Send: opCount 37 sendbuff (nil) recvbuff 0xa20000000 count 8388608 datatype 8 op 0 root 0 comm 0x55555aa3a270 [nranks=16] stream 0x55555715cd30
cnode4-013:2703500:2703500 [7] NCCL INFO Recv: opCount 37 sendbuff (nilcnode4-012:4058830:4058830 [7] NCCL INFO Send: opCount 37 sendbuff (nil) recvbuff 0xa20000000 count 8388608 datatypcnode4-013:2703500:2703500 [7] NCCL INFO Send: opCount 38 sendbuff (nicnode4-012:4058830:4058830 [7] NCCL INFO Recv: opCount 37 sendbuff (nil) recvbuff 0xe20000000 count 8388608 datatype 8 op 0 root 6 comm 0x55555b55bbc0 [nranks=16] stream 0x55555715cd30
cnode4-012:4058830:4058830 [7] NCCL INFO Send: opCount 38 sendbuff (nil) recvbuff 0xa24000000 count 8388608 datatype 8 op 0 root 8 comm 0x55555b55bbc0 [nranks=16] stream 0x55555715cd30
cnode4-012:4058830:4058830 [7] NCCL INFO Recv: opCount 38 sendbuff (nil) recvbuff 0xe24000000 count 8388608 datatype 8 op 0 root 6 comm 0x55555b55bbc0 [nranks=16] stream 0x55555715cd30
cnode4-012:4058830:4058830 [7] NCCL INFO Send: opCount 39 sendbuff (nil) recvbuff 0xa28000000 count 8388608 datatype 8 op 0 root 8 comm 0x55555b55bbc0 [nranks=16] stream 0x55555715cd30
cnode4-012:4058830:4058830 [7] NCCL INFO Recv: opCount 39 sendbuff (nil) recvbuff 0xe28000000 count 8388608 datatype 8 op 0 root 6 comm 0x55555b55bbc0 [nranks=16] stream 0x55555715cd30
cnode4-012:4058830:4058830 [7] NCCL INFO Send: opCount 3a sendbuff (nil) recvbuff 0xa2c000000 count 8388608 datatype 8 op 0 root 8 comm 0x55555b55bbc0 [nranks=16] stream 0x55555715cd30
cnode4-012:4058830:4058830 [7] NCCL INFO Recv: opCount 3a sendbuff (nil) recvbuff 0xe2c000000 count 8388608 datatype 8 op 0 root 6 comm 0x55555b55bbc0 [nranks=16] stream 0x55555715cd30
cnode4-012:4058830:4058830 [7] NCCL INFO Send: opCount 3b sendbuff (nil) recvbuff 0xa30000000 count 8388608 datatype 8 op 0 root 8 comm 0x55555b55bbc0 [nranks=16] stream 0x55555715cd30
cnode4-012:4058830:4058830 [7] NCCL INFO Recv: opCount 3b sendbuff (nil) recvbuff 0xe30000000 count 8388608 datatype 8 op 0 root 6 comm 0x55555b55bbc0 [nranks=16] stream 0x55555715cd30
cnode4-012:4058830:4058830 [7] NCCL INFO Send: opCount 3c sendbuff (nil) recvbuff 0xa34000000 count 8388608 datatype 8 op 0 root 8 comm 0x55555b55bbc0 [nranks=16] stream 0x55555715cd30
cnode4-012:4058830:4058830 [7] NCCL INFO Recv: opCount 3c sendbuff (nil) recvbuff 0xe34000000 count 8388608 datatype 8 op 0 root 6 comm 0x55555b55bbc0 [nranks=16] stream 0x55555715cd30
cnode4-012:4058830:4058830 [7] NCCL INFO Send: opCount 3d sendbuff (nil) recvbuff 0xa38000000 count 8388608 datatype 8 op 0 root 8 comm 0x55555b55bbc0 [nranks=16] stream 0x55555715cd30
cnode4-012:4058830:4058830 [7] NCCL INFO Recv: opCount 3d sendbuff (nil) recvbuff 0xe38000000 count 8388608 datatype 8 op 0 root 6 comm 0x55555b55bbc0 [nranks=16] stream 0x55555715cd30
cnode4-012:4058830:4058830 [7] NCCL INFO Send: opCount 3e sendbuff (nil) recvbuff 0xa3c000000 count 8388608 datatype 8 op 0 root 8 comm 0x55555b55bbc0 [nranks=16] stream 0x55555715cd30
cnode4-012:4058830:4058830 [7] NCCL INFO Recv: opCount 3e sendbuff (nil) recvbuff 0xe3c000000 count 8388608 datatype 8 op 0 root 6 comm 0x55555b55bbc0 [nranks=16] stream 0x55555715cd30
cnode4-012:4058830:4058830 [7] NCCL INFO Send: opCount 3f sendbuff (nil) recvbuff 0xa40000000 count 8388608 datatype 8 op 0cnode4-013:2703500:2703500 [7] NCCL INFO Send: opCount 40 sendbuff (nil) recvbuff 0xa44000000 count 8388608 datatype 8 op 0 root 0 comm 0x55555aa3a270 [nranks=16] stream 0x55555715cd30
cnode4-013:2703500:2703500 [7] NCCL INFO Recv: opCount 40 sendcnode4-012:4058830:4058830 [7] NCCL INFO Send: opCount 40 sendbuff (nil) recvbuff 0xa44000000 count 8388608 datatype 8 op 0 root 8 comm 0x55555b55bbc0 [nranks=16] stream 0x55555715cd30
cnode4-012:4058830:4058830 [7] NCCL INFO Recv: opCount 40 sendbuff (nil) recvbuff 0xe44000000 count 8388608 datatype 8 op 0 root 6 comm 0x55555b55bbc0 [nranks=16] stream 0x55555715cd30
cnode4-012:4058830:4058830 [7] NCCL INFO Send: opCount 41 sendbuff (nil) recvbuff 0xa48000000 count 8388608 datatype 8 op 0 root 8 comm 0x55555b55bbc0 [nranks=16] stream 0x55555715cd30
cnode4-012:4058830:4058830 [7] NCCL INFO Recv: opCount 41 sendbuff (nil) recvbuff 0xe48000000 count 8388608 datatype 8 op 0 root 6 comm 0x55555b55bbc0 [nranks=16] stream 0x55555715cd30
cnode4-012:4058830:4058830 [7] NCCL INFO Send: opCount 42 sendbuff (nil) recvbuff 0xa4c000000 count 8388608 datatype 8 op 0 rocnode4-013:2703500:2703500 [7] NCCL INFO Send: opCount 43 scnode4-012:4058830:4058830 [7] NCCL INFO Recv: opCount 42 sendbuff (nil) recvbuff 0xe4c000000 count 8388608 datatype 8 op 0 root 6 comm 0x55555b55bbc0 [nranks=16] stream 0x55555715cd30
cnode4-012:4058830:4058830 [7] NCCL INFO Send: opCount 43 sendbuff (nil) recvbuff 0xa50000000 count 8388608 datatype 8 op 0 root 8 comm 0x55555b55bbc0 [nranks=16] stream 0x55555715cd30
cnode4-012:4058830:4058830 [7] NCCL INFO Recv: opCount 43 sendbuff (nil) recvbuff 0xe50000000 count 8388608 datatype 8 op 0 root 6 comm 0x55555b55bbc0 [nranks=16] stream 0x55555715cd30
cnode4-012:4058830:4058830 [7] NCCL INFO Send: opCount 44 sendbuff (nil) recvbuff 0xa54000000 count 8388608 datatype 8 op 0 root 8 comm 0x55555b55bbc0 [nranks=16] stream 0x55555715cd30
cnode4-012:4058830:4058830 [7] NCCL INFO Recv: opCount 44 sendbuff (nil) recvbuff 0xe54000000 count 8388608 datatype 8 op 0 root 6 comm 0x55555b55bbc0 [nranks=16] stream 0x55555715cd30
cnode4-012:4058830:4058830 [7] NCCL INFO Send: opCount 45 sendbuff (nil) recvbuff 0xa58000000 count 8388608 datatype 8 op 0 root 8 comm 0x55555b55bbc0 [nranks=16] stream 0x55555715cd30
cnode4-012:4058830:4058830 [7] NCCL INFO Recv: opCount 45 sendbuff (nil) recvbuff 0xe58000000 count 8388608 datatype 8 op 0 root 6 comm 0x55555b55bbc0 [nranks=16] stream 0x55555715cd30
cnode4-012:4058830:4058830 [7] NCCL INFO Send: opCount 46 sendbuff (nil) recvbuff 0xa5c000000 count 8388608 datatype 8 op 0 root 8 comm 0x55555b55bbc0 [nranks=16] stream 0x55555715cd30
cnode4-012:4058830:4058830 [7] NCCL INFO Recv: opCount 46 sendbuff (nil) recvbuff 0xe5c000000 count 8388608 datatype 8 op 0 root 6 comm 0x55555b55bbc0 [nranks=16] stream 0x55555715cd30
cnode4-012:4058830:4058830 [7] NCCL INFO Send: opCount 47 sendbuff (nil) recvbuff 0xa60000000 count 8388608 datatype 8 op 0 root 8 comm 0x55555b55bbc0 [nranks=16] stream 0x55555715cd30
cnode4-012:4058830:4058830 [7] NCCL INFO Recv: opCount 47 sendbuff (nil) recvbuff 0xe60000000 count 8388608 datatype 8 op 0 root 6 comm 0x55555b55bbc0 [nranks=16] stream 0x55555715cd30
cnode4-012:4058830:4058830 [7] NCCL INFO Send: opCount 48 sendbuff (nil) recvbuff 0xa64000000 count 8388608 datatype 8 op 0 root 8 comm 0x55555b55bbc0 [nranks=16] stream 0x55555715cd30
cnode4-012:4058830:4058830 [7] NCCL INFO Recv: opCount 48 sendbuff (nil) recvbuff 0xe64000000 count 8388608 datatype 8 op 0 root 6 comm 0x55555b55bbc0 [nranks=16] stream 0x55555715cd30
cnode4-012:4058830:4058830 [7] NCCL INFO Send: opCount 49 sendbuff (nil) recvbuff 0xa68000000 count 8388608 datatype 8 op 0 root 8 comm 0x55555b55bbc0 [nranks=16] stream 0x55555715cd30
cnode4-012:4058830:4058830 [7] NCCL INFO Recv: opCount 49 sendbuff (nil) recvbuff 0xe68000000 count 8388608 datatype 8 op 0 root 6 comm 0x55555b55bbc0 [nranks=16] stream 0x55555715cd30
cnode4-012:4058830:4058830 [7] NCCL INFO Send: opCount 4a sendbuff (nil) recvbuff 0xa6c000000 count 8388608 datatype 8 op 0 root 8 comcnode4-013:2703500:2703500 [7] NCCL INFO Send: opCount 4b sendbuff (nil) recvbuff 0xa20000000 count 8388608 datatype 8 op 0 root 0 comm 0x55555aa3a270 [nranks=16] stream 0x55555715cd30
cnode4-013:2703500:2703500 [7] NCCL INFO Recv: opCount 4b sendbuff (nil) recvbuff 0xe20000000 count 8388608 datatype 8 op 0 root 14 comm 0x55555aa3a270 [nranks=16] stream 0x55555715cd30
cnode4-013:2703500:2703500 [7] NCCL INFO Send: opCount 4c sendbuff (nil) recvbuff 0xe20000000 count 8388608 datatype 8 op 0 root 0 comm 0x55555aa3a270 [nranks=16] stream 0x55555715cd30
cnode4-013:2703500:2703500 [7] NCCL INFO Recv: opCcnode4-012:4058830:4058830 [7] NCCL INFO Send: opCount 4c sendbuff (nil) recvbuff 0xe20000000 count 8388608 datatype 8 op 0 root 8 comm cnode4-013:2703500:2703500 [7] NCCL INFO Send: opCount 4d sendbuff (nil) recvbuff 0xe20000000 count 8388608 datatype 8 op 0 root 0 comm 0x55555aa3a270 [nranks=16] stream 0x55555715cd30
cnode4-013:2703500:2703500 [7] NCCL INFO Recv: opCount 4d sendbuff (nil) recvbuff 0xe20000000 count 8388608 datatype 8 op 0 root 14 comm 0x55555aa3a270 [nranks=16] stream 0x55555715cd30
cnode4-013:2703500:2703500 [7] NCCL INFO Send: opCount 4e sendbuff (nil) recvbuff 0xe24000000 count 8388608 datatype 8 op 0 root 0 comm 0x55555aa3a270 [nranks=16] stream 0x55555715cd30
cnode4-013:2703500:2703500 [7] NCCL INFO Recv: opCount 4e sendbuff (nil) recvbuff 0xe24000000 count 8388608 datatype 8 op 0 root 14 comm 0x55555aa3a270 [nranks=16] stream 0x55555715cd30
cnode4-013:2703500:2703500 [7] NCCL INFO Send: opCount 4f sendbuff (nil) recvbuff 0xe28000000 count 8388608 datatype 8 op 0 root 0 comm 0x55555aa3a270 [nranks=16] stream 0x55555715cd30
cnode4-013:2703500:2703500 [7] NCCL INFO Recv: opCount 4f sendbuff (nil) recvbuff 0xe28000000 count 8388608 datatype 8 op 0 root 14 comm 0x55555aa3a270 [nranks=16] stream 0x55555715cd30
cnode4-013:2703500:2703500 [7] NCCL INFO Send: opCount 50 sendbuff (nil) recvbuff 0xe2c000000 count 8388608 datatype 8 op 0 root 0 comm 0x55555aa3a270 [nranks=16] stream 0x55555715cd30
cnode4-013:2703500:2703500 [7] NCCL INFO Recv: opCount 50 sendbuff (nil) recvbuff 0xe2c000000 count 8388608 datatype 8 op 0 root 14 comm 0x55555aa3a270 [nranks=16] stream 0x55555715cd30
cnode4-013:2703500:2703500 [7] NCCL INFO Send: opCount 51 sendbuff (nil) recvbuff 0xe30000000 count 8388608 datatype 8 op 0 root 0 comm 0x55555aa3a270 [nranks=16] stream 0x55555715cd30
cnode4-013:2703500:2703500 [7] NCCL INFO Recv: opCount 51 sendbuff (nil) recvbuff 0xe30000000 count 8388608 datatype 8 op 0 root 14 comm 0x55555aa3a270 [nranks=16] stream 0x55555715cd30
cnode4-013:2703500:2703500 [7] NCCL INFO Send: opCount 52 sendbuff (nil) recvbuff 0xe34000000 count 8388608 datatype 8 op 0 root 0 comm 0x55555aa3a270 [nranks=16] stream 0x55555715cd30
cnode4-013:2703500:2703500 [7] NCCL INFO Recv: opCount 52 sendbuff (nil) recvbuff 0xe34000000 count 8388608 datatype 8 op 0 root 14 comm 0x55555aa3a270 [nranks=16] stream 0x55555715cd30
cnode4-013:2703500:2703500 [7] NCCL INFO Send: opCount 53 sendbuff (nil) recvbuff 0xe38000000 count 8388608 datatype 8 op 0 root 0 comm 0x55555aa3a270 [nranks=16] stream 0x55555715cd30
cnode4-013:2703500:2703500 [7] NCCL INFO Recv: opCount 53 sendbuff (nil) recvbuff 0xe38000000 count 8388608 datatype 8 op 0 root 14 comm 0x55555aa3a270 [nranks=16] stream 0x55555715cd30
cnode4-013:2703500:2703500 [7] NCCL INFO Send: opCount 54 sendbuff (nil) recvbuff 0xe3c000000 count 8388608 datatype 8 op 0 root 0 comm 0x55555aa3a270 [nranks=16] stream 0x55555715cd30
cnode4-013:2703500:2703500 [7] NCCL INFO Recv: opCount 54 sendbuff (nil) recvbuff 0xe3c000000 count 8388608 datatype 8 op 0 root 14 comm 0x55555aa3a270 [nranks=16] stream 0x55555715cd30
cnode4-013:2703500:2703500 [7] NCCL INFO Send: opCount 55 sendbuff (nil) recvbuff 0xe40000000 count 8388608 datatype 8 op 0 root 0 comm 0x55555aa3a270 [nranks=16] stream 0x55555715cd30
cnode4-013:2703500:2703500 [7] NCCL INFO cnode4-012:4058830:4058830 [7] NCCL INFO Send: opCount 55 sendbuff (nil) recvbuff 0xe40000000 count 8388608 datatype 8 op 0 root 8 comm 0x55555b55bbc0 [nranks=16] stream 0x55555715cd30
cnode4-012:4058830:4058830 [7] NCCL INFO Recv: opCount 55 sendbuff (nil) recvbuff 0xe40000000 count 8388608 datatype 8 op 0 root 6 comm 0x55555b55bbc0 [nranks=16] stream 0x55555715cd30
cnode4-012:4058830:4058830 [7] NCCL INFO Send: opCount 56 sendbuff (nil) recvbuff 0xe44000000 count 8388608 datatype 8 op 0 root 8 comm 0x55555b55cnode4-013:2703500:2703500 [7] NCCL INFO Send: opCount 57 sendbuff (nil) recvbuff 0xe48000000 count 8388608 datatype 8 op 0 root 0 comm 0x55555aa3a270 [nranks=16] stream 0x55555715cd30
cnode4-013:2703500:2703500 [7] NCCL INFO Recv: opCount 57 sendbuff (nil) recvbuff 0xe48000000 count 8388608 datatype 8 op 0 root 14 comm 0x55555aa3a270 [nranks=16] stream 0x55555715cd30
cnode4-013:2703500:2703500 [7] NCCL INFO Send: opCount 58 sendbuff (nil) recvbuff 0xe4c000000 count 8388608 datatype 8 op 0 root 0 comm 0x55555aa3a270 [nranks=16] stream 0x55555715cd30
cnode4-013:2703500:2703500 [7] NCCL INFO Recv: opCount 58 sendbuff (nil) recvbuff 0xe4c000000 count 8388608 datatype 8 op 0 root 14 comm 0x55555aa3a270 [nranks=16] stream 0x55555715cd30
cnode4-013:2703500:2703500 [7] NCCL INFO Send: opCount 59 sendbuff (nil) recvbuff 0xe50000000 count 8388608 datatype 8 op 0 root 0 comm 0x55555aa3a270 [nranks=16] stream 0x55555715cd30
cnode4-013:2703500:2703500 [7] NCCL INFO Recv: opCount 59 sendbuff (nil) recvbuff 0xe50000000 count 8388608 datatype 8 op 0 root 14 comm 0x55555aa3a270 [nranks=16] stream 0x55555715cd30
cnode4-013:2703500:2703500 [7] NCCL INFO Send: opCount 5a sendbuff (nil) recvbuff 0xe54000000 count 8388608 datatype 8 op 0 root 0 comm 0x55555aa3a270 [nranks=16] stream 0x55555715cd30
cnode4-013:2703500:2703500 [7] NCCL INFO Recv: opCount 5a sendbuff (nil) recvbuff 0xe54000000 count 8388608 datatype 8 op 0 root 14 comm 0x55555aa3a270 [nranks=16] stream 0x55555715cd30
cnode4-013:2703500:2703500 [7] NCCL INFO Send: opCount 5b sendbuff (nil) recvbuff 0xe58000000 count 8388608 datatype 8 op 0 root 0 comm 0x55555aa3a270 [nranks=16] stream 0x55555715cd30
cnode4-013:2703500:2703500 [7] NCCL INFO Recv: opCount 5b sendbuff (nil) recvbuff 0xe58000000 count 8388608 datatype 8 op 0 root 14 comm 0x55555aa3a270 [nranks=16] stream 0x55555715cd30
cnode4-013:2703500:2703500 [7] NCCL INFO Send: opCount 5c sendbuff (nil) recvbuff 0xe5c000000 count 8388608 datatype 8 op 0 root 0 comm 0x55555aa3a270 [nranks=16] stream 0x55555715cd30
cnode4-013:2703500:2703500 [7] NCCL INFO Recv: opCount 5c sendbuff (nil) recvbuff 0xe5c000000 count 8388608 datatype 8 op 0 root 14 comm 0x55555aa3a270 [nranks=16] stream 0x55555715cd30
cnode4-013:2703500:2703500 [7] NCCL INFO Send: opCount 5d sendbuff (nil) recvbuff 0xe60000000 count 8388608 datatype 8 op 0 root 0 comm 0x55555aa3a270 [nranks=16] stream 0x55555715cd30
cnode4-013:2703500:2703500 [7] NCCL INFO Recv: opCount 5d sendbuff (nil) recvbuff 0xe60000000 count 8388608 datatype 8 op 0 root 14 comm 0x55555aa3a270 [nranks=16] stream 0x55555715cd30
cnode4-013:2703500:2703500 [7] NCCL INFO Send: opCount 5e sendbuff (nil) recvbuff 0xe64000000 count 8388608 datatype 8 op 0 root 0 comm 0x55555aa3a270 [nranks=16] stream 0x55555715cd30
cnode4-013:2703500:2703500 [7] NCCL INFO Recv: opCount 5e sendbuff (nil) recvbuff 0xe64000000 count 8388608 datatype 8 op 0 root 14 comm 0x55555aa3a270 [nranks=16] stream 0x55555715cd30
cnode4-013:2703500:2703500 [7] NCCL INFO Send: opCount 5f sendbuff (nil) recvbuff 0xe68000000 count 8388608 datatype 8 op 0 root 0 comm 0x55555aa3a270 [nranks=16] stream 0x55555715cd30
cnode4-013:2703500:2703500 [7] NCCL INFO Recv: opCount 5f sendbuff (nil) recvbuff 0xe68000000 count 8388608 datatype 8 op 0 root 14 comm 0x55555aa3a270 [nranks=16] stream 0x55555715cd30
cnode4-013:2703500:2703500 [7]cnode4-012:4058830:4058830 [7] NCCL INFO Recv: opCount 5f sendbuff (nil) recvbuff 0xe68000000 count 8388608 datatype 8 op 0 root 6 comm 0x55555b55bbc0 [nranks=16] stream 0x55555715cd30
cnode4-012:4058830:4058830 [7] NCCL INFO Send: opCount 60 sendbuff (nil) recvbuff 0xe6c000000 count 8388608 datatype 8 op 0 root 8 comm 0x55555b55bbc0 [nrancnode4-013:2703500:2703500 [7] NCCL INFO Send: opCount 61 sendbuff (nil) recvbuff 0xe20000000 count 8388608 datatype 8 op 0 root 0 comm 0x55555aa3a270 [nranks=16] stream 0x55555715cd30
cnode4-013:2703500:2703500 [7cnode4-012:4058830:4058830 [7] NCCL INFO Send: opCount 61 sendbuff (nil) recvbuff 0xe20000000 count 8388608 datatype 8 op 0 root 8 comm 0x55555b55bbc0 [nrankcnode4-013:2703500:2703500 [7] NCCL INFO Send: opCount 62 sendbuff (nil) recvbuff 0xa20000000 count 16777216 datatype 8 op 0 root 0 comm 0x55555aa3a270 [nranks=16] stream 0x55555715cd30
cnode4-013:2703500:2703500 [7] NCCL INFO Recv: opCount 62 sendbuff (nil) recvbuff 0xe20000000 count 16777216 datatype 8 op 0 root 14 comm 0x55555aa3a270 [nranks=16] stream 0x55555715cd30
cnode4-013:2703500:2703500 [7] NCCL INFO Send: opCount 63 sendbuff (nil) recvbuff 0xa20000000 count 16777216 datatype 8 op 0 root 0 comm 0x55555aa3a270 [nranks=16] stream 0x55555715cd30
cnode4-013:2703500:2703500cnode4-012:4058830:4058830 [7] NCCL INFO Send: opCount 63 sendbuff (nil) recvbuff 0xa20000000 count 16777216 datatype 8 op 0 root 8 comm 0x55555b55bbc0 [nranks=1cnode4-013:2703500:270350cnode4-012:4058830:4058830 [7] NCCL INFO Recv: opCount 63 sendbuff (nil) recvbuff 0xe20000000 count 16777216 datatype 8 op 0 root 6 comm 0x55555b55bbc0 [nranks=16] stream 0x55555715cd30
cnode4-012:4058830:4058830 [7] NCCL INFO Send: opCount 64 sendbuff (nil) recvbuff 0xa28000000 count 16777216 datatype 8 op 0 root 8 comm 0x55555b55bbc0 [nranks=16] stream 0x55555715cd30
cnode4-012:4058830:4058830 [7] NCCL INFO Recv: opCount 64 sendbuff (nil) recvbuff 0xe28000000 count 16777216 datatype 8 op 0 root 6 comm 0x55555b55bbc0 [nranks=16] stream 0x55555715cd30
cnode4-012:4058830:4058830 [7] NCCL INFO Send: opCount 65 sendbuff (nil) recvbuff 0xa30000000 count 16777216 datatype 8 op 0 root 8 comm 0x55555b55bbc0 [nranks=16] stream 0x55555715cd30
