cnode4-009:1449621:1449621 [5] NCCL INFO channel.cc:93 Cuda Alloc Size 4864 pointer 0x1552b2000000
cnode4-009:1449621:1449621 [5] NCCL INFO channel.cccnode4-009:1449622:1449622 [6] NCCL INFO channel.cc:93 Cuda Alloc Size 4864 pointer 0x1552b2400000
cnode4-009:1449622:1449622 [6] NCCL INFO channel.cc:93 Cuda Alloc Size 4864 pointer 0x1552b2600000
cnode4-009:1449622:1449622 [6] NCCL INFO channel.cc:93 Cuda Alloc Size 4864 pointer 0x1552b2800000
cnode4-009:1449622:1449622 [6] NCCL INFO channel.cc:93 Cuda Alloc Size 4864 pointer 0x1552b2a00000
cnode4-009:1449622:1449622 [6] NCCL INFO channel.cc:93 Cuda Alloc Size 4864 pointer 0x1552b2c00000
cnode4-009:1449622:1449622 [6] NCCL INFO NVLS importing shareableHandle 0x7fffffff9410 from rank 8
cnode4-009:1449622:1449622 [6] NCCL INFO ncclPollProxyResponse Received new opId=0x555562694540
cnode4-009:1449622:1449622 [6] NCCL INFO resp.opId=0x555562694540 matches expected opId=0x555562694540
cnode4-009:1449622:1449622 [6] NCCL INFO Connected to proxy localRank 0 -> connection 0x155264000ff0
cnode4-009:1449622:1449622 [6] NCCL INFO ProxyCall UDS comm 0x55555aa44c70 rank 6 tpRank 8(e9c1cee62168a4c6) reqSize 8 respSize 0 respFd 0x7fffffff931c opId 0x9d2ce50edb6d26ce
cnode4-009:1449622:1449622 [6] NCCL INFO ProxyCall UDS comm 0x55555aa44c70 rank 6 tpRank 8(e9c1cee62168a4c6) reqSize 8 respSize 0 respFd 299 opId 0x9d2ce50edb6d26ce - DONE
cnode4-009:1449622:1449622 [6] NCCL INFO UDS: Ccnode4-009:1449617:1449617 [1] NCCL INFO NVLS rank 9 (dev 1) alloc doncnode4-009:1449619:1449619 [3] NCCL INFO NVLS rank 11 (dev 3) alloc done, ucptr 0x1552b2e00000 ucgran 2097152 mcptr 0x1552b3000000 mcgran 2097152 ucsize 2097152 mcsize 2097152 (inputsize 16384)
cnode4-009:1449619:1449619 [3] NCCL INFO TUNER/Plugin: Could not find: libnccl-tuner.so. Using internal tuner plugin.
cnode4-009:1449619:1449619 [3] NCCL INFO threadThresholds 8/8/64 | 128/8/64 | 512 | 512
cnode4-009:1449619:1449619 [3] NCCL INFO 16 coll channels, 16 collnecnode4-009:1449617:1449617 [1] NCCL INFO init.cc:492 Cuda Alloc Size 23648 pointer 0x1552b3200000
cnode4-009:1449617:1449617 [1] NCCL INFO init.cc:494 Cuda Alloc Size 64 pointer 0x1552b3400000
cnode4-009:1449617:1449617 [1] NCCL INFO icnode4-009:1449623:1449623 [7] NCCL INFO init.cc:536 Cuda Host Alloc Size 1048576 pointer 0x1552c5e00200
cnode4-009:1449623:1449623 [7] NCCL INFO init.cc:546 Cuda Host Alloc Size 65536 pointer 0x1552c5f00200
cnode4-009:1449623:1449623 [7] NCCL INFO init.cc:547 Cuda Hoscnode4-009:1449617:1449617 [1] NCCL INFcnode4-009:1449618:1449618 [2] NCCcnode4-009:1449620:1449620 [4] NCCL INFO ncclCommInitRankConfig comm 0x55555b444a70 rank 12 nranks 16 cudaDev 4 nvmlDev 4 busId 9d000 commId 0cnode4-009:1449618:1449618 [2] NCCcnode4-009:1449622:1449622 [6] NCCL INFO Init timings - ncclCommInitRankConfig: rank 14 nranks 16 total 7.49 (kernels 0.58, alloc 3.48, bootstrap 0cnode4-009:1449617:1449617 [1] NCCL INFO cnode4-009:1449618:1449618 [2] NCCL INFO Send: opCount 0 sendbuff (nil) recvbuff 0xa20000000 count 4194304 datatype 8 op 0 root 11 comm 0x55555acnode4-009:1449617:1449617 [1] NCCL INFO cnode4-009:1449618:1449618 [2] NCCL INFO misc/utilcnode4-009:1449617:1449617 [1] NCCL INFO cnode4-009:1449618:1449618 [2] NCCL INFO Recv: opCount 0 sendbuff (nil) recvbuff 0xe20000000 count 4194304 datatype 8 op 0 root 9 comm 0x55555acnode4-009:1449617:1450120 [1] NCCL INFO cnode4-009:1449618:1450106 [2] NCCL INFO Mem Realloc old size 0, new size 8 pointer 0x15526c000d00
cnode4-009:1449618:1450106 [2] NCCLcnode4-009:1449620:1450113 [4] NCCL INFO New proxy recv connection 0 from local rank 4, transport 0
cnode4-009:1449620:1450113 [4] NCCL INFO proxyProgressAsync opId=0x555563094360 op.type=1 op.reqBuff=cnode4-009:1449618:1449618 [2] NCCL INFO ncclPollProxyResponse Received new opId=0x55556268bfb0
cnode4-009:1449618:1449618 [2] NCCL INFO resp.opId=0x55556268bfb0 matches expected opId=0x55556268bfb0
cnode4-009:1449618:1449618 [2] NCCL INFO Connected to proxy localRank 2 -> connection 0x15526c000d20
cnode4-009:1449618:1450106 [2] NCCL INFO Received and initiated operation=Init res=0
cnode4-009:1449618:1450106 [2] NCCL INFO Allocated shareable buffer 0x1552b3600000 size 10485760 ipcDesc 0x15526c0049a0
cnode4-009:1449618:1450106 [2] NCCL INFO proxyProgressAsync opId=0x55556268bfb0 op.type=3 op.reqBuff=0x15526c004970 op.respSize=88 done
cnode4-009:1449618:1449618 [2] NCCL INFO ncclPollProxyResponse Received new opId=0x55556268bfb0
cnode4-009:1449618:1449618 [2] NCCL INFO resp.opId=0x55556268bfb0 matches expected opId=0x55556268bfb0
cnode4-009:1449618:1450106 [2] NCCL INFO Rececnode4-009:1449617:1450120 [1] NCCL INFO cnode4-009:1449618:1450106 [2] NCCL INFO New proxy recv connection 1 from local rank 2, transport 0
cnode4-009:1449618:1450106 [2] NCCL INFO proxyProgressAsync opId=0x55556268bfb0 op.type=1 op.reqBuff=0x15526c0061c0 op.respSize=16 done
cnode4-009:1449618:1449618 [2] NCCL INFO ncclPollProxyResponse Received new opId=0x55556268bfb0
cnode4-009:1449618:1450106 [2] NCCL INFO Received and initiated operation=Init res=0
cnode4-009:1449618:1449618 [2] NCCL INFO resp.opId=0x55556268bfb0 matches expected opId=0x55556268bfb0
cnode4-009:1449618:1449618 [2] NCCL INFO Connected to proxy cnode4-009:1449617:1450120 [1] NCCL INFO cnode4-009:1449618:1450106 [2] NCCL INFO Allocated shareable buffer 0x1552b4000000 size 10485760 ipcDesc 0x15526c006270
cnode4-009:1449618:1450106 [2] NCCL INFO proxyProgressAsync opId=0x55556268bfb0 op.type=3 op.reqBuff=0x15526c006240 op.respSize=88 done
cnode4-009:1449618:1449618 [2] NCCL INFO ncclPollProxyResponse Received new opId=0x55556268bfb0
cnode4-009:1449618:1450106 [2] NCCL INFO Received and initiated operation=Setup res=0
cnode4-009:1449618:1449618 [2] NCCL INFO resp.opId=0x55556268bfb0 matches expected opId=0x55556268bfb0
cnode4-009:1449618:1449618 [2] NCCL INFO Chcnode4-009:1449617:1450120 [1] NCCL INFO New proxy send connection 2 from local rank 1, transport 0
cnode4-009:1449617:1450120 [1] NCCL INFO proxyProgressAsync opId=0x555562567c80 op.type=1 op.reqBuff=0x15526c007ac0 op.respSize=16 done
cnode4-009:1449617:1449617 [1] NCCL INFO ncclPollProxyResponse Received new opId=0x555562567c80
cnode4-009:1449617:1450120 [1] NCCL INFO Received and initiated operation=Init res=0
cnode4-009:1449617:1449617 [1] NCCL INFO resp.opId=0x555562567c80 matches expected opId=0x555562567c80
cnode4-009:1449617:1449617 [1] NCCL INFO Connected to proxy localRank 1 -> connection 0x15526c000e10
cnode4-009:1449617:1450120 [1] NCCL INFO Allocated shareable buffer 0x1552b4a00000 size 2097152 ipcDesc 0x15526c007b50
cnode4-009:1449617:1450120 [1] NCCL INFO proxyProgressAsync opId=0x555562567c80 op.type=3 op.reqBuff=0x15526c007ae0 op.respSize=88 done
cnode4-009:1449617:1449617 [1] NCCL INFO ncclPollProxyResponse Received new opId=0x555562567c80
cnode4-009:1449617:1450120 [1] NCCL INFO Received and initiated operation=Setup res=0
cnode4-009:1449617:1449617 [1] NCCL INFO resp.opId=0x555562567c80 matches expected opId=0x555562567c80
cnode4-009:1449617:1449617 [1] NCCL INFO Channel 01/1 : 9[1] -> 10[2] via P2P/CUMEM
cnode4-009:1449617:1450120 [1] NCCL INFO New proxy send connection 3 from local rank 1, transport 0
cnode4-009:1449617:1450120 [1] NCCL INFO proxyProgressAsync opId=0x555562567c80cnode4cnode4-008:2247296:2247296 [7] NCCL INFO ncclPollPrcnode4-009:1449617:1449617 [1] NCCL INFO ncclPollProxyResponse Received new opId=0x555562567c80
cnode4-009:1449617:1449617 [cnodecnode4-008:2247294:2247868 [5] NCCL INFO New proxy send connection 3 from local rank 5, transport 0
cnode4-008:2247294:224786cnode4-008:2247296:2247296 [7] NCCL INFO ncclPollProxyResponse Received new opId=0x55556256d1c0
cnode4-008:2247296:2247296 [7] NCCLcnode4-009:1449617:1450120 [1] NCCL INFO Allocated shareable buffer 0x1552b4c00000 size 2097152 ipcDesc 0x15526c009380
cnode4-009:1449617:1450120 [1] NCCL INFO proxyProgressAsync opId=0x555562567c80 op.type=3 op.reqBuff=0x15526c009310 op.respSize=88 done
cnode4-009:1449617:1449617 [1] NCCL INFO ncclPollProxyResponse Received new opId=0x5555625cnode4-008:2247296:2247296 [7] NCCL INFO ProxyCall UDS comm 0x55555a91dd20 rank 7 tpRank 6(42c249c0caa11fb5) reqSize 8 respSize 0 respFd 304 opId 0xe9be712547972aa3 - DONE
cnode4-008:2247296:2247cnode4-009:1449617:1450120 [1] NCCL INFO Necnode4-009:1449618:1450106 [2] NCCL INFO New proxy send connection 4 from local rank 1, transport 0
cnode4-009:1449618:1450106 [2] NCCL INFO proxyProgressAsycnode4-008:2247296:2247867 [7] NCCL INFO New proxy send connection 2 from local rank 6, transport 0
cnode4-008:2247296:22cnode4-009:1449617:1450121 [1] NCCL INFO prcnode4-009:1449618:1449618 [2] NCCL INFO ncclPollProxyResponse Received new opId=0x55556268bfb0
cnode4-009:1449618:1449618 [2] NCCL INFO resp.opId=0x55556268cnode4-008:2247296:2247296 [7] NCCL INFO Impocnode4-009:1449617:1449617 [1] NCCL INFO ncclPollProxyResponse Received new opId=0x555562567c80
cnode4-009:1449617:1449617 [1] NCCL INFO resp.opId=0x555562567c80 matches excnode4-009:1449623:1449623 [7] NCCL INFO ProxyCall UDS comm 0x55555cnode4-008:2247296:2247869 [7] NCCL cnode4-009:1449618:1450107 [2] NCCL INFO proxyUDSRecvReq::ncclProxyMsgGetFd rank 1 opId 0xc12b5c9639752658 handle=0x15526c0049f0
cnode4-009:1449618:1450107 [2] NCCL INFO UDS proxyGetFd received handle 0x1552cnode4-008:2247296:2247296 [7] NCCL INcnode4-009:1449618:1449618 [2] NCCL INFO ProxyCall UDS comm 0x55555aa3c640 rank 2 tpRank 11(2470601f9efe1a2a) reqSize 8 respSize 0 respFd 305 opId 0xcf5d55a37876f7c3 - DONE
cnode4-009:1449618:1449618 [2cnode4-009:1449617:1449617 [1] NCCL INFO ProxyCall UDS comm 0x55555a918300 rank 1 tpRank 10(9ff490163a53f9c5) reqSize 8cnode4-008:2247294:2247294 [5] NCCL INFO ProxyCall UDS comm 0x55555b442110 rank 5 tpRank 6(42c249c0caa11fb5) reqSize 8 respSize 0 respFd 304 opId 0xde25ca88b554323b - DONE
cnode4-008:2247294:2247294 [5] NCCL INFO UDS: ClientGetFd handle 0x15526c0049f0 tpRank 6 returned fd 304 sameProcess 0
cnode4-008:2247294:2247294 [5] NCCL Icnode4-008:2247296:2247296 [7] NCCL INFO ncclPollProxyResponse Rececnode4-008:2247294:2247868 [5] NCCL INFO New proxy send connection 5 from local rank 6, transport 0
cnode4-008:2247294:2247868 [5] NCCL INFO proxyProgressAsync opId=0x55556309baa0 op.type=1 op.reqBuff=0x15526800ab20 op.respSizecnode4-008:2247296:2247296 [7] NCCL INFO MMAP imported shareable host buffer /dev/shm/nccl-aFCcnode4-008:2247294:2247294 [5] NCCL INFO Imported shareable buffer device 5 size 10485760 ptr 0x1552b4e00000
cnode4-008:2247294:2247872 [5] NCCL INFO proxyUDSRecvReq::ncclProxyMcnode4-009:1449623:1449623 [7] Ncnode4-008:2247296:2247296 [7] NCCL INFO ProxyCall UDS comm 0x55555a91dd20 rank 7 tpRank 0(4ea01994edde5f35) reqSize 8 respSize 0 respFd 306 opcnode4-008:2247294:2247872 [5] NCCL INFO proxyUDSRecvReq::ncclProxyMsgGetFd rank 4 opId 0x6dabd78b207779 handle=0x1552680062c0
cnode4-008:2247294:2247872 [5] NCcnode4-009:1449618:1449618 [2] NCCL INFO ProxyCall UDS comm 0x55555aa3c640 rank 2cnode4-008:2247294:2247294 [5] NCCL INFO ncclPollProcnode4-009:1449623:1449623 [7] NCCL INFO Imported shareable buffer device 7 size 33554432 ptr 0x1552b4e00000
cnode4-009:1449623:1449623 [7] NCCL INFO ncclPollProxyResponse Received new opId=0x5cnode4-009:1449621:1449621 [5] NCCL INFO ProxyCall UDS comm 0x55555abcnode4-009:1449618:1449618 [2] NCCL INFO Imported shareable buffer device 2 size 2097152 ptr 0x1552bcnode4-008:2247296:2247869 [7] NCCL INFO cnode4-009:1449623:1cnode4-008:2247294:2247294 [5] NCCL INFO ProxyCall UDS comm 0x55555b442110 rank 5 tpRank 4(a3cec81bb92eca8fcnode4-009:1449623:1449623 [7] NCCL INFO Send: opCount 1 sendbuff (nil) recvbuff 0xa20000000 count 8388608 datatype 8 op 0 root 0 comm 0x55555b442eb0 [nranks=16] stream 0x55555715cd30
cnode4-009:1449623:1cnode4-008:2247296:2247296 [7] NCCL INFO Send: opCount 1 sendbuff (nil) recvbuff 0xa20000000 count 8388608 datatype 8 op 0 root 8 comm 0x55555a91dd20 [nranks=16] stream 0x55555715cd30
cnode4-008:2247296:2247296 [7] NCCL INFO Recv: opCount 1 sendbuff (nil) recvbuff 0xe20000000 count 8388608 datatype 8 op 0 root 6 comm 0x55555a91dd20 [nranks=16] stream 0x55555715cd30
cnode4-008:2247296:2247296 [7] NCCL INFO Send: opCount 2 sendbuff (nil) recvbuff 0xa20000000 count 16777216 datatype 8 op 0 root 8 comm 0x55555a91dd20 [nranks=16] stream 0x55555715cd30
cnode4-008:2247296:2247296 [7] NCCL INFO Recv: opCount 2 sendbuff (nil) recvbuff 0xe20000000 count 16777216 datatype 8 op 0 root 6 comm 0x55555a91dd20 [nranks=16] stream 0x55555715cd30
cnode4-008:2247296:2247296 [7] NCCL INFO Send: opCount 3 sendbuff (nil) recvbuff 0xa20000000 count 33554432 datatype 8 op 0 root 8 comm 0x55555a91dd20 [nranks=16] stream 0x55555715cd30
cnode4-008:2247296:2247296 [7] NCCL INFO Recv: opCount 3 sendbuff (nil) recvbuff 0xe20000000 count 33554432 datatype 8 op 0 root 6 comm 0x55555a91dd20 [nranks=16] stream 0x55555715cd30
cnode4-008:2247296:2247296 [7] NCCL INFO Send: opCount 4 sendbuff (nil) recvbuff 0xa20000000 count 67108864 datatype 8 op 0 root 8 comm 0x55555a91dd20 [nranks=16] stream cnode4-009:1449623:1449623 [7] NCCL INFO Send: opCount 5 sendbuff (nil) recvbuff 0xa20000000 count 134217728 datatype 8 op 0 root 0 comm 0x55555b442eb0 [nranks=16] stream 0x55555715cd30
cnode4-009:144cnode4-008:2247296:2247296 [7] NCCL INFO Send: opCount 5 sendbuff (nil) recvbuff 0xa20000000 count 134217728 datatype 8 op 0 root 8 comm 0x55555a91dd20 [nranks=16] stream 0xcnode4-009:1449623:1449623 [7] NCCL INFO Send: opCount 6 sendbuff (nil) recvbuff 0xa20000000 count 268435456 datatype 8 op 0 root 0 comm 0x55555b442eb0 [nranks=16] stream 0x55555715cd30
cnode4-009:14cnode4-008:2247296:2247296 [7] NCCL INFO Send: opCount 6 sendbuff (nil) recvbuff 0xa20000000 count 268435456 datatype 8 op 0 root 8 comm 0x55555a91dd20 [nranks=16] stream 0x5cnode4-009:1449623:1449623 [7] NCCL INFO Send: opCount 7 sendbuff (nil) recvbuff 0xa20000000 count 536870912 datatype 8 op 0 root 0 comm 0x55555b442eb0 [nranks=16] stream 0x55555715cd30
cnode4-009:1cnode4-008:2247296:2247296 [7] NCCL INFO Send: opCount 7 sendbuff (nil) recvbuff 0xa20000000 count 536870912 datatype 8 op 0 root 8 comm 0x55555a91dd20 [nranks=16] stream 0x55cnode4-009:1449623:1449623 [7] NCCL INFO Send: opCount 8 sendbuff (nil) recvbuff 0xa20000000 count 1073741824 datatype 8 op 0 root 0 comm 0x55555b442eb0 [nranks=16] stream 0x55555715cd30
cnode4-009cnode4-008:2247296:2247296 [7] NCCL INFO Send: opCount 8 sendbuff (nil) recvbuff 0xa20000000 count 1073741824 datatype 8 op 0 root 8 comm 0x55555a91dd20 [nranks=16] stream 0x5555cnode4-009:1449623:1449623 [7] NCCL INFO Send: opCount 9 sendbuff (nil) recvbuff 0xa20000000 count 2147483648 datatype 8 op 0 root 0 comm 0x55555b442eb0 [nranks=16] stream 0x55555715cd30
cnode4-00cnode4-008:2247296:2247296 [7] NCCL INFO Send: opCount 9 sendbuff (nil) recvbuff 0xa20000000 count 2147483648 datatype 8 op 0 root 8 comm 0x55555a91dd20 [nranks=16] stream 0x55555cnode4-009:1449623:1449623 [7] NCCL INFO Send: opCount a sendbuff (nil) recvbuff 0xa20000000 count 4194304 datatype 8 op 0 root 0 comm 0x55555b442eb0 [nranks=16] stream 0x55555715cd30
cnode4-009:cnode4-008:2247296:2247296 [7] NCCL INFO Send: opCount a sendbuff (nil) recvbuff 0xa20000000 count 4194304 datatype 8 op 0 root 8 comm 0x55555a91dd20 [nranks=16] stream 0x555cnode4-009:1449623:1449623 [7] NCCL INFO Send: opCount b sendbuff (nil) recvbuff 0xa20000000 count 4194304 datatype 8 op 0 root 0 comm 0x55555b442eb0 [nranks=16] stream 0x55555715cd30
cnode4-009:1449623:1449623 [7] NCCL INFO Recv: opCount b sendbuff (nil) recvbuff 0xe20000000 count 4194304 datatype 8 op 0 root 14 comm 0x55555b442eb0 [nranks=16] stream 0x55555715cd30
cnode4-009:1449623:1449623 [7] NCCL INFO Send: opCount c sendbuff (nil) recvbuff 0xa22000000 count 4194304 datatype 8 op 0 root 0 comm 0x55555b442eb0 [nranks=16] stream 0x55555715cd30
cnode4-009:1449623:1449623 [7] NCCL INFO Recv: opCount c sendbuff (nil) recvbuff 0xe22000000 count 4194304 datatype 8 op 0 root 14 comm 0x55555b442eb0 [nranks=16] stream 0x55555715cd30
cnode4-009:1449623:1449623 [7] NCCL INFO Send: opCount d sendbuff (nil) recvbuff 0xa24000000 count 4194304 datatype 8 op 0 root 0 comm 0x55555b442eb0 [nranks=16] stream 0x55555715cd30
cnode4-009:1449623:1449623 [7] NCCL INFO Recv: opCount d sendbuff (nil) recvbuff 0xe24000000 count 4194304 datatype 8 op 0 root 14 comm 0x55555b442eb0 [nranks=16] stream 0x55555715cd30
cnode4-009:1449623:1449623 [7] NCCL INFO Send: opCount e sendbuff (nil) recvbuff 0xa26000000 count 4194304 datatype 8 op 0 root 0 comm 0x55555b442eb0 [nranks=16] stream 0x55555715cd30
cnode4-009:1449623:1449623 [7] NCCL INFO Recv: opCount e sendbuff (nil) recvbuff 0xe26000000 count 4194304 datatype 8 op 0 root 14 comm 0x55555b442eb0 [nranks=16] stream 0x55555715cd30
cnode4-009:1449623:1449623 [7] NCCL INFO Send: opCount f sendbuff (nil) recvbuff 0xa28000000 count 4194304 datatype 8 op 0 root 0 comm 0x55555b442eb0 [nranks=16] stream 0x55555715cd30
cnode4-009:1449623:1449623 [7] NCCL INFO Recv: opCount f sendbuff (nil) recvbuff 0xe28000000 count 4194304 datatype 8 op 0 root 14 comm 0x55555b442eb0 [nranks=16] stream 0x55555715cd30
cnode4-009:1449623:1449623 [7] NCCL INFO Send: opCount 10 sendbuff (nil) recvbuff 0xa2a000000 count 4194304 datatype 8 op 0 root 0 comm 0x55555b442eb0 [nranks=16] stream 0x55555715cd30
cnode4-009:1449623:1449623 [7] NCCL INFO Recv: opCount 1cnode4-009:1449617:1449617 [1] NCCL INFO Send: opCount 0 sendbuff (nil) recvbuff 0xa24000000 count 4194304 datatype 8 op 0 root 10 comm 0x55555a918300 [nranks=16] stream 0x55555715cd30
cnode4-009:1449617:1449617 [1] NCCL INFO Recv: opCount 0 sendbuff (nil) recvbuff 0xe24000000 count 4194304 datatype 8 op 0 root 8 comm 0x55555a918300 [nranks=16] stream 0x55555715cd30
cnode4-009:1449617:1449617 [1] NCCL INFO Send: opCount 0 sendbuff (nil) recvbuff 0xa26000000 count 4194304 datatype 8 op 0 root 10 comm 0x55555a918300 [nranks=16] stream 0x55555715cd30
cnode4-009:1449617:1449617 [1] NCCL INFO Recv: opCount 0 sendbuff (nil) recvbuff 0xe26000000 count 4194304 datatype 8 op 0 root 8 comm 0x55555a918300 [nranks=16] stream 0x55555715cd30
cnode4-009:1449617:1449617 [1] NCCL INFO Send: opCount 0 sendbuff (nil) recvbuff 0xa28000000 count 4194304 datatype 8 op 0 root 10 comm 0x55555a918300 [nranks=16] stream 0x55555715cd30
cnode4-009:1449617:1449617 [1] NCCL INFO Recv: opCount 0 sendbuff (nil) recvbuff 0xe28000000 count 4194304 datatype 8 op 0 root 8 comm 0x55555a918300 [nranks=16] stream 0x55555715cd30
cnode4-009:1449617:1449617 [1] NCCL INFO Send: opCount 0 sendbuff (nil) recvbuff 0xa2a000000 count 4194304 datatype 8 op 0 root 10 comm cnode4-009:1449623:1449623 [7] NCCL INFO Send: opCount 14 sendbuff (nil) recvbuff 0xa32000000 count 4194304 datatype 8 op 0 root 0 comm 0x55555b442eb0 [nranks=16] stream 0x55555715cd30
cnode4-009:1449623:1449623 [7] NCCL INFO Recv: opCount 14 sendbuff (nil) recvbuff 0xe32000000 count 4194304 datatype 8 op 0 root 14 comm 0x55555b442eb0 [nranks=16] stream 0x55555715cd30
cnode4-009:1449623:1449623 [7] NCCL INFO Send: opCount 15 sendbuff (nil) recvbuff 0xa34000000 count 4194304 datatype 8 op 0 root 0 comm 0x55555b442eb0 [nranks=16] stream 0x55555715cd30
cnode4-009:1449623:1449623 [7] NCCL INFO Recv: opCount 15 sendbuff (nil) recvbuff 0xe34000000 count 4194304 datatype 8 op 0 root 14 comm 0x55555b442eb0 [nranks=16] stream 0x55555715cd30
cnode4-009:1449623:1449623 [7] NCCL INFO Send: opCount 16 sendbuff (nil) recvbuff 0xa36000000 count 4194304 datatype 8 op 0 root 0 comm 0x55555b442eb0 [nranks=16] stream 0x55555715cd3cncnode4-009:1449623:1449623 [7] NCCL INFO Recv: opCount 16 sendbuff (nil) recvbuff 0xe36000000 count 4194304 datatype 8 op 0 root 14 comm 0x55555b442eb0 [nranks=16] stream 0x55555715cd30
cnode4-009:1449623:1449623 [7] NCCL INFO Send: opCount 17 sendbuff (nil) recvbuff 0xa38000000 count 4194304 datatype 8 op 0 root 0 comm 0x55555b442eb0 [nranks=16] stream 0x55555715cd30
cnode4-009:1449623:1449623 [7] NCCL INFO Recv: opCount 17 sendbuff (nil) recvbuff 0xe38000000 count 4194304 datatype 8 op 0 root 14 comm 0x55555b442eb0 [nranks=16] stream 0x55555715cd30
cnode4-009:1449623:1449623 [7] NCCL INFO Send: opCount 18 sendbuff (nil) recvbuff 0xa3a000000 count 4194304 datatype 8 op 0 root 0 comm 0x55555b442eb0 [nranks=16] stream 0x55555715cd30
cnode4-009:1449623:1449623 [7] NCCL INFO Recv: opCount 18 sendbuff (nil) recvbuff 0xe3a000000 count 4194304 datatype 8 op 0 root 14 comm 0x55555b442eb0 [nranks=16] stream 0x55555715cd30
cnode4-009:1449623:1449623 [7] NCCL INFO Send: opCount 19 sendbuff (nil) recvbuff 0xa3c000000 count 4194304 datatype 8 op 0 root 0 comm 0x55555b442eb0 [nranks=16] stream 0x55555715cd30
cnode4-009:1449623:1449623 [7] NCCL INFO Recv: opCount 19 sendbuff (nil) recvbuff 0xe3c000000 count 4194304 datatype 8 op 0 root 14 comm 0x55555b442eb0 [nranks=16] stream 0x55555715cd30
cnode4-009:1449623:1449623 [7] NCCL INFO Send: opCount 1a sendbuff (nil) recvbuff 0xa3e000000 count 4194304 datatype 8 op 0 root 0 comm 0x55555b442eb0 [nranks=16] stream 0x55555715cd30
cnode4-009:1449623:1449623 [7] NCCL INFO Recv: opCount 1a sendbuff (nil) recvbuff 0xe3e000000 count 4194304 datatype 8 op 0 root 14 comm 0x55555b442eb0 [nranks=16] stream 0x55555715cd30
cnode4-009:1449623:1449623 [7] NCCL INFO Send: opCount 1b sendbuff (nil) recvbuff 0xa40000000 count 4194304 datatype 8 op 0 root 0 comm 0x55555b442eb0 [nranks=16] stream 0x55555715cd30
cnode4-009:1449623:1449623 [7] NCCL INFO Recv: opCount 1b sendbuff (nil) recvbuff 0xe40000000 count 4194304 datatype 8 op 0 root 14 comm 0x55555b442eb0 [nranks=16] stream 0x55555715cd30
cnode4-009:1449623:1449623 [7] NCCL INFO Send: opCount 1c sendbuff (nil) recvbuff 0xa42000000 count 4194304 datatype 8 op 0 root 0 comm 0x55555b442eb0 [nranks=16] stream 0x55555715cd30
cnode4-009:1449623:1449623 [7] NCCL INFO Recv: opCount 1c sendbuff (nil) recvbuff 0xe42000000 count 4194304 datatype 8 op 0 root 14 comm 0x55555b442eb0 [nranks=16] stream 0x55555715cd30
cnode4-009:1449623:1449623 [7] NCCL INFO Send: opCount 1d sendbuff (nil) recvbuff 0xa44000000 count 4194304 datatype 8 op 0 root 0 comm 0x55555b442eb0 [nranks=16] stream 0x55555715cd30
cnode4-009:1449623:1449623 [7] NCCL INFO Recv: opCount 1d sendbuff (nil) recvbuff 0xe44000000 count 4194304 datatype 8 op 0 root 14 comm 0x55555b442eb0 [nranks=16] stream 0x55555715cd30
cnode4-009:1449623:1449623 [7] NCCL INFO Send: opCount 1e sendbuff (nil) recvbuff 0xa46000000 count 4194304 datatype 8 op 0 root 0 comm 0x55555b442eb0 [nranks=16] stream 0x55555715cd30
cnode4-009:1449623:1449623 [7] NCCL INFO Recv: opCount 1e sendbuff (nil) recvbuff 0xe46000000 count 4194304 datatype 8 op 0 root 14 comm 0x55555b442eb0 [nranks=16] stream 0x55555715cd30
cnode4-009:1449623:1449623 [7] NCCL INFO Send: opCount 1f sendbuff (nil) recvbuff 0xa20000000 count 4194304 datatype 8 op 0 root 0 comm 0x55555b442eb0 [nranks=16] stream 0x55cnode4-008:2247296:2247296 [7] NCCL INFO Send: opCount 1f sendbuff (nil) recvbuff 0xa20000000 count 4194304 datatype 8 op 0 root 8 comm 0x55555a91dd20 [nranks=16] stream 0x55555715cd30
cnode4-008:2cnode4-009:1449623:1449623 [7] NCCL INFO Send: opCount 20 sendbuff (nil) recvbuff 0xe20000000 count 4194304 datatype 8 op 0 root 0 comm 0x55555b442eb0 [nranks=16] stream 0x55555715cd30
cnode4-009:1449623:1449623 [7] NCCL INFO Recv: opCount 20 sendbuff (nil) recvbuff 0xe20000000 count 4194304 datatype 8 op 0 root 14 comm 0x55555b442eb0 [nranks=16] stream 0x55555715cd30
cnode4-009:1449623:1449623 [7] NCCL INFO Send: opCount 21 sendbuff (nil) recvbuff 0xe20000000 count 4194304 datatype 8 op 0 root 0 comm 0x55555b442eb0 [nranks=16] stream 0xcnode4-008:2247296:2247296 [7] NCCL INFO Send: opCount 21 sendbuff (nil) recvbuff 0xe20000000 count 4194304 datatype 8 op 0 root 8 comm 0x55555a91dd20 [nranks=16] stream 0x55555715cd30
cnode4-008:2247296:2247296 [7] NCCL INFO Recv: opCount 21 sendbuff (nil) recvbuff 0xe20000000 count 4194304 datatype 8 op 0 root 6 comm 0x55555a91dd20 [nranks=16] stream 0x55555715cd30
cnode4-008:2247296:2247296 [7] NCCL INFO Send: opCount 22 sendbuff (nil) recvbuff 0xe22000000 count 4194304 datatype 8 op 0 root 8 comm 0x55555a91dd20 [nranks=16] stream 0x55555715cd30
cnode4-008:2247296:2247296 [7] NCCL INFO Recv: opCount 22 sendbuff (nil) recvbuff 0xe22000000 count 4194304 datatype 8 op 0 root 6 comm 0x55555a91dd20 [nranks=16] stream 0x55555715cd30
cnode4-008:2247296:2247296 [7] NCCL INFO Send: opCount 23 sendbuff (nil) recvbuff 0xe24000000 count 4194304 datatype 8 op 0 root 8 comm 0x55555a91dd20 [nranks=16] stream 0x55555715cd30
cnode4-008:2247296:2247296 [7] NCCL INFO Recv: opCount 23 sendbuff (nil) recvbuff 0xe24000000 count 4194304 datatype 8 op 0 root 6 comm 0x55555a91dd20 [nranks=16] stream 0x55555715cd30
cnode4-008:2247296:2247296 [7] NCCL INFO Send: opCount 24 sendbuff (nil) recvbuff 0xe26000000 count 4194304 datatype 8 op 0 root 8 comm 0x55555a91dd20 [nranks=16] stream 0x55555715cd30
cnode4-008:2247296:2247296 [7] NCCL INFO Recv: opCount 24 sendbuff (nil) recvbuff 0xe26000000 count 4194304 datatype 8 op 0 root 6 comm 0x55555a91dd20 [nrcnode4-008:2247290:2247290 [1] NCCL INFO Send: opCount 0 sendbuff (nil) recvbuff 0xe20000000 count 419430cnode4-009:1449620:1449620 [4] NCCL INFO Send: opCount 0 sendbuff (nil) recvbuff 0xe20000000 count 4194304 datatype 8 op 0 root 13 comm 0x55555b444a70 [nranks=16] stream 0x55555715cd30
cnode4-0cnode4-009:144ccnode4-008:2247293:2247293 [4] NCCL INFO Send: opCount 0 sendbuff (nil) recvbuff 0xe2000000cnode4-008:2247294:2247294 [5] NCCL INFO Send: opCount 0 sendbuff (nil) recvbuff 0xe20000000 count 4194304 datatype 8 op 0 root 6 comm 0x55555b442110 [nranks=16] stream 0x55555715cd30
cnode4-008:2247294:2247294 [5] NCCL INFO Recv: opCount 0 sendbuff (nil) recvbuff 0xe20000000 count 4194304 datatype 8 op 0 root 4 comm 0x55555b442110 [nranks=16] stream 0x55555715cd30
cnode4-008:2247294:2247294 [5] NCCL INFO Send: opCount 0 sendbuff (nil) recvbuff 0xe22000000 count 4194304 datatype 8 op 0 root 6 comm 0x55555b442110 [nranks=16] stream 0x55555715cd30
cnode4-008:2247294:2247294 [5] NCCL INFO Recv: opCount 0 sendbuff (nil) recvbuff 0xe22000000 count 4194304 datatype 8 op 0 root 4 comm 0x55555b442110 [nranks=16] stream 0x55555715cd30
cnode4-008:2247294:2247294 [5] NCCL INFO Send: opCount 0 sendbuff (nil) recvbuff 0xe24000000 count 4194304 datatype 8 op 0 root 6 comm 0x55555b442110 [nranks=16] stream 0x55555715cd30
cnode4-008:2247294:2247294 [5] NCCL INFO Recv: opCount 0 sendbuff (nil) recvbuff 0xe24000000 count 4194304 datatype 8 op 0 root 4 comm 0x55555b442110 [nranks=16] stream 0x55555715cd30
cnode4-008:2247294:2247294 [5] NCCL INFO Send: opCount 0 sendbuff (nil) recvbuff 0xe26000000 count 4194304 datatype 8 op 0 root 6 comm 0x55555b442110 [nranks=16] stream 0x55555715cd30
cnode4-008:2247294:2247294 [5] NCCL INFO Recv: opCount 0 sendbuff (nil) recvbuff 0xe26000000 count 4194304 datatype 8 op 0 root 4 comm 0x55555b442110 [nranks=16] stream 0x55555715cd30
cnode4-008:2247294:2247294 [5] NCCL INFO Send: opCount 0 sendbuff (nil) recvbuff 0xe28000000 count 4194304 datatype 8 op 0 root 6 comm 0x55555b442110 [nranks=16] stream 0x55555715cd30
cnode4-008:2247294:2247294 [5] NCCL INFO Recv: opCount 0 sendbuff (nil) recvbuff 0xe28000000 count 4194304 datatype 8 op 0 root 4 comm 0x55555b442110 [nranks=16] stream 0x55555715cd30
cnode4-008:2247294:2247294 [5] NCCL INFO Send: opCount 0 sendbuff (nil) recvbuff 0xe2a000000 count 4194304 datatype 8 op 0 root 6 comm 0x55555b442110 [nranks=16] stream 0x55555715cd30
cnode4-008:2247294:2247294 [5] NCCL INFO Recv: opCount 0 sendbuff (nil) recvbuff 0xe2a000000 count 4194304 datatype 8 op 0 root 4 comm 0x55555b442110 [nranks=16] stream 0x55555715cd30
cnode4-008:2247294:2247294 [5] NCCL INFO Send: opCount 0 sendbuff (nil) recvbuff 0xe2c000000 count 4194304 datatype 8 op 0 root 6 comm 0x55555b442110 [nranks=16] stream 0x55555715cd30
cnode4-008:2247294:2247294 [5] NCCL INFO Recv: opCount 0 sendbuff (nil) recvbuff 0xe2c000000 count 4194304 datatype 8 op 0 root 4 comm 0x55555b442110 [nranks=16] stream 0x55555715cd30
cnode4-008:2247294:2247294 [5] NCCL INFO Send: opCount 0 sendbuff (nil) recvbuff 0xe2e000000 count 4194304 datatype 8 op 0 root 6 comm 0x55555b442110 [nranks=16] stream 0x55555715cd30
cnode4-008:2247294:2247294 [5] NCCL INFO Recv: opCount 0 sendbuff (nil) recvbuff 0xe2e000000 count 4194304 datatype 8 op 0 root 4 comm 0x55555b442110 [nranks=16] stream 0x55555715cd30
cnode4-008:22cnode4-008:2247296:2247296 [7] NCCL INFO Send: opCount 2e sendbuff (nil) recvbuff 0xe3a000000 count 4194304 datatype 8 op 0 root 8 comm 0x55555a91dd20 [nranks=16] stream 0x55555715cd30
cnode4-008:2247296:2247296 [7] NCCL INFO Recv: opCount 2e sendbuff (nil) recvbuff 0xe3a000000 count 4194304 datatype 8 op 0 root 6 comm 0x55555a91dd20 [nranks=16] stream 0x55555715cd30
cnode4-008:2247296:2247296 [7] NCCL INFO Send: opCount 2f sendbuff (nil) recvbuff 0xe3c000000 count 4194304 datatype 8 op 0 root 8 comm 0x55555a91dd20 [nranks=16] stream 0x55555715cd30
cnode4-008:2247296:2247296 [7] NCCL INFO Recv: opCount 2f sendbuff (nil) recvbuff 0xe3c000000 count 4194304 datatype 8 op 0 root 6 comm 0x55555a91dd20 [nranks=16] stream 0x55555715cd30
cnode4-008:2247296:2247296 [7] NCCL INFO Send: opCount 30 sendbuff (nil) recvbuff 0xe3e000000 count 4194304 datatype 8 op 0 root 8 comm 0x55555a91dd20 [nranks=16] stream 0x55555715cd30
cnode4-008:2247296:2247296 [7] NCCL INFO Recv: opCount 30 sendbuff (nil) recvbuff 0xe3e000000 count 4194304 datatype 8 op 0 root 6 comm 0x55555a91dd20 [nranks=16] stream 0x55555715cd30
cnode4-008:2247296:2247296 [7] NCCL INFO Send: opCount 31 sendbuff (nil) recvbuff 0xe40000000 count 4194304 datatype 8 op 0 root 8 comm 0x55555a91dd20 [nranks=16] stream 0x55555715cd30
cnode4-008:2247296:2247296 [7] NCCL INFO Recv: opCount 31 sendbuff (nil) recvbuff 0xe40000000 count 4194304 datatype 8 op 0 root 6 comm 0x55555a91dd20 [nranks=16] stream 0x55555715cd30
cnode4-008:2247296:2247296 [7] NCCL INFO Send: opCount 32 sendbuff (nil) recvbuff 0xe42000000 count 4194304 datatype 8 op 0 root 8 comm 0x55555a91dd20 [nranks=16] stream 0x55555715cd30
cnode4-008:2247296:2247296 [7] NCCL INFO Recv: opCount 32 sendbuff (nil) recvbuff 0xe42000000 count 4194304 datatype 8 op 0 root 6 comm 0x55555a91dd20 [nranks=16] stream 0x55555715cd30
cnode4-008:2247296:2247296 [7] NCCL INFO Send: opCount 33 sendbuff (nil) recvbuff 0xe44000000 count 4194304 datatype 8 op 0 root 8 comm 0x55555a91dd20 [nranks=16] stream 0x55555715cd30
cnode4-008:2247296:2247296 [7] NCCL INFO Recv: opCount 33 sendbuff (nil) recvbuff 0xe44000000 count 4194304 datatype 8 op 0 root 6 comm 0x55555a91dd20 [nranks=16] stream 0x55555715cd30
cnode4-008:2247296:2247296 [7] NCCL INFO Send: opCount 34 sendbuff (nil) recvbuff 0xe46000000 count 4194304 datatype 8 op 0 root 8 comm 0x55555a91dd20 [nranks=16] stream 0x55555715cd30
cnode4-008:2247296:2247296 [7] NCcnode4-009:1449623:1449623 [7] NCCL INFO Send: opCount 35 sendbuff (nil) recvbuff 0xe20000000 count 4194304 datatype 8 op 0 root 0 comm 0x55555b442eb0 [nranks=16] stream 0x55555715cd30
cnode4-009:1449623:1449623 [7] NCCL INFO Recv: opCount 35 sendbuff (nil) recvbuff 0xe20000000 count 4194304 datatype 8 op 0 root 14 comm 0x55555b442eb0 [nranks=16] stream 0x55555715cd30
cnode4-009:1449623:1449623 [7] NCCL INFO Send: opCount 36 sendbuff (nil) recvbuff 0xa20000000 count 8388608 datatype 8 op 0 root 0 comm 0x55555b442eb0 cnode4-008:2247296:2247296 [7] NCCL INFO Send: opCount 36 sendbuff (nil) recvbuff 0xa20000000 count 8388608 datatype 8 op 0 root 8 comm 0x55555a91dd20 [nranks=16] stream 0x55555715cd30
cnode4-008:2247296:2247296 [7] NCCLcnode4-009:1449623:1449623 [7] NCCL INFO Send: opCount 37 sendbuff (nil) recvbuff 0xa20000000 count 8388608 datatype 8 op 0 root 0 comm 0x55555b442eb0 [nranks=16] stream 0x55555715cd30
cnode4-009:1449623:1449623 [7] NCCL INFO Recv: opCount 37 sendbuff (nil) recvbuff 0xe20000000 count 8388608 datatype 8 op 0 root 14 comm 0x55555b442eb0 [nranks=16] stream 0x55555715cd30
cnode4-009:1449623:1449623 [7] NCCL INFO Send: opCount 38 sendbuff (nil) recvbuff 0xa24000000 count 8388608 datatype 8 op 0 root 0 comm 0x55555b442eb0 [nranks=16] stream 0x55555715cd30
cnode4-009:1449623:1449623 [7] NCCL INFO Recv: opCount 38 sendbuff (nil) recvbuff 0xe24000000 count 8388608 datatype 8 op 0 root 14 comm 0x55555b442eb0 [nranks=16] stream 0x55555715cd30
cnode4-009:1449623:1449623 [7] NCCL INFO Send: opCount 39 sendbuff (nil) recvbuff 0xa28000000 count 8388608 datatype 8 op 0 root 0 comm 0x55555b442eb0 [nranks=16] stream 0x55555715cd30
cnode4-009:1449623:1449623 [7] NCCL INFO Recv: opCount 39 sendbuff (nil) recvbuff 0xe28000000 count 8388608 datatype 8 op 0 root 14 comm 0x55555b442eb0 [nranks=16] stream 0x55555715cd30
cnode4-009:1449623:1449623 [7] NCCL INFO Send: opCount 3a sendbuff (nil) recvbuff 0xa2c000000 count 8388608 datatype 8 op 0 root 0 comm 0x55555b442eb0 [nranks=16] stream 0x55555715cd30
cnode4-009:1449623:1449623 [7] NCCL INFO Recv: opCount 3a sendbuff (nil) recvbuff 0xe2c000000 count 8388608 datatype 8 op 0 root 14 comm 0x55555b442eb0 [nranks=16] stream 0x55555715cd30
cnode4-009:1449623:1449623 [7] NCCL INFO Send: opCount 3b sendbuff (nil) recvbuff 0xa30000000 count 8388608 datatype 8 op 0 root 0 comm 0x55555b442eb0 [nranks=16] stream 0x55555715cd30
cnode4-009:1449623:1449623 [7] NCCL INFO Recv: opCount 3b sendbuff (nil) recvbuff 0xe30000000 count 8388608 datatype 8 op 0 root 14 comm 0x55555b442eb0 [nranks=16] stream 0x55555715cd30
cnode4-009:1449623:1449623 [7] NCCL INFO Send: opCount 3c sendbuff (nil) recvbuff 0xa34000000 count 8388608 datatype 8 op 0 root 0 comm 0x55555b442eb0 [nranks=16] stream 0x55555715cd30
cnode4-009:1449623:1449623 [7] NCCL INFO Recv: opCount 3c sendbuff (nil) recvbuff 0xe34000000 count 8388608 datatype 8 op 0 root 14 comm 0x55555b442eb0 [nranks=16] stream 0x55555715cd30
cnode4-009:1449623:1449623 [7] NCCL INFO Send: opCount 3d sendbuff (nil) recvbuff 0xa38000000 count 8388608 datatype 8 op 0 root 0 comm 0x55555b442eb0 [nranks=16] stream 0x55555715cd30
cnode4-009:1449623:1449623 [7] NCCL INFO Recv: opCount 3d sendbuff (nil) recvbuff 0xe38000000 count 8388608 datatype 8 op 0 root 14 comm 0x55555b442eb0 [nranks=16] stream 0x55555715cd30
cnode4-009:1449623:1449623 [7] NCCL INFO Send: opCount 3e sendbuff (nil) recvbuff 0xa3c000000 count 8388608 datatype 8 op 0 root 0 comm 0x55555b442eb0 [nranks=16] stream 0x55555715cd30
cnode4-009:1449623:1449623 [7] NCCL INFO Recv: opCount 3e sendbuff (nil) recvbuff 0xe3c000000 count 8388608 datatype 8 op 0 root 14 comm 0x55555b442eb0 [nranks=16] stream 0x55555715cd30
cnode4-009:1449623:1449623 [7] NCCL INFO Send: opCount 3f sendbuff (nil) recvbuff 0xa40000000 count 8388608 datatype 8 op 0 root 0 comm 0x55555b442eb0 [nranks=16] stream 0x55555715cd30
cnode4-009:1449623:1449623 [7] NCCL INFO Recv: opCount 3f sendbuff (nil) recvbuff 0xe40000000 count 8388608 datatype 8 op 0 root 14 comm 0x55555b442eb0 [nranks=16] stream 0x55555715cd30
cnode4-009:1449623:1449623 [7] NCCL INFO Send: opCount 40 sendbuff (nil) recvbuff 0xa44000000 count 8388608 datatype 8 op 0 root 0 comm 0x55555b442eb0 [nranks=16] stream 0x55555715cd30
cnode4-009:1449623:1449623 [7] NCCL INFO Recv: opCount 40 sendbuff (nil) recvbuff 0xe44000000 count 8388608 datatype 8 op 0 root 14 comm 0x55555b442eb0 [nranks=16] stream 0x55555715cd30
cnode4-009:1449623:1449623 [7] NCCL INFO Send: opCount 41 sendbuff (nil) recvbuff 0xa48000000 count 8388608 datatype 8 op 0 root 0 comm 0x55555b442eb0 [nranks=16] stream 0x55555715cd30
cnode4-009:1449623:1449623 [7] NCCL INFO Recv: opCount 41 sendbuff (nil) recvbuff 0xe48000000 count 8388608 datatype 8 op 0 root 14 comm 0x55555b442eb0 [nranks=16] stream 0x55555715cd30
cnode4-009:1449623:1449623 [7] NCCL INFO Send: opCount 42 sendbuff (nil) recvbuff 0xa4c000000 count 8388608 datatype 8 op 0 root 0 comm 0x55555b442eb0 [nranks=16] stream 0x55555715cd30
cnode4-009:1449623:1449623 [7] NCCL INFO Recv: opCount 42 sendbuff (nil) recvbuff 0xe4c000000 count 8388608 datatype 8 op 0 root 14 comm 0x55555b442eb0 [nranks=16] stream 0x55555715cd30
cnode4-009:1449623:1449623 [7] NCCL INFO Send: opCount 43 sendbuff (nil) recvbuff 0xa50000000 count 8388608 datatype 8 op 0 root 0 comm 0x55555b442eb0 [nranks=16] stream 0x55555715cd30
cnode4-009:1449623:1449623 [7] NCCL INFO Recv: opCount 43 sendbuff (nil) recvbuff 0xe50000000 count 8388608 datatype 8 op 0 root 14 comm 0x55555b442eb0 [nranks=16] stream 0x55555715cd30
cnode4-009:1449623:1449623 [7] NCCL INFO Send: opCount 44 sendbuff (nil) recvbuff 0xa54000000 count 8388608 datatype 8 op 0 root 0 comm 0x55555b442eb0 [nranks=16] stream 0x55555715cd30
cnode4-009:1449623:1449623 [7] NCCL INFO Recv: opCount 44 sendbuff (nil) recvbuff 0xe54000000 count 8388608 datatype 8 op 0 root 14 comm 0x55555b442eb0 [nranks=16] stream 0x55555715cd30
cnode4-009:1449623:1449623 [7] NCCL INFO Send: opCount 45 sendbuff (nil) recvbuff 0xa58000000 count 8388608 datatype 8 op 0 root 0 comm 0x55555b442eb0 [nranks=16] stream 0x55555715cd30
cnode4-009:1449623:1449623 [7] NCCL INFO Recv: opCount 45 sendbuff (nil) recvbuff 0xe58000000 count 8388608 datatype 8 op 0 root 14 comm 0x55555b442eb0 [nranks=16] stream 0x55555715cd30
cnode4-009:1449623:1449623 [7] NCCL INFO Send: opCount 46 sendbuff (nil) recvbuff 0xa5c000000 count 8388608 datatype 8 op 0 root 0 comm 0x55555b442eb0 [nranks=16] stream 0x55555715cd30
cnode4-009:1449623:1449623 [7] NCCL INFO Recv: opCount 46 sendbuff (nil) recvbuff 0xe5c000000 count 8388608 datatype 8 op 0 root 14 comm 0x55555b442eb0 [nranks=16] stream 0x55555715cd30
cnode4-009:1449623:1449623 [7] NCCL INFO Send: opCount 47 sendbuff (nil) recvbuff 0xa60000000 count 8388608 datatype 8 op 0 root 0 comm 0x55555b442eb0 [nranks=16] stream 0x55555715cd30
cnode4-009:1449623:1449623 [7] NCCL INFO Recv: opCount 47 sendbuff (nil) recvbuff 0xe60000000 count 8388608 datatype 8 op 0 root 14 comm 0x55555b442eb0 [nranks=16] stream 0x55555715cd30
cnode4-009:1449623:1449623 [7] NCCL INFO Send: opCount 48 sendbuff (nil) recvbuff 0xa64000000 count 8388608 datatype 8 op 0 root 0 comm 0x55555b442eb0 [nranks=16] stream 0x55555715cd30
cnode4-009:1449623:1449623 [7] NCCL INFO Recv: opCount 48 sendbuff (nil) recvbuff 0xe64000000 count 8388608 datatype 8 op 0 root 14 comm 0x55555b442eb0 [nranks=16] stream 0x55555715cd30
cnode4-009:1449623:1449623 [7] NCCL INFO Send: opCount 49 sendbuff (nil) recvbuff 0xa68000000 count 8388608 datatype 8 op 0 root 0 comm 0x55555b442eb0 [nranks=16] stream 0x55555715cd30
cnode4-009:1449623:1449623 [7] NCCL INFO Recv: opCount 49 sendbuff (nil) recvbuff 0xe68000000 count 8388608 datatype 8 op 0 root 14 comm 0x55555b442eb0 [nranks=16] stream 0x55555715cd30
cnode4-009:1449623:1449623 [7] NCCL INFO Send: opCount 4a sendbuff (nil) recvbuff 0xa6c000000 count 8388608 datatype 8 op 0 root 0 comm 0x55555b442eb0 [nranks=16] stream 0x55555715cd30
cnode4-009:1449623:1449623 [7] NCCL INFO Recv: opCount 4a sendbuff (nil) recvbuff 0xe6c000000 count 8388608 datatype 8 op 0 root 14 comm 0x55555b442eb0 [nranks=16] stream 0x55555715cd30
cnode4-009:1449623:1449623 [7] NCCL INFO Send: opCount 4b sendbuff (nil) recvbuff 0xa20000000 count 8388608 datatype 8 op 0 root 0cnode4-008:2247296:2247296 [7] NCCL INFO Send: opCount 4b sendbuff (nil) recvbuff 0xa20000000 count 8388608 datatype 8 op 0 root 8 comm 0x55555a91dd20 [nranks=16] stream 0x55555715cd30
cnode4-008:2247296:2247296 [7] NCCL INFO Recv: opCount 4cnode4-009:1449623:1449623 [7] NCCL INFO Send: opCount 4c sendbuff (nil) recvbuff 0xe20000000 count 8388608 datatype 8 op 0 root 0 comm 0x55555b442eb0 [nranks=16] stream 0x55555715cd30
cnode4-009:1449623:1449623 [7] NCCL INFO Recv: opCount 4c sendbuff (nil) recvbuff 0xe20000000 count 8388608 datatype 8 op 0 root 14 comm 0x55555b442eb0 [nranks=16] stream 0x55555715cd30
cnode4-009:1449623:1449623 [7] NCCL INFO Send: opCount 4d sendbuff (nil) recvbuff 0xe20000000 count 8388608 datatype 8 op 0 rootcnode4-008:2247296:2247296 [7] NCCL INFO Send: opCount 4dcnode4-009:1449623:1449623 [7] NCCL INFO Recv: opCount 4d sendbuff (nil) recvbuff 0xe20000000 count 8388608 datatype 8 op 0 rootcnode4-008:2247296:2247296 [7] NCCL INFO Recv: opCount 4d sendbuff (nil) recvbuff 0xe20000000 count 8388608 datatype 8 op 0 root 6 comm 0x55555a91dd20 [nranks=16] stream 0x55555715cd30
cnode4-008:2247296:2247296 [7] NCCL INFO Send: opCount 4e sendbuff (nil) recvbuff 0xe24000000 count 8388608 datatype 8 op 0 root 8 comm 0x55555a91dd20 [nranks=16] stream 0x55555715cd30
cnode4-008:2247296:2247296 [7] NCCL INFO Recv: opCount 4e sendbuff (nil) recvbuff 0xe24000000 count 8388608 datatype 8 op 0 root 6 comm 0x55555a91dd20 [nranks=16] stream 0x55555715cd30
cnode4-008:2247296:2247296 [7] NCCL INFO Send: opCount 4f sendbuff (nil) recvbuff 0xe28000000 count 8388608 datatype 8 op 0 root 8 comm 0x55555a91dd20 [nranks=16] stream 0x55555715cd30
cnode4-008:2247296:2247296 [7] NCCL INFO Recv: opCount 4f sendbuff (nil) recvbuff 0xe28000000 count 8388608 datatype 8 op 0 root 6 comm 0x55555a91dd20 [nranks=16] stream 0x55555715cd30
cnode4-008:2247296:2247296 [7] NCCL INFO Send: opCount 50 sendbuff (nil) recvbuff 0xe2c000000 count 8388608 datatype 8 op 0 root 8 comm 0x55555a91dd20 [nranks=16] stream 0x55555715cd30
cnode4-008:2247296:2247296 [7] NCCL INFO Recv: opCount 50 sendbuff (nil) recvbuff 0xe2c000000 count 8388608 datatype 8 op 0 root 6 comm 0x55555a91dd20 [nranks=16] stream 0x55555715cd30
cnode4-008:2247296:2247296 [7] NCCL INFO Send: opCount 51 sendbuff (nil) recvbuff 0xe30000000 count 8388608 datatype 8 op 0 root 8 comm 0x55555a91dd20 [nranks=16] stream 0x55555715cd30
cnode4-008:2247296:2247296 [7] NCCL INFO Recv: opCount 51 sendbuff (nil) recvbuff 0xe30000000 count 8388608 datatype 8 op 0 root 6 comm 0x55555a91dd20 [nranks=16] stream 0x55555715cd30
cnode4-008:2247296:2247296 [7] NCCL INFO Send: opCount 52 sendbuff (nil) recvbuff 0xe34000000 count 8388608 datatype 8 op 0 root 8 comm 0x55555a91dd20 [nranks=16] stream 0x55555715cd30
cnode4-008:2247296:2247296 [7] NCCL INFO Recv: opCount 52 sendbuff (nil) recvbuff 0xe34000000 count 8388608 datatype 8 op 0 root 6 comm 0x55555a91dd20 [nranks=16] stream 0x55555715cd30
cnode4-008:2247296:2247296 [7] NCCL INFO Send: opCount 53 sendbuff (nil) recvbuff 0xe38000000 count 8388608 datatype 8 op 0 root 8 comm 0x55555a91dd20 [nranks=16] stream 0x55555715cd30
cnode4-008:2247296:2247296 [7] NCCL INFO Recv: opCount 53 sendbuff (nil) recvbuff 0xe38000000 count 8388608 datatype 8 op 0 root 6 comm 0x55555a91dd20 [nranks=16] stream 0x55555715cd30
cnode4-008:2247296:2247296 [7] NCCL INFO Send: opCount 54 sendbuff (nil) recvbuff 0xe3c000000 count 8388608 datatype 8 op 0 root 8 comm 0x55555a91dd20 [nranks=16] stream 0x55555715cd30
cnode4-008:2247296:2247296 [7] NCCL INFO Recv: opCount 54 sendbuff (nil) recvbuff 0xe3c000000 count 8388608 datatype 8 op 0 root 6 comm 0x55555a91dd20 [nranks=16] stream 0x55555715cd30
cnode4-008:2247296:2247296 [7] NCCL INFO Send: opCount 55 sendbuff (nil) recvbuff 0xe40000000 count 8388608 datatype 8 op 0 root 8 comm 0x55555a91dd20 [nranks=16] stream 0x55555715cd30
cnode4-008:2247296:2247296 [7] NCCL INFO Recv: opCount 55 sendbuffcnode4-009:1449623:1449623 [7] NCCL INFO Send: opCount 56 sendbuff (nil) recvbuff 0xe44000000 count 8388608 datatype 8 cnode4-008:2247296:2247296 [7] NCCL INFO Send: opCount 56 sendbuff (nil) recvbuff 0xe44000000 count 8388608 datatype 8 op 0 root 8 comm 0x55555a91dd20 [nranks=16] stream 0x55555715cd30
cnode4-008:2247296:2247296 [7] NCCL INFO Recv: opCount 56 sendbuff (nil) recvbuff 0xe44000000 count 8388608 datatype 8 op 0 root 6 comm 0x55555a91dd20 [nranks=16] stream 0x55555715cd30
cnode4-008:2247296:2247296 [7] NCCL INFO Send: opCount 57 sendbuff (nil) recvbuff 0xe48000000 count 8388608 datatype 8 op 0 root 8 comm 0x55555a91dd20 [nranks=16] stream 0x55555715cd30
cnode4-008:2247296:2247296 [7] NCCL INFO Recv: opCount 57 sendbuff (nil) recvbuff 0xe48000000 count 8388608 datatype 8 op 0 root 6 comm 0x55555a91dd20 [nranks=16] stream 0x55555715cd30
cnode4-008:2247296:2247296 [7] NCCL INFO Send: opCount 58 sendbuff (nil) recvbuff 0xe4c000000 count 8388608 datatype 8 op 0 root 8 comm 0x55555a91dd20 [nranks=16] stream 0x55555715cd30
cnode4-008:2247296:2247296 [7] NCCL INFO Recv: opCount 58 sendbuff (nil) recvbuff 0xe4c000000 count 8388608 datatype 8 op 0 root 6 comm 0x55555a91dd20 [nranks=16] stream 0x55555715cd30
cnode4-008:2247296:2247296 [7] NCCL INFO Send: opCount 59 sendbuff (nil) recvbuff 0xe50000000 count 8388608 datatype 8 op 0 root 8 comm 0x55555a91dd20 [nranks=16] stream 0x55555715cd30
cnode4-008:2247296:2247296 [7] NCCL INFO Recv: opCount 59 sendbuff (nil) recvbuff 0xe50000000 count 8388608 datatype 8 op 0 root 6 comm 0x55555a91dd20 [nranks=16] stream 0x55555715cd30
cnode4-008:2247296:2247296 [7] NCCL INFO Send: opCount 5a sendbuff (nil) recvbuff 0xe54000000 count 8388608 datatype 8 op 0 root 8 comm 0x55555a91dd20 [nranks=16] stream 0x55555715cd30
cnode4-008:2247296:2247296 [7] NCCL INFO Recv: opCount 5a sendbuff (nil) recvbuff 0xe54000000 count 8388608 datatype 8 op 0 root 6 comm 0x55555a91dd20 [nranks=16] stream 0x55555715cd30
cnode4-008:2247296:2247296 [7] NCCL INFO Send: opCount 5b sendbuff (nil) recvbuff 0xe58000000 count 8388608 datatype 8 op 0 root 8 comm 0x55555a91dd20 [nranks=16] stream 0x55555715cd30
cnode4-008:2247296:2247296 [7] NCCL INFO Recv: opCount 5b sendbuff (nil) recvbuff 0xe58000000 count 8388608 datatype 8 op 0 root 6 comm 0x55555a91dd20 [nranks=16] stream 0x55555715cd30
cnode4-008:2247296:2247296 [7] NCCL INFO Send: opCount 5c sendbuff (nil) recvbuff 0xe5c000000 count 8388608 datatype 8 op 0 root 8 comm 0x55555a91dd20 [nranks=16] stream 0x55555715cd30
cnode4-008:2247296:2247296 [7] NCCL INFO Recv: opCount 5c sendbuff (nil) recvbuff 0xe5c000000 count 8388608 datatype 8 op 0 root 6 comm 0x55555a91dd20 [nranks=16] stream 0x55555715cd30
cnode4-008:2247296:2247296 [7] NCCL INFO Send: opCount 5d sendbuff (nil) recvbuff 0xe60000000 count 8388608 datatype 8 op 0 root 8 comm 0x55555a91dd20 [nranks=16] stream 0x55555715cd30
cnode4-008:2247296:2247296 [7] NCCL INFO Recv: opCount 5d sendbuff (nil) recvbuff 0xe60000000 count 8388608 datatype 8 op 0 root 6 comm 0x55555a91dd20 [nranks=16] stream 0x55555715cd30
cnode4-008:2247296:2247296 [7] NCCL INFO Send: opCount 5e sendbuff (nil) recvbuff 0xe64000000 count 8388608 datatype 8 op 0 root 8 comm 0x55555a91dd20 [nranks=16] stream 0x55555715cd30
cnode4-008:2247296:2247296 [7] NCCL INFO Recv: opCount 5e sendbuff (nil) recvbuff 0xe64000000 count 8388608 datatype 8 op 0 root 6 comm 0x55555a91dd20 [nranks=16] stream 0x55555715cd30
cnode4-008:2247296:2247296 [7] NCCL INFO Send: opCount 5f sendbuff (nil) recvbuff 0xe68000000 count 8388608 datatype 8 op 0 root 8 comm 0x55555a91dd20 [nranks=16] stream 0x55555715cd30
cnode4-008:2247296:2247296 [7] NCCL INFO Recv: opCount 5f sendbuff (nil) recvbuff 0xe68000000 count 8388608 datatype 8 op 0 root 6 comm 0x55555a91dd20 [nranks=16] stream 0x55555715cd30
cnode4-008:2247296:2247296 [7] NCCL INFO Send: opCount 60 sendbuff (nil) recvbuff 0xe6c000000 count 8388608 datatype 8 op 0 root 8 comm 0x55555a91dd20 [nranks=16] stream 0x55555715cd30
cnode4-008:2247296:2247296 [7] NCCL INFO Recv: opCount 60 sendbuff (nil) recvcnode4-009:1449623:1449623 [7] NCCL INFO Send: opCount 61 sendbuff (nil) recvbuff 0xe20000000 count 8388608 cnode4-008:2247296:2247296 [7] NCCL INFO Send: opCount 61 sendbuff (nil) recvbuff 0xe20000000 count 8388608 datatype 8 op 0 root 8 comm 0x55555a91dd20 [nranks=16] stream 0x55555715cd30
cnode4-008:2247296:2247296 [7] NCCL INFO Recv: opCount 61 sendbuff (nil) recvbcnode4-009:1449623:1449623 [7] NCCL INFO Send: opCount 62 sendbuff (nil) recvbuff 0xa20000000 count 16777216 datatype 8 op 0 root 0 comm 0x55555b442eb0 [nranks=16] stream 0x55555715cd30
cnode4-009:1449623:1449623 [7] NCCL INFO Recv: opCount 62 sendbuff (nil) recvbuff 0xe20000000 count 16777216 datatype 8 op 0 root 14 comm 0x55555b442eb0 [nranks=16] stream 0x55555715cd30
cnode4-009:1449623:1449623 [7] NCCL INFO Send: opCount 63 sendbuff (nil) recvbuff 0xa20000000 count 167772cnode4-008:2247296:2247296 [7] NCCL INFO Send: opCount 63 sendbuff (nil) recvbuff 0xa20000000 count 16777216 datatype 8 op 0 root 8 comm 0x55555a91dd20 [nranks=16] stream 0x55555715cd30
cnode4-008:2247296:2247296 [7] NCCL INFO Recv: opCount 63 sendbuff (nil) recvbuff 0xe20000000 count 16777216 datatype 8 op 0 root 6 comm 0x55555a91dd20 [nranks=16] stream 0x55555715cd30
cnode4-008:2247296:2247296 [7] NCCL INFO Send: opCount 64 sendbuff (nil) recvbuff 0xa28000000 count 16777216 datatype 8 op 0 root 8 comm 0x55555a91dd20 [nranks=16] stream 0x55555715cd30
cnode4-008:2247296:2247296 [7] NCCL INFO Recv: opCount 64 sendbuff (nil) recvbuff 0xe28000000 count 16777216 datatype 8 op 0 root 6 comm 0x55555a91dd20 [nranks=16] stream 0x55555715cd30
cnode4-008:2247296:2247296 [7] NCCL INFO Send: opCount 65 sendbuff (nil) recvbuff 0xa30000000 count 16777216 datatype 8 op 0 root 8 comm 0x55555a91dd20 [nranks=16] stream 0x55555715cd30
cnode4-008:2247296:2247296 [7] NCCL INFO Recv: opCount 65 sendbuff (nil) recvbuff 0xe30000000 count 16777216 datatype 8 op 0 root 6 comm 0x55555a91dd20 [nranks=16] stream 0x55555715cd30
cnode4-008:2247296:2247296 [7] NCCL INFO Send: opCount 66 sendbuff (nil) recvbuff 0xa38000000 count 16777216 datatype 8 op 0 root 8 comm 0x55555a91dd20 [nranks=16] stream 0x55555715cd30
cnode4-008:2247296:2247296 [7] NCCL INFO Recv: opCount 66 sendbuff (nil) recvbuff 0xe38000000 count 16777216 datatype 8 op 0 root 6 comm 0x55555a91dd20 [nranks=16] stream 0x55555715cd30
cnode4-008:2247296:2247296 [7] NCCL INFO Send: opCount 67 sendbuff (nil) recvbuff 0xa40000000 count 16777216 datatype 8 op 0 root 8 comm 0x55555a91dd20 [nranks=16] stream 0x55555715cd30
cnode4-008:2247296:2247296 [7] NCCL INFO Recv: opCount 67 sendbuff (nil) recvbuff 0xe40000000 count 16777216 datatype 8 op 0 root 6 comm 0x55555a91dd20 [nranks=16] stream 0x55555715cd30
