cnode4-011:2243869:2243869 [1] NCCL INFO channel.cc:93 Cuda Alloc Size 4256 pointer 0x1552b7e00000
cnode4-011:2243869:2243869 [1] NCCL INFO channel.cc:93 Cuda Alloc Size 4256 pointer 0x1552b8000000
cnode4-011:2243869:2243869 [1] NCCL INFO channel.cc:93 Cuda Alloc Size 4256 pointer 0x1552b8200000
cnode4-011:2243869:2243869 [1] NCCL INFO channel.cc:93 Cuda Alloc Size 4256 pointer 0x1552b8400000
cnode4-011:2243869:2243869 [1] NCCL INFO channel.cc:93 Cuda Alloc Size 4256 pointer 0x1552b8600000
cnode4-011:2243869:2243869 [1] NCCL INFO channel.cc:93 Cuda Alloc Size 4256 pointer 0x1552b8800000
cnode4-011:2243869:2243869 [1] NCCL INFO channel.cc:93 Cuda Alloc Size 4256 pointer 0x1552b8a00000
cnode4-011:2243869:2243869 [1] NCCL INFO channel.cc:93 Cuda Alloc Size 4256 pointer 0x1552b8c00000
cnode4-011:2243869:2243869 [1] NCCL INFO NVLS importing shareableHandle 0x7fffffff9410 from rank 7
cnode4-011:2243869:2243869 [1] NCCL INFO ncclPollProxyResponse Received new opId=0x555563434f60
cnode4-011:2243869:224cnode4-011:2243874:2243874 [6] NCCL INFO ncclPollcnode4-011:2243873:2243873 [5] NCCL INFO ncclPocnode4-011:2243874:2243874 [6] NCCL INFO resp.opId=0x555562643bc0 matches expected opId=0x555562643bc0
cnode4-011:2243874:2243874 [6] NCCL INFO Connected to proxy localRank 0 -> connection 0x155264000f78
cnode4-011:2243874:2243874 [6] NCCL INFO ProxyCall UDS comcnode4-011:2243869:2243869 [1] NCCL INFO ProxyCall UDS comm 0x55555b7e63c0 rank 1 tpRank 7(b90a2a42f6c67be6) reqSize 8cnode4-011:2243874:2243874 [6] NCCL INFO ProxyCall UDS comm 0x55555a9f4d30 rank 6 tpRank 7(b90a2a42f6c67be6) reqSize 8 respSize 0 respFd 292 opId 0x3683dd1a7585a8ac - DONE
ccnode4-011:2243869:2243869 [1] NCCL INFO NVLS rank 8cnode4-011:2243870:2243870 [2] NCCL INFO NVLS rank 9 (dev 2) alloc done, ucptr 0x1552b8e00000 ucgran 2097152 mcptr 0x1552b9000000 mcgran 2097cnode4-011:2243869:2243869 [1] NCCL INFO TUNER/Plugicnode4-011:2243870:2243870 [2] NCCL INFO TUNER/Plugin: Could not find: libnccl-tuner.so. Using internal tuner plugin.
cnode4-011:2243870:2243870 [2] NCCL INFO threadThresholds 8/8/64 | 112/8/64 | 512 | 512
cnode4-011:2243870:2243870 [2] NCCL INFO 28 coll channels, 28 collnet channels, 16 nvlscnode4-011:2243869:2243869 [1] NCCL INFO init.cc:492cnode4-011:2243870:2243870 [2] NCCL INFO init.cnode4-011:2243869:2243869 [1] NCCL INFO init.cc:494cnode4-011:2243870:2243870 [2] NCCL INFO incnode4-011:2243869:2243869 [1] NCCL INFO init.cc:536cnode4-011:2243870:2243870 [2] NCCL INFO init.cc:536 Cuda Host Alloc Size 1048576 pointer 0x1552c5e00200
cnodcnode4-011:2243871:2243871 [3] NCCL INFO init.cc:536 Cuda Host Alloc Size 1048576 pointer 0x1552c7e00200
cnode4-011:2243871:2243871 [3] NCCL INFO initcnode4-011:2243869:2243869 [1] NCCL INFO ncclCommInicnode4-011:2243870:2243870 [2] NCCL INFO ncclCommInitRankConfig comm 0x55555b4399d0 rank 9 nranks 14 cudaDev cnode4-011:2243871:2243871 [3] NCCL INFO ncclCommInitRankConfig comm 0x55555b432510 rank 10 nranks 14 cudaDev 3 nvmlDev 3 busId 61000 commId 0xe0985860d3c34317 - Init COMPLETE
cnode4-011:2243871:2243871 [3] NCCL INFO Init timings - ncccnode4-011:2243869:2243869 [1] NCCL INFO Send: opCoucnode4-011:2243870:2243870 [2] NCCL INFO Send: opCount 0 sendbuff (nil) recvbuff 0x920000000 count 4194304 datatype 8 cnode4-011:224cnode4-011:2243869:2243869 [1] NCCL INFO misc/utils.cc:234 memory stack hunk malloc(65536)
cnode4-011:2243869:2243869 [1] NCCL INFO Recv: opCount 0 sendbuff (nil) recvbuff 0xd20000000 count 4194304 datatype 8 op 0 root 7 comm 0x55555b7e63c0 [nranks=14] stream 0x55555715cd30
cnode4-011:2243869:2244329 [1] NCCL INFO Mem Realloc old size 0, new size 8 pointer 0x15526c000d00
cnode4-011:2243869:2244329 [1] NCCL INFO New proxy recv connection 0 from local rank 1, transport 0
cnode4-011:2243869:2244329 [1] NCCL INFO proxyProgressAsync opId=0x555563434f60 op.type=1 op.reqBuff=0x15526c000cc0 op.respSize=16 done
cnode4-011:2243869:2243869 [1] NCCL INFO ncclPollProxyResponse Received new opId=0x555563434f60
cnode4-011:2243869:2243869 [1] NCCL INFO resp.opId=0x555563434f60 matches expected opId=0x555563434f60
cnode4-011:2243869:2244329 [1] NCCL INFO Received and initiated operation=Init res=0
cnode4-011:2243869:2243869 [1] NCCL INFO Connected to proxy localRank 1 -> connection 0x15526c000d20
cnode4-011:2243869:2244329 [1] NCCL INFO Allocated shareable buffer 0x1552b9600000 size 10485760 ipcDesc 0x15526c0049a0
cnode4-011:2243869:2244329 [1] NCCL INFO proxyProgressAsync opId=0x555563434f60 op.type=3 op.reqBuff=0x15526c004970 op.respSize=88 done
cnode4-011:2243869:2243869 [1] NCCL INFO ncclPollProxyResponse Received new opId=0x555563434f60
cnode4-011:2243869:2244329 [1] NCCL INFO Received and initiated operation=Setup res=0
cnode4-011:2243869:2243869 [1] NCCL INFO resp.opId=0x555563434f60 matches expected opId=0x555563434f60
cnode4-011:2243869:2244329 [1] NCCL INFO New proxy recv connection 1 from local rank 1, transport 0
cnode4-011:2243869:2244329 [1] NCCL INFO proxyProgressAsync opId=0x55556cnode4-011:2243873:2244333 [5] NCCL INFO New proxy recv connection 1 from local rank 5, transport 0
cnode4-011:22438cnode4-005:3672667:3673040 [2] NCCL INFO Received and initiated operation=Setup res=0
cnode4-005:3672667:3673040 [2] NCCL INFO New proxy recv connection 1 from local rank 2, transport 0
cnode4-005:3672667:3673040 [2] NCCL INFO proxyProgressAsync opId=0x5555632be6a0 op.type=1 op.reqBuff=0x15526c0061a0 op.respSize=16 done
cnode4-005:cnode4-011:2243869:2244329 [1] NCCL INFO Allocated shareable buffer 0x1552ba000000 size 10485760 ipcDesc 0x15526c006250
cnode4-011:2243869:2244329 [1] NCCL INFO proxyProgressAsync opId=0x555563434f60 op.type=3 op.reqBuff=0x15526c006220 op.respSize=88 done
cnode4-011:2243869:2244329 [1] NCCL INFO Received and initiated operation=Setup res=0
cnode4-011:2243869:2243869 [1] NCCL INFO ncclPollProxyResponse Received new opId=0x555563434f60
cnode4-011:2243869:2243869 [1] NCCL INFO resp.opId=0x555563434f60 matches expected opId=0x555563434f60
cnode4-011:2243869:2243869 [1] NCCL INFO Channel 00/1 : 8[1] -> 9[2] via P2P/CUMEM
cnode4-011:2243869:2244329 [1] NCCL INFO New proxy send connection 2 from local rank 1, transport 0
cnode4-011:2243869:2244329 [1] NCCL INFO proxyProgressAsync opId=0x555563434f60 op.type=1 op.reqBuff=0x15526c007a80 op.respSize=16 done
cnode4-011:2243869:2243869 [1] NCCL INFO ncclPollProxyResponse Received new opId=0x555563434f60
cnode4-011:2243869:2244329 [1] NCCL INFO Received and initiated operation=Init res=0
cnode4-011:2243869:2243869 [1] NCCL INFO resp.opId=0x555563434f60 matches expected opId=0x555563434f60
cnode4-011:2243869:2243869 [1] NCCL INFO Connected to proxy localRank 1 -> connection 0x15526c000e10
cnode4-011:2243869:2244329 [1] NCCL INFO Allocated shareable buffer 0x1552baa00000 size 2097152 ipcDesc 0x15526c007b10
cnode4-011:2243869:2244329 [1] NCCL INFO proxyProgressAsync opId=0x555563434f60 op.type=3 op.reqBuff=0x15526c007aa0 op.respSize=88 done
cnode4-011:2243869:2243869 [1] NCCL INFO ncclPollProxyResponse Received new opId=0x555563434f60
cnode4-011:2243869:2244329 [1] NCCL INFO Received and initiated operation=Setup res=0
cnode4-011:2243869:2243869 [1] NCCL INFO resp.opId=0x555563434f60 matches expected opId=0x555563434f60
cnode4-011:2243869:2243869 [1]cnode4-011:2243874:2243874 [6] NCCL INFO ncclPollProxcnode4-011:2243869:2244329 [1] NCCL INFO New proxy send connection 3 from local rank 1, transport 0
cnode4-011:2243869:2244329 [1] NCCL INFO proxyProgressAsync opId=0x555563434f60 op.type=1 op.reqBuff=0x15526c007aa0 op.respSize=16 done
cnode4-011:224386cnode4-011:2243874:2244335 [6] NCCL INFO New proxy send connection 2 from local rank 5, transport 0
cnode4-011:2243874:2244335 [6] NCCL INFO proxyProgressAsync opId=0x5555631e7c20 op.type=1 op.reqBuff=0x15526c007a80 op.respSize=16 done
cnode4-011:2243874:2244335 [6] NCCL INFO Received and initiated operation=Init res=0
cnode4-011:2243874:2243874 [6] NCCL INFO ncclPollProxyResponse Received new opId=0x555562643bc0
cnode4-011:2243874:2243874 [6] NCCL INFO resp.opId=0x555562643bc0 matches expected opId=0x555562643bc0
cnode4-011:2243874:2243874 [6] NCCL INFO Connected to proxy localRank 5 -> connection 0x15526c000f00
cnode4-011:2243874:2243874 [6] NCCL INFO ProxyCall UDS comm 0x55555a9f4d30 rank 6 tpRank 12(f14522bc9938e71b) reqSize 8 respSize 0 respFd 0x7fffffff8968 opId 0x793040afc5e5038b
cnode4-011:2243874:2244336 [6] NCCL INFO proxyUDSRecvReq::ncclProxyMsgGetFd rank 5 opId 0xbc26c4172c354829 handle=0x15526c0049f0
cnode4-011:2243874:2244336 [6] NCCL INFO UDS proxyGetFd received handle 0x15526c0049f0 peer 5 opId bc26c4172c354829
cnode4-011:2243874:2243874 [6] NCCL INFO ProxyCall UDS comm 0x55555a9f4d30 rank 6 tpRank 12(f14522bc9938e71b) reqSize 8 respSize 0 respFd 297 opId 0x793040afc5e5038b - DONE
cnode4-011:2243874:2243874 [6] NCCL INFO UDS: ClientGetFd handle 0x15526c007b60 tpRank 12 returned fd 297 sameProcess 0
cnode4-011:2243874:2243874 [6] NCCL INFO UDS converted handle 0x15526c007b60 to fd 297 on remote peer 12
cnode4-011:2243874:2243874 [6] NCCL INFO Imported shareable buffer device 6 size 2097152 ptr 0x1552bca00000
cnode4-011:2243874:2243874 [6] NCCL INFO ProxyCall UDS comm 0x55555a9f4d30 rank 6 tpRank 12(f14522bc9938e71b) reqSize 8 respSize 0 respFd 0x7fffffff8968 opId 0x9d27d85e6f035883
cnode4-011:2243874:2243874 [6] NCCL INFO ProxyCall UDS comm 0x55555a9f4d30 rank 6 tpRank 12(f14522bc9938e71b) reqSize 8 respSize 0 respFd 298 opId 0x9d27d85e6f035883 - DONE
cnode4-011:2243874:2243874 [6] NCCL INFO UDS: ClientGetFd handle 0x15526c009370 tpRank 12 returned fd 298 sameProcess 0
cnode4-011:2243874:2243874 [6] NCCL INFO UDS converted handle 0x15526c009370 to fd 298 on remote peer 12
cnode4-011:2243874:2244336 [6] NCCL INFO proxyUDSRecvReq::ncclProxyMsgGetFd rank 5 opId 0x53373f7f5538a0e handle=0x15526c0062a0
cnode4-011:2243874:2244336 [6] NCCL INFO UDS proxyGetFd received handle 0x15526c0062a0 peer 5 opId 53373f7f5538a0e
cnode4-011:2243874:2243874 [6] NCCL INFO Imported shareable buffer device 6 size 2097152 ptr 0x1552bcc00000
cnode4-011:2243874:2243874 [6] NCCL INFO sendConnect ncclProxyCallAsync opId=0x5555639cdd90
cnode4-011:2243874:2243874 [6] NCCL INFO sendConnect ncclProxyCallAsync opId=0x5555639d55c0
cnode4-011:2243874:2243874 [6] NCCL INFO ncclPollProxyResponse Received new opId=0x5555639d55c0
cnode4-011:2243874:2243874 [6] NCCL INFO Queuing opId=0x5555639d55c0 respBuff=0x555563925f50 respSize=1400
cnode4-011:2243874:2243874 [6] NCCL INFO ncclPollProxyResponse Dequeued cached opId=0x5555639d55c0
cnode4-011:2243874:2243874 [6] NCCL INFO sendConnect ncclPollProxyResponse opId=0x5555639d55c0
cnode4-011:2243874:2243874 [6] NCCL INFO MMAP imported shareable host buffer /dev/shm/nccl-XuUoqx size 8192 ptr 0x1553234d6000
cnode4-011:2243874:2243874 [6] NCCL INFO ProxyCall UDS comm 0x55555a9f4d30 rank 6 tpRank 7(b90a2a42f6c67be6) reqSize 8 respSize 0 respFd 0x7fffffff8958 opId 0x748d958b89c13d6f
cnode4-011:2243874:2243874 [6] NCCL INFO ProxyCall UDS comm 0x55555a9f4d30 rank 6 tpRank 7(b90a2a42f6c67be6) reqSize 8 respSize 0 respFd 299 opId 0x748d958b89c13d6f - DONE
cnode4-011:2243874:2243874 [6] NCCL INFO UDS: ClientGetFd handle 0x15526406d8e0 tpRank 7 returned fd 299 sameProcess 0
cnode4-011:2243874:2243874 [6] NCCL INFO UDS converted handle 0x15526406d8e0 to fd 299 on remote peer 7
cnode4-011:2243874:2243874 [6] NCCL INFO Imported shareable buffer device 6 size 67108864 ptr 0x1552bce00000
cnode4-011:2243874:2243874 [6] NCCL INFO ncclPollProxyResponse Received new opId=0x5555639cdd90
cnode4-011:2243874:2243874 [6] NCCL INFO resp.opId=0x5555639cdd90 matches expected opId=0x5555639cdd90
cnode4-011:2243874:2243874 [6] NCCL INFO sendConnect ncclPollProxyResponse opId=0x5555639cdd90
cnode4-011:2243874:2243874 [6] NCCL INFO MMAP imported shareable host buffer /dev/shm/nccl-1Ks6sY size 8192 ptr 0x1553234d3000
cnode4-011:2243874:2243874 [6] NCCL INFO Send: opCount 1 sendbuff (nil) recvbuff 0x920000000 count 8388608 datatype 8 op 0 root 0 comm 0x55555a9f4d30 [nranks=14] stream 0x55555715cd30
cnode4-011:2243874:2243874 [6] NCCL INFO Recv: opCount 1 sendbuff (nil) recvbuff 0xd20000000 count 8388608 datatype 8 op 0 root 12 comm 0x55555a9f4d30 [nranks=14] stream 0x55555715cd30
cnode4-011:2243874:2243874 [6] NCCL INFO Send: opCount 2 sendbuff (nil) recvbuff 0x920000000 count 16777216 datatype 8 op 0 root 0 comm 0x55555a9f4d30 [nranks=14] stream 0x55555715cd30
cnode4-011:2243874:2243874 [6] NCCL INFO Recv: opCount 2 sendbuff (nil) recvbuff 0xd20000000 count 16777216 datatype 8 op 0 root 12 comm 0x55555a9f4d30 [nranks=14] stream 0x55555715cd30
cnode4-011:2243874:2243874 [6] NCCL INFO Send: opCount 3 sendbuff (nil) recvbuff 0x920000000 count 33554432 datatype 8 op 0 root 0 comm 0x55555a9f4d30 [nranks=14] stream 0x55555715cd30
cnode4-011:2243874:2243874 [6] NCCL INFO Recv: opCount 3 sendbuff (nil) recvbuff 0xd20000000 count 33554432 datatype 8 op 0 root 12 comm 0x55555a9f4d30 [nranks=14] stream 0x55555715cd30
cnode4-011:2243874:2243874 [6] NCCL INFO Send: opCount 4 sendbuff (nil) recvbuff 0x920000000 count 67108864 datatype 8 op 0 root 0 comm 0x55555a9f4d30 [nranks=14] stream 0x55555715cd30
cnode4-011:2243874:2243874 [6] NCCL INFO Recv: opCount 4 sendbuff (nil) recvbuff 0xd20000000 count 67108864 datatype 8 op 0 root 12 comm 0x55555a9f4d30 [nranks=14] stream 0x55555715cd30
cnode4-011:2243874:2243874 [6] NCCL INFO Send: opCount 5 sendbuff (nil) recvbuff 0x920000000 count 134217728 datatype 8 op 0 root 0 comm 0x55555a9f4d30 [nranks=14] stream 0x55555715cd30
cnode4-011:2243874:2243874 [6] NCCL INFO Recv: opCount 5 sendbuff (nil) recvbuff 0xd20000000 count 134217728 datatype 8 op 0 root 12 comm 0x55555a9f4d30 [nranks=14] stream 0x55555715cd30
cnode4-011:2243874:2243874 [6] NCCL INFO Send: opCount 6 sendbuff (nil) recvbuff 0x920000000 count 268435456 datatype 8 op 0 root 0 comm 0x55555a9f4d30 [nranks=14] stream 0x55555715cd30
cnode4-011:2243874:2243874 [6] NCCL INFO Recv: opCount 6 sendbuff (nil) recvbuff 0xd20000000 count 268435456 datatype 8 op 0 root 12 comm 0x55555a9f4d30 [nranks=14] stream 0x55555715cd30
cnode4-011:2243874:2243874 [6] NCCL INFO Send: opCount 7 sendbuff (nil) recvbuff 0x920000000 count 536870912 datatype 8 op 0 root 0 comm 0x55555a9f4d30 [nranks=14] stream 0x55555715cd30
cnode4-011:2243874:2243874 [6] NCCL INFO Recv: opCount 7 sendbuff (nil) recvbuff 0xd20000000 count 536870912 datatype 8 op 0 root 12 comm 0x55555a9f4d30 [nranks=14] stream 0x55555715cd30
cnode4-011:2243874:2243874 [6] NCCL INFO Send: opCount 8 sendbuff (nil) recvbuff 0x920000000 count 1073741824 datatype 8 op 0 root 0 comm 0x55555a9f4d30 [nranks=14] stream 0x55555715cd30
cnode4-011:2243874:2243874 [6] NCCL INFO Recv: opCount 8 sendbuff (nil) recvbuff 0xd20000000 count 1073741824 datatype 8 op 0 root 12 comm 0x55555a9f4d30 [nranks=14] stream 0x55555715cd30
cnode4-011:2243874:2243874 [6] NCCL INFO Send: opCount 9 sendbuff (nil) recvbuff 0x920000000 count 2147483648 datatype 8 op 0 root 0 comm 0x55555a9f4d30 [nranks=14] stream 0x55555715cd30
cnode4-011:2243874:2243874 [6] NCCL INFO Recv: opCount 9 sendbuff (nil) recvbuff 0xd20000000 count 2147483648 datatype 8 op 0 root 12 comm 0x55555a9f4d30 [nranks=14] stream 0x55555715cd30
cnode4-011:2243874:2243874 [6] NCCL INFO Send: opCount a sendbuff (nil) recvbuff 0x920000000 count 4194304 datatype 8 op 0 root 0 comm 0x55555a9f4d30 [nranks=14] stream 0x55555715cd30
cnode4-011:2243874:2243874 [6] NCCL INFO Recv: opCount a sendbuff (nil) recvbuff 0xd20000000 count 4194304 datatype 8 op 0 root 12 comm 0x55555a9f4d30 [nranks=14] stream 0x55555715cd30
cnode4-011:2243874:2243874 [6] NCCL INFO Send: opCount b sendbuff (nil) recvbuff 0x920000000 count 4194304 datatype 8 op 0 root 0 comm 0x55cnode4-005:3672671:3672671 [6] NCCL INFO Send: opCount b sendbuff (nil) recvbuff 0x920000000 count 4194304 datatype 8 op 0 root 7 comm 0x55555b66de00 [nranks=14] stream 0x55555715cd30
cnode4-005:3672671:3672671 [6] NCCL INFO Recv: opCount b sendbuff (nil) recvbuff 0xd20000000 count 4194304 datatype 8 op 0 root 5 comm 0x55555b66de00 [nranks=14] stream 0x55555715cd30
cnode4-005:3672671:3672671 [6] NCCL INFO Send: opCount c sendbuff (nil) recvbuff 0x922000000 count 4194304 datatype 8 op 0 root 7 comm 0x55555b66de00 [nranks=14] stream 0x55555715cd30
cnode4-005:3672671:3672671 [6] NCCL INFO Recv: opCount c sendbuff (nil) recvbuff 0xd22000000 count 4194304 datatype 8 op 0 root 5 comm 0x55555b66de00 [nranks=14] stream 0x55555715cd30
cnode4-005:3672671:3672671 [6] NCCL INFO Send: opCount d sendbuff (nil) recvbuff 0x924000000 count 4194304 datatype 8 op 0 root 7 comm 0x55555b66de00 [nranks=14] stream 0x55555715cd30
cnode4-005:3672671:3672671 [6] NCCL INFO Recv: opCount d sendbuff (nil) recvbuff 0xd24000000 count 4194304 datatype 8 op 0 root 5 comm 0x55555b66de00 [nranks=14] stream 0x55555715cd30
cnode4-00cnode4-011:2243869:2243869 [1] NCCL INFO Send: opCount 0 sendbuff (nil) recvbuff 0x920000000 count 4194304 datatype 8 op 0 root 9 comm 0x55555b7e63c0 [nranks=14] stream 0x55555715cd30
cnode4-011:2243869:2243869 [1] NCCL INFO Recv: opCount 0 sendbuff (nil) recvbuff 0xd20000000 count 4194304 datatype 8 op 0 root 7 comm 0x55555b7e63c0 [nranks=14] stream 0x55555715cd30
cnode4-011:2243869:2243869 [1] NCCL INFO Send: opCount 0 sendbuff (nil) recvbuff 0x922000000 count 4194304 datatype 8 op 0 root 9 comm 0x55555cnode4-011:2243872:2243872 [4] NCCL INFO Send: opCount 0 sendbuff (nil) recvbuff 0x920000000 count 4194304 datatype 8 op 0 root 12 comm 0x55555b59e7e0 [nranks=14] streamcnode4-005:3672668:3672668 [3] NCCL INFO Send: opCount 0 sendbuff (nil) recvbuff 0x920000000 count 4194304 datatype 8 op 0 root 4 comm 0x55555b7ce420 [nranks=14] stream 0x55555715cd30
cnode4-005:3672668:3672668 [3] NCCL INFO Recv: opCount 0 sendbuff (nil) recvbuff 0xd20000000 count 41cnode4-011:2243874:2243874 [6] NCCL INFO Send: opCount 11 sendbuff (nil) recvbuff 0x92c000000 count 4194304 datatype 8 op 0 root 0 comm 0x55555a9f4d30 [nranks=14] stream 0x55555715cd30
cnode4-011:2243874:2243874 [6] NCCL INFO Recv: opCount 11 sendbuff (nil) recvbuff 0xd2c000000 count 4194304 datatype 8 op 0 root 12 comm 0x55555a9f4d30 [nranks=14] stream 0x55555715cd30
cnode4-011:2243874:2243874 [6] NCCL INFO Send: opCount 12 sendbuff (nil) recvbuff 0x92e000000 count 4194304 datatype 8 op 0 root 0 comm 0x55555a9f4d30 [nranks=14] stream 0x55555715cd30
cnode4-011:2243874:2243874 [6] NCCL INFO Recv: opCount 12 sendbuff (nil) recvbuff 0xd2e000000 count 4194304 datatype 8 op 0 root 12 comm 0x55555a9f4d30 [nranks=14] stream 0x55555715cd30
cnode4-011:2243874:2243874 [6] NCCL INFO Send: opCount 13 sendbuff (nil) recvbuff 0x930000000 count 4194304 datatype 8 op 0 root 0 cnode4-005:3672671:3672671 [6] NCCL INFO Send: opCount 13 sendbuff (nil) recvbuff 0x930000000 count 4194304 datatype 8 op 0 root 7 comm 0x55555b66de00 [nranks=14] stream 0x55555715cd30
cnode4-005:3672671:3672671 [6] NCCL INFO Recv: opCount 13 sendbuff (nil) recvbuff 0xd30000000 count 4194304 datatype 8 op 0 root 5 comm 0x55555b66de00 [nranks=14] stream 0x55555715cd30
cnode4-005:3672671:3672671 [6] NCCL INFO Send: opCount 14 sendbuff (nil) recvbuff 0x932000000 count 4194304 datatype 8 op 0 root 7 comm 0x55555b66de00 [ncnode4-011:2243872:2243872 [4] NCCL INFO Send: opCount 0 sendbuff (nil) recvbuff 0x92a000000 count 4194304 datatype 8 op 0 root 12 comm 0x55555b59e7e0 [nranks=14] stream 0x55555715cd30
cnode4-011:2243872:2243872 [4] NCCL INFO Recv: opCount 0 sendbuff (nil) recvbuff 0xd2a000000 count 4194304 datatype 8 op 0 root 10 comm 0x55555b59e7e0 [nrankscnode4-005:3672668:3672668 cnode4-011:2243872:2243872 [4] NCCL INFO Send: opCount 0 sendbuff (nil) recvbuff 0x92c000000 count 4194304 datatype 8 op 0 root 12 comm 0x55555b59e7e0 [nranks=14] stream 0x55555715cd30
cnode4-011:2243872:2243872 [4] NCCL INFO Recv: opCount 0 sendbuff (nil) recvbuff 0xd2c000000 count 4194304 datatype 8 op 0 root 10 comm 0x55555b59e7e0 [nranks=14] stream 0x55555715cd30
cnode4-011:2243872:2243872 [4] NCCL INFO Send: opCount 0 sendbuff (nil) recvbuff 0x92e000000 count 4194304 datatype 8 op 0 root 12 comm 0x55555b59e7e0 [nranks=14] stream 0x55555715cd30
cnode4-011:2243872:2243872 [4] NCCL INFO Recv: opCount 0 sendbuff (nil) recvbuff 0xd2e000000 count 4194304 datatype 8 op 0 root 10 comm 0x55555b59e7e0 [nranks=14] stream 0x55555715cd30
cnode4-011:2243872:2243872 [4] NCCL INFO Send: opCount 0 sendbuff (nil) recvbuff 0x930000000 count 4194304 datatype 8 op 0 root 12 comm 0x55555b59e7e0 [nranks=14] stream 0x55555715cd30
cnode4-011:2243872:2243872 [4] NCCL INFO Recv: opCount 0 sendbuff (nil) recvbuff 0xd30000000 count 4194304 datatype 8 op 0 root 10 comm 0x55555b59e7e0 [nranks=14] stream 0x55555715cd30
cnode4-011:2243872:2243872 [4] NCCL INFO Send: opCount 0 sendbuff (nil) recvbuff 0x932000000 count 4194304 datatype 8 op 0 root 12 comm 0x55555b59e7e0 [nranks=14] stream 0x55555715cd30
cnode4-011:2243872:2243872 [4] NCCL INFO Recv: opCount 0 sendbuff (nil) recvbuff 0xd32000000 count 4194304 datatype 8 op 0 root 10 comm 0x55555b59e7e0 [nranks=14] stream 0x55555715cd30
cnode4-011:2243872:2243872 [4] NCCL INFO Send: opCount 0 sendbuff (nil) recvbuff 0x934000000 count 4194304 datatype 8 op 0 root 12 comm 0x55555b59e7e0 [nranks=14] stream 0x55555715cd30
cnode4-011:2243872:2243872 [4] NCCL INFO Recv: opCount 0 sendbuff (nil) recvbuff 0xd34000000 count 4194304 datatype 8 op 0 root 10 comm 0x55555b59e7e0 [nranks=14] stream 0x55555715cd30
cnode4-011:2243872:2243872 [4] NCCL INFO Send: opCount 0 sendbuff (nil) recvbuff 0x936000000 count 4194304 datatype 8 op 0 root 12 comm 0x55555b59e7e0 [nranks=14] stream 0x55555715cd30
cnode4-011:2243872:2243872 [4] NCCL INFO Recv: opCount 0 sendbuff (nil) recvbuff 0xd36000000 count 4194304 datatype 8 op 0 root 10 comm 0x55555b59e7e0 [nranks=14] stream 0x55555715cd30
cnode4-011:2243872:2243872 [4] NCCL INFO Send: opCount 0 sendbuff (nil) recvbuff 0x938000000 count 4194304 datatype 8 op 0 root 12 comm 0x55555b59e7e0 [nranks=14] stream 0x55555715cd30
cnode4-011:2243872:2243872 [4] NCCL INFO Recv: opCount 0 sendbuff (nil) recvbuff 0xd38000000 count 4194304 datatype 8 op 0 root 10 comm 0x55555b59e7e0 [nranks=14] stream 0x55555715cd30
cnode4-011:2243872:2243872 [4] NCCL INFO Send: opCount 0 sendbuff (nil) recvbuff 0x93a000000 count 4194304 datatype 8 op 0 root 12 comm 0x55555cnode4-005:3672668:3672668 [3] NCCL INFO Send: opCount 0 sendbuff (nil) recvbuff 0x93a000000 count 4194304 datatype 8 op 0 root 4 comm 0x55555b7ce420 [nranks=14] stream 0x55555715cd30
cnode4-005:3672668:3672668 [3] NCCL INFO Recv: opCount 0 sendbuff (nil) recvbuff 0xd3a000000 count 4194304 datatype 8 op 0 root 2 comm 0x555cnode4-011:2243874:2243874 [6] NCCL INFO Send: opCount 1e sendbuff (nil) recvbuff 0x946000000 count 4194304 datatype 8 op 0 root 0 comm 0x55555a9f4d30 [nranks=14] stream 0x55555715cd30
cnode4-011:2243874:2243874 [6] NCCL INFO Recv: opCount 1e sendbuff (nil) recvbuff 0xd46000000 count 4194304 datatype 8 op 0 root 12 comm 0x55555a9f4d30 [nranks=14] stream 0x55555715cd30
cnode4-011:2243874:2243874 [6] NCCL INFO Send: opCount 1f sendbuff (nil) recvbuff 0x920000000 count 4194304 datatype 8 cnode4-005:3672671:3672671 [6] NCCL INFO Send: opCount 1f sendbuff (nil) recvbuff 0x920000000 count 4194304 datatype 8 op 0 root 7 comm 0x55555b66de00 [nranks=14] stream 0x55555715cd30
cnode4-005:3672671:3672671 [6] NCCL INFO Recv: opCount 1f sendbuff cnode4-011:2243874:2243874 [6] NCCL INFO Send: opCount 20 sendbuff (nil) recvbuff 0xd20000000 count 4194304 datatype 8 op 0 root 0 comm 0x55555a9f4d30 [nranks=14] stream 0x55555715cd30
cnode4-011:2243874:2243874 [6] NCCL INFO Recv: opCount 20 sendbuff (nil) recvbuff 0xd20000000 count 4194304 datatype 8cnode4-005:3672671:3672671 [6] NCCL INFO Recv: opCount 20 sendbuff (cnode4-011:2243874:2243874 [6] NCCL INFO Send: opCount 21 sendbuff (nil) recvbuff 0xd20000000 count 4194304 datatype cnode4-005:3672671:3672671 [6] NCCL INFO Send: opCount 21 sendbuff (nil) recvbuff 0xd20000000 count 4194304 datatype 8 op 0 root 7 comm 0x55555b66de00 [nranks=14] stream 0x55555715cd30
cnode4-005:3672671:3672671 [6] NCCL INFO Recv: opCount 21 sendbuff (nil) recvbuff 0xd20000000 count 4194304 datatype 8 op 0 root 5 comm 0x55555b66de00 [nranks=14] stream 0x55555715cd30
cnode4-005:3672671:3672671 [6] NCCL INFO Send: opCount 22 sendbuff (nil) recvbuff 0xd22000000 count 4194304 datatype 8 op 0 root 7 comm 0x55555b66de00 [nranks=14] stream 0x55555715cd30
cnode4-005:3672671:3672671 [6] NCCL INFO Recv: opCount 22 sendbuff (nil) recvbuff 0xd22000000 count 4194304 datatype 8 op 0 root 5 comm 0x55555b66de00 [nranks=14] stream 0x55555715cd30
cnode4-005:3672671:3672671 [6] NCCL INFO Send: opCount 23 sendbuff (nil) recvbuff 0xd24000000 count 4194304 datatype 8 op 0 root 7 comm 0x55555b66de00 [nranks=14] stream 0x55555715cd30
cnode4-005:3672671:3672671 [6] NCCL INFO Recv: opCount 23 sendbuff (nil) recvbuff 0xd24000000 count 4194304 datatype 8 op 0 root 5 comm 0x55555b66de00 [nranks=14] stream 0x55555715cd30
cnode4-005:3672671:3672671 [6] NCCL INFO Send: opCount 24 sendbuff (nil) recvbuff 0xd26000000 count 4194304 datatype 8 op 0 root 7 comm 0x55555b66de00 [nranks=14] stream 0x55555715cd30
cnode4-005:3672671:3672671 [6] NCCL INFO Recv: opCount 24 sendbuff (nil) recvbuff 0xd26000000 count 4194304 datatype 8 op 0 root 5 comm 0x55555b66de00 [nranks=14] stream 0x55555715cd30
cnode4-005:3672671:3672671 [6] NCCL INFO Send: opCount 25 sendbuff (nil) recvbuff 0xd28000000 count 4194304 datatype 8 op 0 root 7 comm 0x55555b66de00 [nranks=14] stream 0x55555715cd30
cnode4-005:3672671:3672671 [6] NCCL INFO Recv: opCount 25 sendbuff (nil) recvbuff 0xd28000000 count 4194304 datatype 8 op 0 root 5 comm 0x55555b66de00 [nranks=14] stream 0x55555715cd30
cnode4-005:3672671:3672671 [6] NCCL INFO Send: opCount 26 sendbuff (nil) recvbuff 0xd2a000000 count 4194304 datatype 8 op 0 root 7 comm 0x55555b66de00 [nranks=14] stream 0x55555715cd30
cnode4-005:3672671:3672671 [6] NCCL INFO Recv: opCount 26 sendbuff (nil) recvbuff 0xd2a000000 count 4194304 datatype 8 op 0 root 5 comm 0x55555b66de00 [nranks=14] stream 0x55555715cd30
cnode4-005:3672671:3672671 [6] NCCL INFO Send: opCount 27 sendbuff (nil) recvbuff 0xd2c000000 count 4194304 datatype 8 op 0 root 7 comm 0x55555b66de00 [nranks=14] stream 0x55555715cd30
cnode4-005:3672671:3672671 [6] NCCL INFO Recv: opCount 27 sendbuff (nil) recvbuff 0xd2c000000 count 4194304 datatype 8 op 0 root 5 comm 0x55555b66de00 [nranks=14] stream 0x55555715cd30
cnode4-005:3672671:3672671 [6] NCCL INFO Send: opCount 28 sendbuff (nil) recvbuff 0xd2e000000 count 4194304 datatype 8 op 0 root 7 comm 0x55555b66de00 [nranks=14] stream 0x55555715cd30
cnode4-005:3672671:3672671 [6] NCCL INFO Recv: opCount 28 sendbuff (nil) recvbuff 0xd2e000000 count 4194304 datatype 8 op 0 root 5 comm 0x55555b66de00 [nranks=14] stream 0x55555715cd30
cnode4-005:3672671:3672671 [6] NCCL INFO Send: opCount 29 sendbuff (nil) recvbuff 0xd30000000 count 4194304 datatype 8 op 0 root 7 comm 0x55555b66de00 [nranks=14] stream 0x55555715cd30
cnode4-005:3672671:3672671 [6] NCCL INFO Recv: opCount 29 sendbuff (nil) recvbuff 0xd30000000 count 4194304 datatype 8 op 0 root 5 comm 0x55555b66de00 [nranks=14] stream 0x55555715cd30
cnode4-005:3672671:3672671 [6] NCCL INFO Send: opCount 2a sendbuff (nil) recvbuff 0xd32000000 count 4194304 datatype 8 op 0 root 7 comm 0x55555b66de00 [nranks=14] stream 0x55555715cd30
cnode4-005:3672671:3672671 [6] NCCL INFO Recv: opCount 2a sendbuff (nil) recvbuff 0xd32000000 count 4194304 datatype 8 op 0 root 5 comm 0x55555b66de00 [nranks=14] stream 0x55555715cd30
cnode4-005:3672671:3672671 [6] NCCL INFO Send: opCount 2b sendbuff (nil) recvbuff 0xd34000000 count 4194304 datatype 8 op 0 root 7 comm 0x55555b66de00 [nranks=14] stream 0x55555715cd30
cnode4-005:3672671:3672671 [6] NCCL INFO Recv: opCount 2b sendbuff (nil) recvbuff 0xd34000000 count 4194304 datatype 8 op 0 root 5 comm 0x55555b66de00 [nranks=14] stream 0x55555715cd30
cnode4-005:3672671:3672671 [6] NCCL INFO Send: opCount 2c sendbuff (nil) recvbuff 0xd36000000 count 4194304 datatype 8 op 0 root 7 comm 0x55555b66de00 [nranks=14] stream 0x55555715cd30
cnode4-005:3672671:3672671 [6] NCCL INFO Recv: opCount 2c sendbuff (nil) recvbuff 0xd36000000 count 4194304 datatype 8 op 0 root 5 comm 0x55555b66de00 [nranks=14] stream 0x55555715cd30
cnode4-005:3672671:3672671 [6] NCCL INFO Send: opCount 2d sendbuff (nil) recvbuff 0xd38000000 count 4194304 datatype 8 op 0 root 7 comm 0x55555b66de00 [nranks=14] stream 0x55555715cd30
cnode4-005:3672671:3672671 [6] NCCL INFO Recv: opCount 2d sendbuff (nil) recvbuff 0xd38000000 count 4194304 datatype 8 op 0 root 5 comm 0x55555b66de00 [nranks=14] stream 0x55555715cd30
cnode4-005:3672671:3672671 [6] NCCL INFO Send: opCount 2e sendbuff (nil) recvbuff 0xd3a000000 count 4194304 datatype 8 op 0 root 7 comm 0x55555b66de00 [nranks=14] stream 0x55555715cd30
cnode4-005:3672671:3672671 [6] NCCL INFO Recv: opCount 2e sendbuff (nil) recvbuff 0xd3a000000 count 4194304 datatype 8 op 0 root 5 comm 0x55555b66de00 [nranks=14] stream 0x55555715cd30
cnode4-005:3672671:3672671 [6] NCCL INFO Send: opCount 2f sendbuff (nil) recvbuff 0xd3c000000 count 4194304 datatype 8 op 0 root 7 comm 0x55555b66de00 [nranks=14] stream 0x55555715cd30
cnode4-005:3672671:3672671 [6] NCCL INFO Recv: opCount 2f sendbuff (nil) recvbuff 0xd3c000000 count 4194304 datatype 8 op 0 root 5 comm 0x55555b66de00 [nranks=14] stream 0x55555715cd30
cnode4-005:3672671:3672671 [6] NCCL INFO Send: opCount 30 sendbuff (nil) recvbuff 0xd3e000000 count 4194304 datatype 8 op 0 root 7 comm 0x55555b66de00 [nranks=14] stream 0x55555715cd30
cnode4-005:3672671:3672671 [6] NCCL INFO Recv: opCount 30 sendbuff (nil) recvbuff 0xd3e000000 count 4194304 datatype 8 op 0 root 5 comm 0x55555b66de00 [nranks=14] stream 0x55555715cd30
cnode4-005:3672671:3672671 [6] NCCL INFO Send: opCount 31 sendbuff (nil) recvbuff 0xd40000000 count 4194304 datatype 8 op 0 root 7 comm 0x55555b66de00 [nranks=14] stream 0x55555715cd30
cnode4-005:3672671:3672671 [6] NCCL INFO Recv: opCount 31 sendbuff (nil) recvbuff 0xd40000000 count 4194304 datatype 8 op 0 root 5 comm 0x55555b66de00 [nranks=14] stream 0x55555715cd30
cnode4-005:3672671:3672671 [6] NCCL INFO Send: opCount 32 sendbuff (nil) recvbuff 0xd42000000 count 4194304 datatype 8 op 0 root 7 comm 0x55555b66de00 [nranks=14] stream 0x55555715cd30
cnode4-005:3672671:3672671 [6] NCCL INFO Recv: opCount 32 sendbuff (nil) recvbuff 0xd42000000 count 4194304 datatype 8 op 0 root 5 comm 0x55555b66de00 [nranks=14] stream 0x55555715cd30
cnode4-005:3672671:3672671 [6] NCCL INFO Send: opCount 33 sendbuff (nil) recvbuff 0xd44000000 count 4194304 datatype 8 op 0 root 7 comm 0x55555b66de00 [nranks=14] stream 0x55555715cd30
cnode4-005:3672671:3672671 [6] NCCL INFO Recv: opCount 33 sendbuff (nil) recvbuff 0xd44000000 count 4194304 datatype 8 op 0 root 5 comm 0x55555b66de00 [nranks=14] stream 0x55555715cd30
cnode4-005:3672671:3672671 [6] NCCL INFO Send: opCount 34 sendbuff (nil) recvbuff 0xd46000000 count 4194304 datatype 8 op 0 root 7 comm 0x55555b66de00 [nranks=14] stream 0x55555715cd30
cnode4-005:3672671:3672671 [6] NCCL INFO Recv: opCount 34 sendbuff (nil) recvbuff 0xd460cnode4-011:2243874:2243874 [6] NCCL INFO Send: opCount 35 sendbuff (nil) recvbuff 0xd20000000 count 4194304 datatype 8 op 0 root 0 comm 0x55555a9f4d30 [nranks=14] stream 0x55555715cd30
cnode4-011:2243874:2243874 [6] NCCL INFO Recv: opCount 35 sendbuff (nil) recvbuff 0xd20000000 count 4194304 datatype 8 op 0 root 12 comm 0x55555a9f4d30 [nranks=14] stream 0x55555715cd30
cnode4-011:2243874:2243874 [6] NCCL INFO Send: opCount 36 sendbuff (nil) recvbuff 0x920000000 cocnode4-005:3672671:3672671 [6] NCCL INFO Send: opCount 36 sendbuff (nil) recvbuff 0x920000000 count 8388608 datatype 8 op 0 root 7 comm 0x55555b66de00 [nranks=14] stream 0x55555715cd30
cnode4-005:3672671:3672671 [6] NCCL INFO Recv: opCount 36 sendbuff (nil) recvbuff 0xd20000cnode4-011:2243874:2243874 [6] NCCL INFO Send: opCount 37 sendbuff (nil) recvbuff 0x920000000 count 8388608 datatype 8 op 0 root 0 comm 0x55555a9f4d30 [nranks=14] stream 0x55555715cd30
cnode4-011:2243874:2243874 [6] NCCL INFO Recv: opCount 37 sendbuff (nil) recvbuff 0xd20000000 count 8388608 datatype 8 op 0 root 12 comm 0x55555a9f4d30 [nranks=14] stream 0x55555715cd30
cnode4-011:2243874:2243874 [6] NCCL INFO Send: opCount 38 sendbuff (nil) recvbuff 0x924000000 count 8388608 datatype 8 op 0 root 0 comm 0x55555a9f4d30 [nranks=14] stream 0x55555715cd30
cnode4-011:2243874:2243874 [6] NCCL INFO Recv: opCount 38 sendbuff (nil) recvbuff 0xd24000000 count 8388608 datatype 8 op 0 root 12 comm 0x55555a9f4d30 [nranks=14] stream 0x55555715cd30
cnode4-011:2243874:2243874 [6] NCCL INFO Send: opCount 39 sendbuff (nil) recvbuff 0x928000000 count 8388608 datatype 8 op 0 root 0 comm 0x55555a9f4d30 [nranks=14] stream 0x55555715cd30
cnode4-011:2243874:2243874 [6] NCCL INFO Recv: opCount 39 sendbuff (nil) recvbuff 0xd28000000 count 8388608 datatype 8 op 0 root 12 comm 0x55555a9f4d30 [nranks=14] stream 0x55555715cd30
cnode4-011:224387cnode4-011:2243869:2243869 [1] NCCL INFO Send: opCount 0 sendbuff (nil) recvbuff 0x920000000 count 8388608 datatype 8 op 0 root 9 comm 0x55555b7e63c0 [nranks=14] stream 0x55555715cd30
cnode4-011:2243869:2243869 [1] NCCL INFO Recv: opCount 0 sendbuff (nil) recvbuff 0xd20000000 count 8388608 datatype 8 op 0 root 7 comm 0x55555b7e63c0 [nranks=14] stream 0x55555715cd30
cnode4-011:2243869:2243869 [1] NCCL INFO Send: opcnode4-011:2243870:2243870 [2] NCCL INFO Send: opCount 0 sendbuff (nil) recvbuff 0x920000000 count 8388608 datatype 8 op 0 root 10 comm 0x55555b4399d0 [nranks=14] stream 0x55555715cd30
cnode4-011:2243870:2243870 [2] NCCL INFO Recv: opCount 0 sendbuff (nil) recvbuff 0xd20000000 count 8388608 datatype 8 op 0 root 8 comm 0x55555b4399d0 [nranks=14] stream 0x55555715cd30
cnode4-011:2243870:2243870 [2] NCCL INFO Send: opCount 0 sendbuff (nil) recvbuff 0x924000000 count 8388608 datatype 8 op 0 root 10 comm 0x55555b4399d0 [nranks=14] stream 0x55555715cd30
cnode4-011:2243870:2243870 [2] NCCL INFO Recv: opCount 0 sendbuff (nil) recvbuff 0xd24000000 count 8388608 datatype 8 op 0 root 8 comm 0x55555b4399d0 [nranks=14] stream 0x55555715cd30
cnode4-011:2243870:2243870 [2] NCCL INFO Send: opCount 0 sendbuff (nil) recvbuff 0x928000000 count 8388608 datatype 8 op 0 root 10 comm 0x55555b4399d0 [nranks=14] stream 0x55555715cd30
cnode4-011:2243870:2243870 [2] NCCL INFO Recv: opCount 0 sendbuff (nil) recvbuff 0xd28000000 count 8388608 datatype 8 op 0 root 8 comm 0x55555b4399d0 [nranks=14] stream 0x55555715cd30
cnode4-011:2243870:2243870 [2] NCCL INFO Send: opCount 0 sendbuff (nil) recvbuff 0x92c000000 count 8388608 datatype 8 op 0 root 10 comm 0x55555b4399d0 [nranks=14] stream 0x55555715cd30
cnode4-011:2243870:2243870 [2] NCCL INFO Recv: opCount 0 sendbuff (nil) recvbuff 0xd2c000000 count 8388608 datatype 8 op 0 root 8 comm 0x55555b4399d0 [nranks=14] stream 0x55555715cd30
cnode4-011:2243870:2243870 [2] NCCL INFO Send: opCount 0 sendbuff (nil) recvbuff 0x930000000 count 8388608 datatype 8 op 0 root 10 comm 0x55555b4399d0 [nranks=14] stream 0x55555715cd30
cnode4-011:2243870:2243870 [2] NCCL INFO Recv: opCount 0 sendbuff (nil) recvbuff 0xd30000000 count 8388608 datatype 8 op 0 root 8 comm 0x55555b4399d0 [nranks=14] stream 0x55555715cd30
cnode4-011:2243870:2243870 [2] NCCL INFO Send: opCount 0 sendbuff (nil) recvbuff 0x934000000 count 8388608 datatype 8 op 0 root 10 comm 0x55555b4399d0 [nranks=14] stream 0x55555715cd30
cnode4-011:2243870:2243870 [2] NCCL INFO Recv: opCount 0 sendbuff (nil) recvbuff 0xd34000000 count 8388608 datatype 8 op 0 root 8 comm 0x55555b4399d0 [nranks=14] stream 0x55555715cd30
cnode4-011:2243870:2243870 [2] NCCL INFO Send: opCount 0 sendbuff (nil) recvbuff 0x938000000 count 8388608 datatype 8 op 0 root 10 comm 0x55555b4399d0 [nranks=14] stream 0x55555715cd30
cnode4-011:2243870:2243870 [2] NCCL INFO Recv: opCount 0 sendbuff (nil) recvbuff 0xd38000000 count 8388608 datatype 8 op 0 root 8 comm 0x55555b4399d0 [nranks=14] stream 0x55555715cd30
cnode4-011:2243870:2243870 [2] NCCL INFO Send: opCount 0 sendbuff (nil) recvbuff 0x93c000000 count 8388608 datatype 8 op 0 root 10 comm 0x55555b4399d0 [nranks=14] stream 0x55555715cd30
cnode4-011:2243870:2243870 [2] NCCL INFO Recv: opCount 0 sendbuff (nil) recvbuff 0xd3c000000 count 8388608 datatype 8 op 0 root 8 comm 0x55555b4399d0 [nranks=14] stream 0x55555715cd30
cnode4-011:2243870:2243870 [2] NCCL INFO Send: opCount 0 sendbuff (nil) recvbuff 0x940000000 count 8388608 datatype 8 op 0 root 10 comm 0x55555b4399d0 [nranks=14] stream 0x55555715cd30
cnode4-011:2243870:2243870 [2] NCCL INFO Recv: opCount 0 sendbuff (nil) recvbuff 0xd40000000 count 8388608 datatype 8 op 0 root 8 comm 0x55555b4399d0 [nranks=14] stream 0x55555715cd30
cnode4-011:2243870:2243870 [2] NCCL INFO Send: opCount 0 sendbuff (nil) recvbuff 0x944000000 count 8388608 datatype 8 op 0 root 10 comm 0x55555b4399d0 [nranks=14] stream 0x55555715cd30
cnode4-011:2243870:2243870 [2] NCCL INFO Recv: opCount 0 sendbuff (nil) recvbuff 0xd44000000 count 8388608 datatype 8 op 0 root 8 comm 0x55555b4399d0 [nranks=14] stream 0x55555715cd30
cnode4-011:2243870:2243870 [2] NCCL INFO Send: opCount 0 sendbuff (nil) recvbuff 0x948000000 count 8388608 datatype 8 op 0 root 10 comm 0x55555b4399d0 [nranks=14] stream 0x55555715cd30
cnode4-011:2243870:2243870 [2] NCCL INFO Recv: opCount 0 sendbuff (nil) recvbuff 0xd48000000 count 8388608 datatype 8 op 0 root 8 comm 0x55555b4399d0 [nranks=14] stream 0x55555715cd30
cnode4-011:2243870:2243870 [2] NCCL INFO Send: opCount 0 sendbuff (nil) recvbuff 0x94c000000 count 8388608 datatype 8 op 0 root 10 comm 0x55555b4399d0 [nranks=14] stream 0x55555715cd30
cnode4-011:2243870:2243870 [2] NCCL INFO Recv: opCount 0 sendbuff (nil) recvbuff 0xd4c000000 count 8388608 datatype 8 op 0 root 8 comm 0x55555b4399d0 [nranks=14] stream 0x55555715cd30
cnode4-011:2243870:2243870 [2] NCCL INFO Send: opCount 0 sendbuff (nil) recvbuff 0x950000000 count 8388608 datatype 8 op 0 root 10 comm 0x55555b4399d0 [nranks=14] stream 0x55555715cd30
cnode4-011:2243870:2243870 [2] NCCL INFO Recv: opCount 0 sendbuff (nil) recvbuff 0xd50000000 count 8388608 datatype 8 op 0 root 8 comm 0x55555b4399d0 [nranks=14] stream 0x55555715cd30
cnode4-011:2243870:2243870 [2] NCCL INFO Send: opCount 0 sendbuff (nil) recvbuff 0x954000000 count 8388608 datatype 8 op 0 root 10 comm 0x55555b4399d0 [nranks=14] stream 0x55555715cd30
cnode4-011:2243870:2243870 [2] NCCL INFO Recv: opCount 0 sendbuff (nil) recvbuff 0xd54000000 count 8388608 datatype 8 op 0 root 8 comm 0x55555b4399d0 [nranks=14] stream 0x55555715cd30
cnode4-011:2243870:2243870 [2] NCCL INFO Send: opCount 0 sendbuff (nil) recvbuff 0x958000000 count 8388608 datatype 8 op 0 root 10 comm 0x55555b4399d0 [nranks=14] stream 0x55555715cd30
cnode4-011:2243870:2243870 [2] NCCL INFO Recv: opCount 0 sendbuff (nil) recvbuff 0xd58000000 count 8388608 datatype 8 op 0 root 8 comm 0x55555b4399d0 [nranks=14] stream 0x55555715cd30
cnode4-011:2243870:2243870 [2] NCCL INFO Send: opCount 0 sendbuff (nil) recvbuff 0x95c000000 count 8388608 datatype 8 op 0 root 10 comm 0x55555b4399d0 [nranks=14] stream 0x55555715cd30
cnode4-011:2243870:2243870 [2] NCCL INFO Recv: opCount 0 sendbuff (nil) recvbuff 0xd5c000000 count 8388608 datatype 8 op 0 root 8 comm 0x55555b4399d0 [nrcnode4-011:2243874:2243874 [6] NCCL INFO Send: opCount 4b sendbuff (nil) recnode4-005:3672671:3672671 [6] NCCL INFO Send: opCount 4b sendbuff (nil) recvbuff 0x920000000 count 8388608 datatype 8 op 0 root 7 comm 0x55555b66de00 [nranks=14] stream 0x55555715cd30
cnode4-005:3672671:3672671 [6] NCCL INFO Recv: opCount 4b sendbuff (nil) recvbuff 0xd20000000 count 8388608 datcnode4-011:2243874:2243874 [6] NCCL INFO Send: opCount 4c sendbuff (nil) recvbuff 0xd20000000 count 8388608 datatype 8 op 0 root 0 comm 0x55555a9f4d30 [nranks=14] stream 0x55555715cd30
cnode4-011:2243874:2243874 [6] NCCL INFO Recv: opCount 4c sendbuff (nil) recvbuff 0xd20000000 count 8388608 datatype 8 op 0 root 12 comm 0x55555a9f4d30 [nranks=14] stream 0x55555715cd30
cnode4-011:2243874:2243874 [6] NCCL INFO Send: opCount 4d sendbuff (nil) recvbuff 0xd20000000 count 8388608 datatype 8 op 0 root 0 comm 0x55555a9f4d30 [nranks=14] stream 0x55555715cd30
cnode4-011:2243874:2243874 [6] NCCL INFO Recv: opCount 4d sendbuff (nil) recvbuff 0xd20000000 count 8388608 datatype 8 op 0 root 12 comm 0x55555a9f4d30 [nranks=14] stream 0x55555715cd30
cnode4-011:2243874:2243874 [6] NCCL INFO Send: opCount 4e sendbuff (nil) recvbuff 0xd24000000 count 8388608 datatype 8 op 0 root 0 comm 0x55555a9f4d30 [nranks=14] stream 0x55555715cd30
cnode4-011:2243874:2243874 [6] NCCL INFO Recv: opCount 4e sendbuff (nil) recvbuff 0xd24000000 count 8388608 datatype 8 op 0 root 12 comm 0x55555a9f4d30 [nranks=14] stream 0x55555715cd30
cnode4-011:2243874:2243874 [6] NCCL INFO Send: opCount 4f sendbuff (nil) recvbuff 0xd28000000 count 8388608 datatype 8 op 0 root 0 comm 0x55555a9f4d30 [nranks=14] stream 0x55555715cd30
cnode4-011:2243874:2243874 [6] NCCL INFO Recv: opCount 4f sendbuff (nil) recvbuff 0xd28000000 count 8388608 datatype 8 op 0 root 12 comm 0x55555a9f4d30 [nranks=14] stream 0x55555715cd30
cnode4-011:2243874:2243874 [6] NCCL INFO Send: opCount 50 sendbuff (nil) recvbuff 0xd2c000000 count 8388608 datatype 8 op 0 root 0 comm 0x55555a9f4d30 [nranks=14] stream 0x55555715cd30
cnode4-011:2243874:2243874 [6] NCCL INFO Recv: opCount 50 sendbuff (nil) recvbuff 0xd2c000000 count 8388608 datatype 8 op 0 root 12 comm 0x55555a9f4d30 [nranks=14] stream 0x55555715cd30
cnode4-011:2243874:2243874 [6] NCCL INFO Send: opCount 51 sendbuff (nil) recvbuff 0xd30000000 count 8388608 datatype 8 op 0 root 0 comm 0x55555a9f4d30 [nranks=14] stream 0x55555715cd30
cnode4-011:2243874:2243874 [6] NCCL INFO Recv: opCount 51 sendbuff cnode4-005:3672667:36cnode4-005:3672669:3672669 [4] NCCL INFO Send: opCount 0 sendbuff (nil) recvbuff 0xd20000000 count 8388608 datatype 8 op 0 root 5 comm 0x55555b42a6b0 [nranks=14] stream 0x55555715cd30
cnode4-005:3672669:3672669 [4] NCCL INFO Recv: opCount 0 sendbuff (nil) recvbuff 0xd20000000 count 8388608 datatype 8 op 0 root 3 comm 0x55555b42a6b0 [nranks=14] stream 0x55555715cd30
cnode4-005:3672669:3672669 [4] NCCL INFO Send: opCount 0 sendbuff (nil) recvbuff 0xd24000000 count 8388608 datatype 8 op 0 root 5 comm 0x55555b42a6b0 [nranks=14] stream 0x55555715cd30
cnode4-005:3672669:3672669 [4] NCCL INFO Recv: opCount 0 sendbuff (nil) recvbuff 0xd24000000 count 8388608 datatype 8 op 0 root 3 comm 0x55555b42a6b0 [nranks=14] stream 0x55555715cd30
cnode4-005:3672669:3672669 [4] NCCL INFO Send: opCount 0 sendbuff (nil) recvbuff 0xd28000000 count 8388608 datatype 8 op 0 root 5 comm 0x55555b42a6b0 [nranks=14] stream 0x55555715cd30
cnode4-005:3672669:3672669 [4] NCCL INFO Recv: opCount 0 sendbuff (nil) recvbuff 0xd28000000 count 8388608 datatype 8 op 0 root 3 comm 0x55555b42a6b0 [nranks=14] stream 0x55555715cd30
cnode4-005:3672669:3672669 [4] NCCL INFO Send: opCount 0 sendbuff (nil) recvbuff 0xd2c000000 count 8388608 cnode4-011:2243874:2243874 [6] NCCL INFO Send: opCount 55 sendbuff (nil) recvbuff 0xd40000000 count 8388608 datatype 8 op 0 root 0 comm 0x55555a9f4d30 [nranks=14] stream 0x55555715cd30
cnode4-011:2243874:2243874 [6] NCCL INFO Recv: opCount 55 sendbuff (nil) recvbuff 0xd40000000 count 8388608 datatype 8 op 0 root 12 comm 0x55555a9f4d30 [nranks=14] stream 0x55555715cd30
cnode4-011:2243874:2243874 [6] NCCL INFO Send: opCount 56 sendbuff (nil) recvbuff 0xd44000000 count 8388608 datatype 8 op 0 root 0 comm 0x55555a9f4d30 [nranks=14] stream 0x55555715cd30
cnode4-011:2243874:2243874 [6] NCCL INFO Recv: opCount 56 sendbuff (nil) recvbuff 0xd44000000 count 8388608 datatype 8 op 0 root 12 comm 0x55555a9f4d30 [nranks=14] stream 0x55555715cd30
cnode4-011:2243874:2243874 [6] NCCL INFO Send: opCount 57 sendbuff (nil) recvbuff 0xd48000000 count 8388608 datatype 8 op 0 root 0 comm 0x55555a9f4d30 [nranks=14] stream 0x55555715cd30
cnode4-011:2243874:2243874 [6] NCCL INFO Recv: opCount 57 sendbuff (nil) recvbuff 0xd48000000 count 8388608 datatype 8 op 0 root 12 comm 0x55555a9f4d30 [nranks=14] stream 0x55555715cd30
cnode4-011:2243874:2243874 [6] NCCL INFO Send: opCount 58 sendbuff (nil) recvbuff 0xd4c000000 count 8388608 datatype 8 op 0 root 0 comm 0x55555a9f4d30 [nranks=14] stream 0x55555715cd30
cnode4-011:2243874:2243874 [6] NCCL INFO Recv: opCount 58 sendbuff (nil) recvbuff 0xd4c000000 count 8388608 datatype 8 op 0 root 12 comm 0x55555a9f4d30 [nranks=14] stream 0x55555715cd30
cnode4-011:2243874:2243874 [6] NCCL INFO Send: opCount 59 sendbuff (nil) recvbuff 0xd50000000 count 8388608 datatype 8 op 0 root 0 comm 0x55555a9f4d30 [nranks=14] stream 0x55555715cd30
cnode4-011:2243874:2243874 [6] NCCL INFO Recv: opCount 59 sendbuff (nil) recvbuff 0xd50000000 count 8388608 datatype 8 op 0 root 12 comm 0x55555a9f4d30 [nranks=14] stream 0x55555715cd30
cnode4-011:2243874:2243874 [6] NCCL INFO Send: opCount 5a sendbuff (nil) recvbuff 0xd54000000 count 8388608 datatype 8 op 0 root 0 comm 0x55555a9f4d30 [nranks=14] stream 0x55555715cd30
cnode4-011:2243874:2243874 [6] NCCL INFO Recv: opCount 5a sendbuff (nil) recvbuff 0xd54000000 count 8388608 datatype 8 op 0 root 12 comm 0x55555a9f4d30 [nranks=14] stream 0x55555715cd30
cnode4-011:2243874:2243874 [6] NCCL INFO Send: opCount 5b sendbuff (nil) recvbuff 0xd58000000 count 8388608 datatype 8 op 0 root 0 comm 0x55555a9f4d30 [nranks=14] stream 0x55555715cd30
cnode4-011:2243874:2243874 [6] NCCL INFO Recv: opCount 5b sendbuff (nil) recvbuff 0xd58000000 count 8388608 datatype 8 op 0 root 12 comm 0x55555a9f4d30 [nranks=14] stream 0x55555715cd30
cnode4-011:2243874:2243874 [6] NCCL INFO Send: opCount 5c sendbuff (nil) recvbuff 0xd5c000000 count 8388608 datatype 8 op 0 root 0 comm 0x55555a9f4d30 [nranks=14] stream 0x55555715cd30
cnode4-011:2243874:2243874 [6] NCCL INFO Recv: opCount 5c sendbuff (nil) recvbuff 0xd5c000000 count 8388608 datatype 8 op 0 root 12 comm 0x55555a9f4d30 [nranks=14] stream 0x55555715cd30
cnode4-011:2243874:2243874 [6] NCCL INFO Send: opCount 5d sendbuff (nil) recvbuff 0xd60000000 count 8388608 datatype 8 op 0 root 0 comm 0x55555a9f4d30 [nranks=14] stream 0x55555715cd30
cnode4-011:2243874:2243874 [6] NCCL INFO Recv: opCount 5d sendbuff (nil) recvbuff 0xd60000000 count 8388608 datatype 8 op 0 root 12 comm 0x55555a9f4d30 [nranks=14] stream 0x55555715cd30
cnode4-011:2243874:2243874 [6] NCCL INFO Send: opCount 5e sendbuff (nil) recvbuff 0xd64000000 count 8388608 datatype 8 op 0 root 0 comm 0x55555a9f4d30 [nranks=14] stream 0x55555715cd30
cnode4-011:2243874:2243874 [6] NCCL INFO Recv: opCount 5e sendbuff (nil) recvbuff 0xd64000000 count 8388608 datatype 8 op 0 root 12 comm 0x55555a9f4d30 [nranks=14] stream 0x55555715cd30
cnode4-011:2243874:2243874 [6] NCCL INFO Send: opCount 5f sendbuff (nil) recvbuff 0xd68000000 count 8388608 datatype 8 op 0 root 0 comm 0x55555a9f4d30 [nranks=14] stream 0x55555715cd30
cnode4-011:2243874:2243874 [6] NCCL INFO Recv: opCount 5f sendbuff (nil) recvbuff 0xd68000000 count 8388608 datatype 8 op 0 root 12 comm 0x55555a9f4d30 [nranks=14] stream 0x55555715cd30
cnode4-011:2243874:2243874 [6] NCCL INFO Send: opCount 60 sendbuff (nil) recvbuff 0xd6c000000 count 8388608 datatype 8 op 0 root 0 comm 0x55555a9f4d30 [nranks=14] stream 0x55555715cd30
cnode4-011:2243874:2243874 [6] NCCL INFO Recv: opCount 60 sendbuff (nil) recvbuff 0xd6c000000 count 8388608 datatype 8 op 0 root 12 comm 0x55555a9f4d30 [nranks=14] stream 0x55555715cd30
cnode4-011:2243874:2243874 [6] NCCL INFO Send: opCount 61 sendbuff (nil) recvbuff 0xd20000000 count 8388608 datatype 8 op 0 root 0 comm 0x55555a9f4d30 [nranks=14] stream 0x55555715cd30
cnode4-011:2243874:2243874 [6] NCCL INFO Recv: opCount 61 sendbuff (nil) recvbuff 0xd20000000 count 8388608 datatype 8 op 0 root 12 comm 0x55555a9f4d30 [nranks=14] stream 0x55555715cd30
cnode4-011:2243874:2243874 [6] NCCL INFO Send: opCoucnode4-005:3672671:3672671 [6] NCCL INFO Send: opCount 62 sendbuff (nil) recvbuff 0x920000000 count 16777216 datatype 8 op 0 root 7 comm 0x55555b66de00 [nranks=14] stream 0x55555715cd30
cnode4-005:3672671:3672671 [6] NCCL INFO Recv: opCount 62 sendbuff (nil) recvbuff 0xd20000000 count 16777216 datatype 8 op 0 root 5 comcnode4-011:2243874:2243874 [6] NCCL INFO Send: opCocnode4-005:3672671:3672671 [6] NCCL INFO Send: opCount 63 sendbuff (nil) recvbuff 0x920000000 count 16777216 datatype 8 op 0 root 7 comm 0x55555b66de00 [nranks=14] stream 0x55555715cd30
cnode4-005:3672671:3672671 [6] NCCL INFO Recv: opCount 63 sendbuff (nil) recvbuff 0xd20000000 count 16777216 datatype 8 op 0 root 5 comm 0x55555b66de00 [nranks=14] stream 0x55555715cd30
cnode4-005:3672671:3672671 [6] NCCL INFO Send: opCount 64 sendbuff (nil) recvbuff 0x928000000 count 16777216 datatype 8 op 0 root 7 comm 0x55555b66de00 [nranks=14] stream 0x55555715cd30
cnode4-005:3672671:3672671 [6] NCCL INFO Recv: opCount 64 sendbuff (nil) recvbuff 0xd28000000 count 16777216 datatype 8 op 0 root 5 comm 0x55555b66de00 [nranks=14] stream 0x55555715cd30
cnode4-005:3672671:3672671 [6] NCCL INFO Send: opCount 65 sendbuff (nil) recvbuff 0x930000000 count 16777216 datatype 8 op 0 root 7 comm 0x55555b66de00 [nranks=14] stream 0x55555715cd30
cnode4-005:367267cnode4-011:2243869:2243869 [1] NCCL INFO Send: opCount 0 sendbuff (nil) recvbuff 0x920000000 count 16777216 datatype 8 op 0 root 9 comm 0x55555b7e63c0 [nranks=14] stream 0x55555715cd30
cnode4-011:2243869:2243869 [1] NCCL INFO Recv: opCount 0 sendbuff (nil) recvbuff 0xd20000000 count 16777216 datatype 8 op 0 root 7 comm 0x55555b7e63c0 [nranks=14] stream 0x55555715cd30
cnode4-011:2243869:2243869 [1] NCCL INFO Send: opCount 0 sendbuff (nil) recvbuff 0x92800000cnode4-011:2243870:2243870 [2] NCCL INFO Send: opCount 0 sendbuff (nil) recvbuff 0x920000000 count 16777216 datatcnode4-011:2243871:2243871 [3] NCCL INFO Send: opCount 0 sendbuff (nil) recvbuff 0x920000000 count 16777216 datatype 8 op 0 root 11 comm 0x55555b432510 [nranks=14] stream 0x55555715cd30
