cnode4-011:2269393:2269393 [1] NCCL INFO channel.cc:93 Cuda Alloc Size 4256 pointer 0x1552b7e00000
cnode4-011:2269393:2269393 [1] NCCL INFO channel.cc:93 Cuda Alloc Size 4256 pointer 0x1552b8000000
cnode4-011:2269393:2269393 [1] NCCL INFO channel.cc:93 Cuda Alloc Size 4256 pointer 0x1552b8200000
cnode4-011:2269393:2269393 [1] NCCL INFO channel.cc:93 Cuda Alloc Size 4256 pointer 0x1552b8400000
cnode4-011:2269393:2269393 [1] NCCL INFO channel.cc:93 Cuda Alloc Size 4256 pointer 0x1552b8600000
cnode4-011:2269393:2269393 [1] NCCL INFO channel.cc:93 Cuda Alloc Size 4256 pointer 0x1552b8800000
cnode4-011:2269393:2269393 [1] NCCL INFO channel.cc:93 Cuda Alloc Size 4256 pointer 0x1552b8a00000
cnode4-011:2269393:2269393 [1] NCCL INFO channel.cc:93 Cuda Alloc Size 4256 pointer 0x1552b8c00000
cnode4-011:2269393:2269393 [1] NCCL INFO NVLS importing shareableHandle 0x7fffffff9410 from rank 7
cnode4-011:2269393:2269393 [1] NCCL INFO ncclPollProxyResponse Received new opId=0x5555632fa870
cnode4-011:2269393:22cnode4-011:2269398:2269398 [6] NCCL INFO ncclPollProxyResponse Received new opId=0x5555629de530
cnode4-011:2269398:2269398 [6] NCCL INFO resp.opId=0x5555629de530 matches expected opId=0x5555629de530
cnode4-011:2269398:2269398 [6] NCCL INFO Connected to proxy localRank 0 -> connection 0x155264000f78
cnode4-011:2269398:2269398 [6] NCCL INFO ProxyCall UDS commcnode4-011:2269393:2269393 [1] NCCL INFO ProxyCall UDS comm 0x55555b6ab9e0 rank 1 tpRank 7(ef2e8a518eb1dea7) reqSize cnode4-011:2269398:2269398 [6] NCCL INFO ProxyCall UDS comm 0x55555ad8f440 rank 6 tpRank 7(ef2e8a518eb1dea7) reqSize 8 respSize 0 respFd 292 opId 0x210dda7518e22fb1 - DONE
cncnode4-011:2269393:2269393 [1] NCCL INFO NVLS rank 8 (dev 1) alloc done, ucptr 0x1552b8e00000 ucgran 2097152 mcptr 0xcnode4-011:2269398:2269398 [6] NCCL INFO NVLS rank 13 (dev 6) alloc done, uccnode4-011:2269393:2269393 [1] NCCL INFO TUNER/Plugin: Could not find: libnccl-tuner.so. Using internal tuner plugin.
cnode4-011:2269398:2269398 [6] NCCL INFO TUNER/Plugin: Could not find: libnccl-tuner.so. Using internal tuner plugin.
cnode4-011:2269398:2269398 [6] NCCL INFO threadThresholds 8/8/64 | 112/8/64 | 512 | 512
cnode4-011:2269398:22cnode4-011:2269393:2269393 [1] NCCL INFO init.cc:492 Cuda Alloc Size 23648 pointer 0x1552b9200000
cnode4-011:2269393:2269393 [1] NCCL INFO init.cc:494 Cuda Alloc Size 56 pointer 0x1552b9400000
cnode4-011:2269393:2269393 [1] NCCL INFO init.cc:536cnode4-011:2269394:2269394 [2] NCCL INFO init.cc:536 Cuda Host Allcnode4-011:2269398:2269398 [6] NCCL INFO init.cc:536 Cuda Host Alloc Size 1048576 pointer 0x1552c5e00200
cnode4-011:2269398:2269398 [6] NCCL INFO init.cc:546 Cuda Host Alloc Size 65536 pointer cnode4-011:2269393:2269393 [1] NCCL INFO ncclCommInitRankConfig comm 0x55555b6ab9e0 rank 8 nranks 14 cudaDev 1 nvmlDevcnode4-011:2269398:2269398 [6] NCCL INFO ncclCommInitRankConfig comm 0x55555ad8f440 rank 13 nranks 14 cudaDev 6 nvmlDev 6 busId d1000 commId 0x7b5f6bd0e4bf2b90 - Init COMPLETE
cnode4-011:2269398:2269398 [6] NCCL INFO Init timings - ncclCommInitRankConfig: rank 13 nranks 14 totacnode4-011:2269393:2269393 [1] NCCL INFO Send: opCoucnode4-011:2269394:2269394 [2] NCCL INFO Send: opCount 0 sendbuff (nil) recvbuff 0x920000000 count 4194304 datatype 8 op 0 root 10 comm 0x55555b429d00 [nranks=14] stream 0x55555715cd30
cnode4-011:2269394:2269394 [2] NCCL INcnode4-011:2269393:2269393 [1] NCCL INFO Recv: opCouncnode4-011:2269394:2269394 [2] NCCL INFO Recv: opCount 0 sendbuff (nil) recvbuff 0xd20000000 count 4194304 datatype 8 op 0 root 8 ccnode4-011:2269393:2269876 [1] NCCL INFO Mem Realloc cnode4-011:2269394:2269874 [2] NCCL INFO Mem Realloc old size 0, new size 8 pointer 0x15526c000d00
cnode4-011:2269394:2269874 [2] NCCL INFO New proxy recv connection 0 from local rank 2, transport 0
cnode4-011:2269394:2269874 [2] NCCL INFO proxyProgressAsync opId=0x555563078b90 op.type=1 op.reqBuff=0x15526c000cc0 op.respSize=16 done
cnode4-011:2269394:2269394 [2] NCCL INFO ncclPollProxyResponse Received new opId=0x555563078b90
cnode4-011:2269394:2269394 [2] NCCL INFO resp.opId=0x555563078b90 matches expected opId=0x555563078b90
cnode4-011:2269394:2269394 [2] NCCL INFO Connected to proxy localRank 2 -> connection 0x15526c000d20
cnode4-011:2269394:2269874 [2] Ncnode4-011:2269393:2269876 [1] NCCL INFO Allocated shcnode4-011:2269394:2269874 [2] NCCL INFO Allocated shareable buffer 0x1552bb600000 size 10485760 ipcDesc 0x15526c0049a0
cnode4-011:2269394:2269874 [2] NCCL INFO proxyProgressAsync opId=0x555563078b90 op.type=3 op.reqBuff=0x15526c004970 op.respSize=88 done
cnode4-011:2269394:2269394 [2] NCCL INFO ncclPollProxyResponse Received new opId=0x555563078b90
cnode4-011:2269394:2269874 [2] NCCL INFO Received and initiated operation=Setup res=0
cnode4-011:2269394:2269394 [2] NCCL INFO resp.opId=0x555563078b90 matches expected opId=0x555563078b90
cnode4-011:2269394:2269874 [2] NCCL INFO New proxy recv connection 1 from local rank 2, transport 0
cnode4-011:2269394:2269874 [2] NCCL INFO proxyProgressAsync opId=0x555563078b90 op.type=1 op.reqBuff=0x15526c0061a0 op.respSize=16 done
cnode4-011:2269394:2269394 [2] NCCL INFO ncclPollProxyResponse Received new opId=0x555563078b90
cnode4-011:2269394:2269874 [2] NCCL INFO Received and initiated operation=Init res=0
cnode4-011:2269394:2269394 [2] NCCL INFO resp.opId=0x555563078b90 macnode4-011:2269398:2269398 [6] NCCL INFO resp.opId=0x5555629de530 matches expected cnode4-011:2269393:2269876 [1] NCCL INFO Allocated shcnode4-011:2269394:2269874 [2] NCCL INFO Allocated shareable buffer cnode4-011:2269398:2269868 [6] NCCL INFO Allocated shareable buffer 0x1552ba000000 size 10485760 ipcDesc 0x155264006250
cnode4-011:2269398:2269868 [6] NCCL INFO proxyProgressAsync opId=0x5555629de530 op.type=3 op.reqBuff=0x155264006220 op.respSize=88 done
cnode4-011:2269398:2269398 [6] NCCL INFO ncclPollProxyResponse Received new opId=0x5555629de530
cnode4-011:2269398:2269868 [6] NCCL INFO Received and initiated opercnode4-011:2269393:2269393 [1] NCCL INFO Channel 00/1 : 8[1] -> 9[2] via P2P/CUMEM
cnode4-011:2269393:2269876 [1] NCCL INFO New proxy send connection 2 from local rank 1, transport 0
cnode4-011:2269393:2269876 [1] NCCL INFO proxyProgressAsync opId=0x5555632fa870 op.type=1 op.reqBuff=0x15526c007a80 op.respSize=16 done
cnode4-011:2269393:2269393 [1] NCCL INFO ncclPollProxyResponse Received new opId=0x5555632fa870
cnode4-011:2269393:2269876 [1] NCCL INFO Received and initiated operation=Init res=0
cnode4-011:2269393:2269393 [1] NCCL INFO resp.opId=0x5555632fa870 matches expected opId=0x5555632fa870
cnode4-011:2269393:2269393 [1] NCCL INFO Connected to proxy localRank 1 -> connection 0x15526c000e10
cnode4-011:2269393:2269876 [1] NCCL INFO Allocated shareable buffer 0x1552baa00000 size 2097152 ipcDesc 0x15526c007b10
cnode4-011:2269393:2269876 [1] NCCL INFO proxyProgressAsync opId=0x5555632fa870 op.type=3 op.reqBuff=0x15526c007aa0 op.respSize=88 done
cnode4-011:2269393:2269393 [1] NCCL INFO ncclPollProxyResponse Received new opId=0x5555632fa870
cnode4-011:2269393:2269876 [1] NCCL INFO Received and initiated operation=Setup res=0
cnode4-011:2269393:2269393 [1] NCCL INFO resp.opId=0x5555632fa870 matches expected opId=0x5555632fa870
cnode4-011:2269393:2269393 [1] NCCL INFO Channel 01/1 : 8[1] -> 9[2] via P2P/CUMEM
cnode4-011:2269393:2269876 [1] NCCL INFO New proxy send connection 3 from local rank 1, transport 0
cnode4-011:2269393:2269876 [1] NCCL INFO proxyProgressAsync opId=0x5555632fa870 op.type=1 op.reqBuff=0x15526c007aa0 op.respSize=16 done
cnode4-011:2269393:2269393 [1] NCCL INFO ncclPollProxyResponse Received new opId=0x5555632fa870
cnode4-011:2269393:2269876 [1] NCCL INFO Received and initiated operation=Init res=0
cnode4-011:2269393:2269393 [1] NCCL INFO resp.opId=0x5555632fa870 matches expected opId=0x5555632fa870
cnode4-011:2269393:2269393 [1] NCCL INFO Connected to proxy localRank 1 -> connection 0x15526cnode4-0cnode4-011:2269393:2269876 [1] NCCL INFO Allocated shareable buffer 0x1552bac00000 size 2097152 ipcDesc 0x15526c009320
cnode4-011:2269393:2269876 [1] NCCL INFO proxyProgressAsync opId=0x5555632fa870 op.type=3 op.rcnode4-009:1290586:1290586 [6] NCCL INFO ncclPollProxyResponse Received new opId=0x555563302d90
cnode4-009:1290586:1290586 [6] NCCL INFO resp.opId=0x555563302d90 matches expected opId=0x555563302d90
cnode4-009:129058cnode4-011:2269398:2269871 [6] NCCL INFO proxyUDSRecvReq::ncclProxyMsgGetFd rank 5 opId 0xcec96a7d9aa08391 handcnode4-011:2269393:2269876 [1] NCCL INFO New proxy send connection 4 from local rank 0, transport 0
cnode4-011:2269393:2269876 [1] NCCcnode4-011:2269398:2269398 [6] NCCL INFO ProxyCall UDS comm 0x55555ad8f440 rank 6 tpRank 12(f82bcb5cb50161f7) reqSize 8 respSize 0 respFd 299 opId 0x1f242f9a8ac4b4bc - DONE
cnode4-011:226cnode4-011:2269393:2269393 [1] NCCL INFO ncclPollProxyResponse Received new opId=0x5555632fa870
cnode4-011:2269393:2269393 [1] NCCL INFO resp.opId=0x5555632fa870 matches expected opId=0x5555632fa870
cnode4-011:2cnode4-011:2269398:2269398 [6] NCCL INFO Imported shareable buffer device 6 size 2097152 ptr 0x1552baa00000
cnode4-011:2269398:2269398 [6] NCCL INFO ProxyCall UDS comm 0x55555ad8f440 rank 6 tpRank 12(f82bcb5cb50161f7) reqSize 8 respSize 0 respFd 0x7fffffff8968 opIdcnode4-011:2269393:2cnode4-011:2269398:2269398 [6] NCCL INFO ProxyCall UDS comm 0x55555ad8f440 rank 6 tpRank 12(f82bcb5cb50161f7) reqSize 8 respSize 0 respFd 298 opId 0x1561f3640a0651fb - DONE
cnode4-011:2269398:2269398 [6] NCCL INFO UDS: ClientGetFd handle 0x155264009370 tpRank 12 returned fd 298 sameProcess 0
cnode4-011:2269398:2269398 [6] NCCL INFO UDS converted handle 0x155264009370 to fd 298 on remote peer 12
cnode4-011:2269398:2269398 [6] NCCL INFO Imported shareable buffer device 6 size 2097152 ptr 0x1552bac00000
cnode4-011:2269398:2269398 [6] NCCL INFO sendConnect ncclProxyCallAsync opId=0x555563d68700
cnode4-011:2269398:2269398 [6] NCCL INFO sendConnect ncclProxyCallAsync opId=0x555563d6ff30
cnode4-011:2269398:2269871 [6] NCCL INFO proxyUDSRecvReq::ncclProxyMsgGetFd rank 5 opId 0x985265e727033930 handle=0x1552640062a0
cnode4-011:2269398:2269871 [6] NCCL INFO UDS proxyGetFd received handle 0x1552640062a0 peer 5 opId 985265e727033930
cnode4-011:2269398:2269398 [6] NCCL INFO ncclPollProxyResponse Received new opId=0x555563d68700
cnode4-011:2269398:2269398 [6] NCCL INFO resp.opId=0x555563d68700 matches expected opId=0x555563d68700
cnode4-011:2269398:2269398 [6] NCCL INFO sendConnect ncnode4-009:1290586:1290586 [6] NCCL INFO ncclPollProxyResponse Received new opId=0x55556468e968
cnode4-009:1290586:1290586 [6] NCCL INFO resp.opId=0x55556468e968 matches expected opId=0x55556468e968
cnode4-009:1290586:1290586 [6] NCCL INFO sendConnect ncclPollProxyResponse opId=0x55556468e968
cnode4-009:1290586:1290586 [6] NCCL INFO MMAP imported shareable host buffer /dev/shm/nccl-MK8Iea size 8192 ptr 0x1553234d6000
cnode4-009:1290586:1290586 [6] NCCL INFO ProxyCall UDS comm 0x55555b6b3e80 rank 6 tpRank 0(a485d13ab2ef9720) reqSize 8 respSize 0 respFd 0x7fffffff8958 opId 0xd348021af1f4e083
cnode4-009:1290586:1290586 [6] NCCL INFO ProxyCall UDS comm 0x55555b6b3e80 rank 6 tpRank 0(a485d13ab2ef9720) reqSize 8 respSize 0 respFd 299 opId 0xd348021af1f4e083 - DONE
cnode4-009:1290586:1290586 [6] NCCL INFO UDS: ClientGetFd handle 0x15526c1fb1d0 tpRank 0 returned fd 299 sameProcess 0
cnode4-009:1290586:1290586 [6] NCCL INFO UDS converted handle 0x15526c1fb1d0 to fd 299 on remote peer 0
cnode4-009:1290586:1290586 [6] NCCL INFO Imported shareable buffer device 6 size 67108864 ptr 0x1552bce00000
cnode4-009:1290586:1290586 [6] NCCL INFO ncclPollProxyResponse Received new opId=0x555564696198
cnode4-009:1290586:1290586 [6] NCCL INFO resp.opId=0x555564696198 matches expected opId=0x555564696198
cnode4-009:1290586:1290586 [6] NCCL INFO sendConnect ncclPollProxyResponse opId=0x555564696198
cnode4-009:1290586:1290586 [6] NCCL INFO MMAP imported shareable host buffer /dev/shm/nccl-n1pWQN size 8192 ptr 0x1553234d3000
cnode4-009:1290586:1290586 [6] NCCL INFO Send: opCount 1 sendbuff (nil) recvbuff 0x920000000 count 8388608 datatype 8 op 0 root 7 comm 0x55555b6b3e80 [nranks=14] stream 0x55555715cd30
cnode4-009:1290586:1290586 [6] NCCL INFO Recv: opCount 1 sendbuff (nil) recvbuff 0xd20000000 count 8388608 datatype 8 op 0 root 5 comm 0x55555b6b3e80 [nranks=14] stream 0x55555715cd30
cnode4-009:1290586:1290586 [6] NCCL INFO Send: opCount 2 sendbuff (nil) recvbuff 0x920000000 count 16777216 datatype 8 op 0 root 7 comm 0x55555b6b3e80 [nranks=14] stream 0x55555715cd30
cnode4-009:1290586:1290586 [6] NCCL INFO Recv: opCount 2 sendbuff (nil) recvbuff 0xd20000000 count 16777216 datatype 8 op 0 root 5 comm 0x55555b6b3e80 [nranks=14] stream 0x55555715cd30
cnode4-009:1290586:1290586 [6] NCCL INFO Send: opCount 3 sendbuff (nil) recvbuff 0x920000000 count 33554432 datatype 8 op 0 root 7 comm 0x55555b6b3e80 [nranks=14] stream 0x55555715cd30
cnode4-009:1290586:1290586 [6] NCCL INFO Recv: opCount 3 sendbuff (nil) recvbuff 0xd20000000 count 33554432 datatype 8 op 0 root 5 comm 0x55555b6b3e80 [nranks=14] stream 0x55555715cd30
cnode4-009:1290586:1290586 [6] NCCL INFO Send: opCount 4 sendbuff (nil) recvbuff 0x920000000 count 67108864 datatype 8 op 0 root 7 comm 0x55555b6b3e80 [nranks=14] stream 0x55555715cd30
cnode4-009:1290586:1290586 [6] NCCL INFO Recv: opCount 4 sendbuff (nil) recvbuff 0xd20000000 count 67108864 datatype 8 op 0 root 5 comm 0x55555b6b3e80 [nranks=14] stream 0x55555715cd30
cnode4-009:1290586:1290586 [6] NCCL INFO Send: opCount 5 sendbuff (nil) recvbuff 0x920000000 count 134217728 datatype 8 op 0cnode4-011:2269398:2269398 [6] NCCL INFO Send: opCount 6 sendbuff (nil) recvbuff 0x920000000 count 268435456 datatype 8 op 0 root 0 comm 0x55555ad8f440 [nranks=14] stream 0x55555715cd30
cnode4-011:2269398:2269398 [6] NCCL INFO Recv: opCount 6 sendbuff (nil) recvbuff 0xd20000000 count 268435456 datatype 8 op 0 root 12 comm 0x55555ad8f440 [nranks=14] stream 0x55555715cd30
cnode4-011:2269398:2269398 [6] NCCL INFO Send: opCount 7 sendbuff (nil) recvbuff 0x920000000 count 536870912 datatype 8 op 0 root 0 comm 0x55555ad8f440 [nranks=14] stream 0x55555715cd30
cnode4-011:2269398:2269398 [6] NCCL INFO Recv: opCount 7 sendbuff (nil) recvbuff 0xd20000000 count 536870912 datatype 8 op 0 root 12 comm 0x55555ad8f440 [nranks=14] stream 0x55555715cd30
cnode4-011:2269398:2269398 [6] NCCL INFO Send: opCount 8 sendbuff (nil) recvbuff 0x920000000 count 1073741824 datatype 8 op 0 root 0 comm 0x55555ad8f440 [nranks=14] stream 0x55555715cd30
cnode4-011:2269398:2269398 [6] NCCL INFO Recv: opCount 8 sendbuff (nil) recvbuff 0xd20000000 count 1073741824 datatype 8 op 0 root 12 comm 0x55555ad8f440 [nranks=14] stream 0x55555715cd30
cnode4-011:2269398:2269398 [6] NCCL INFO Send: opCount 9 sendbuff (nil) recvbuff 0x920000000 count 2147483648 datatype 8 op 0 root 0 comm 0x55555ad8f440 [nranks=14] stream 0x55555715cd30
cnode4-011:2269398:2269398 [6] NCCL INFO Recv: opCount 9 sendbuff (nil) recvbuff 0xd20000000 count 2147483648 datatype 8 op 0 root 12 comm 0x55555ad8f440 [nranks=14] stream 0x55555715cd30
cnode4-011:2269398:2269398 [6] NCCL INFO Send: opCount a sendbuff (nil) recvbuff 0x920000000 count 4194304 datatype 8 op 0 root 0 comm 0x55555ad8f440 [nranks=14] stream 0x55555715cd30
cnode4-011:2269398:2269398 [6] NCCL INFO Recv: opCount a sendbuff (nil) recvbuff 0xd20000000 count 4194304 datatype 8 op 0 root 12 comm 0x55555ad8f440 [nranks=14] stream 0x55555715cd30
cnode4-011:2269398:2269398 [6] NCCL INFO Send: opCount b sendbuff (nil) recvbuff 0x920000000 count 4194304 datatype 8 op 0 root 0 comm 0x55555ad8f440 [nranks=14] stream 0x55555715cd30
cnode4-011:2269398:2269398 [6] NCCL INFO Recv: opCount b secnode4-009:1290586:1290586 [6] NCCL INFO Send: opCount b sendbuff (nil) recvbuff 0x920000000 count 4194304 datatype 8 op 0 root 7 comm 0x55555b6b3e80 [nranks=14] stream 0x55555715cd30
cnode4-009:1290586:1290586 [6] NCCL INFO Recv: opCount b sendbuff (nil) recvbuff 0xd20000000 count 4194304 datatype 8 op 0 root 5 comm 0x55555b6b3e80 [nranks=14] stream 0x55555715cd30
cnode4-009:1290586:1290586 [6] NCCL INFO Send: opCount c sendbuff (nil) recvbuff 0x922000000 count 4194304 datatype 8 op 0 root 7 comm 0x55555b6b3e80 [nranks=14] stream 0x55555715cd30
cnode4-009:1290586:1290586 [6] NCCL INFO Recv: opCount c sendbuff (nil) recvbuff 0xd22000000 count 4194304 datatype 8 op 0 root 5 comm 0x55555b6b3e80 [nranks=14] stream 0x55555715cd30
cnode4-009:1290586:1290586 [6] NCCL INFO Send: opCount d sendbuff (nil) recvbuff 0x924000000 count 4194304 datatype 8 op 0 root 7 comm 0x55555b6b3e80 [nranks=14] stream 0x55555715cd30
cnode4-009:1290586:1290586 [6] NCCL INFO Recv: opCount d sendbuff (nil) recvbuff 0xd24000000 count 4194304 datatype 8 op 0 root 5 comm 0x55555b6b3e80 [nranks=14] stream 0x55555715cd30
cnode4-009:1290586:1290586 [6] NCCL INFO Send: opCount e sendbuff (nil) recvbuff 0x926000000 count 4194304 datatype 8 op 0 root 7 comm 0x55555b6b3e80 [nranks=14] stream 0x55555715cd30
cnode4-009:1290586:1290586 [6] NCCL INFO Recv: opCount e sendbuff (nil) recvbuff 0xd26000000 count 4194304 datatype 8 op 0 root 5 comm 0x55555b6b3e80 [nranks=14] stream 0x55555715cd30
cnode4-009:1290586:1290586 [6] NCCL INFO Send: opCount f sendbuff (nil) recvbuff 0x928000000 count 4194304 datatype 8 op 0 root 7 comm 0x55555b6b3e80 [nranks=14] stream 0x55555715cd30
cnode4-009:1290586:1290586 [6] NCCL INFO Recv: opCount f sendbuff (nil) recvbuff 0xd28000000 count 4194304 datatype 8 op 0 root 5 comm 0x55555b6b3e80 [nranks=14] stream 0x55555715cd30
cnode4-009:1290586:1290586 [6] NCCL INFO Send: opCount 10 sendbuff (nil) recvbuff 0x92a000000 count 4194304 datatype 8 op 0 root 7 comm 0x55555b6b3e80 [nranks=14] stream 0x55555715cd30
cnode4-009:1290586:1290586 [6] NCCL INFO Recv: opCount 10 sendbuff (nil) recvbuff 0xd2a000000 count 4194304 datatype 8 op 0 root 5 comm 0x55555b6b3e80 [nranks=14] stream 0x55555715cd30
cnode4-009:1290586:1290586 [6] NCCL INFO Send: opCount 11 sendbuff (nil) recvbuff 0x92c000000 count 4194304 datatype 8 op 0 root 7 comm 0x55555b6b3e80 [nranks=14] stream 0x55555715cd30
cnode4-009:1290586:1290586 [6] NCCL INFO Recv: opCount 11 sendbuff (nil) recvbuff 0xd2c000000 count 4194304 datatype 8 op 0 root 5 comm 0x55555b6b3e80 [nranks=14] stream 0x55555715cd30
cnode4-009:1290586:1290586 [6] NCCL INFO Send: opCount 12 sendbuff (nil) recvbuff 0x92e000000 count 4194304 datatype 8 op 0 root 7 comm 0x55555b6b3e80 [nranks=14] stream 0x55555715cd30
cnode4-009:1290586:1290586 [6] NCCL INFO Recv: opCount 12 sendbuff (nil) recvbuff 0xd2e000000 count 4194304 datatype 8 op 0 root 5 comm 0x55555b6b3e80 [nranks=14] stream 0x55555715cd30
cnode4-009:1290586:1290586 [6] NCCL INFO Send: opCount 13 sendbuff (nil) recvbuff 0x930000000 count 4194304 datatype 8 op 0 root 7 comm 0x55555b6b3e80 [nranks=14] stream 0x55555715cd30
cnode4-009:1290586:1290586 [6] NCCL INFO Recv: opCount 13 sendbuff (nil) recvbuff 0xd30000000 count 4194304 datatype 8 op 0 root 5 comm 0x55555b6b3e80 [nranks=14] stream 0x55555715cd30
cnode4-009:1290586:1290586 [6] NCCL INFO Send: opCount 14 sendbuff (nil) recvbuff 0x932000000 count 4194304 datatype 8 op 0 root 7 comm 0x55555b6b3e80 [nranks=14] stream 0x55555715cd30
cnode4-009:1290586:1290586 [6] NCCL INFO Recv: opCount 14 sendbuff (nil) recvbuff 0xd32000000 count 4194304 datatype 8 op 0 root 5 comm 0x55555b6b3e80 [nranks=14] stream 0x55555715cd30
cnode4-009:1290586:1290586 [6] NCCL INFO Send: opCount 15 sendbuff (nil) recvbuff 0x934000000 count 4194304 datatype 8 op 0 root 7 comm 0xcnode4-011:2269398:2269398 [6] NCCL INFO Send: cnode4-009:1290586:1290586 [6] NCCL INFO Recv: opCount 15 sendbuff (nil) recvbuff 0xd34000000 count 4194304 datatype 8 op 0 root 5 comm 0x55555b6b3e80 [nranks=14] stream 0x55555715cd30
cnode4-009:1290586:1290586 [6] NCCL INFO Send: opCount 16 sendbuff (nil) recvbuff 0x936000000 count 4194304 datatype 8 op 0 root 7 comm 0x55555b6b3e80 [nranks=14] stream 0x55555715cd30
cnode4-009:1290586:1290586 [6] NCCL INFO Recv: opCount 16 sendbuff (nil) recvbuff 0xd36000000 count 4194304 datatype 8 op 0 root 5 comm 0x55555b6b3e80 [nranks=14] stream 0x55555715cd30
cnode4-009:1290586:1290586 [6] NCCL INFO Send: opCount 17 sendbuff (nil) recvbuff 0x938000000 count 4194304 datatype 8 op 0 root 7 comm 0x55555b6b3e80 [nranks=14] stream 0x55555715cd30
cnode4-009:1290586:1290586 [6] NCCL INFO Recv: opCount 17 sendbuff (nil) recvbuff 0xd38000000 count 4194304 datatype 8 op 0 root 5 comm 0x55555b6b3e80 [nranks=14] stream 0x55555715cd30
cnode4-009:1290586:1290586 [6] NCCL INFO Send: opCount 18 sendbuff (nil) recvbuff 0x93a000000 count 4194304 datatype 8 op 0 root 7 comm 0x55555b6b3e80 [nranks=14] stream 0x55555715cd30
cnode4-009:1290586:1290586 [6] NCCL INFO Recv: opCount 18 sendbuff (nil) recvbuff 0xd3a000000 count 4194304 datatype 8 op 0 root 5 comm 0x55555b6b3e80 [nranks=14] stream 0x55555715cd30
cnode4-009:1290586:1290586 [6] NCCL INFO Send: opCount 19 sendbuff (nil) recvbuff 0x93c000000 count 4194304 datatype 8 op 0 root 7 comm 0x55555b6b3e80 [nranks=14] stream 0x55555715cd30
cnode4-009:1290586:1290586 [6] NCCL INFO Recv: opCount 19 sendbuff (nil) recvbuff 0xd3c000000 count 4194304 datatype 8 op 0 root 5 comm 0x55555b6b3e80 [nranks=14] stream 0x55555715cd30
cnode4-009:1290586:1290586 [6] NCCL INFO Send: opCount 1a sendbuff (nil) recvbuff 0x93e000000 count 4194304 datatype 8 op 0 root 7 comm 0x55555b6b3e80 [nranks=14] stream 0x55555715cd30
cnode4-009:1290586:1290586 [6] NCCL INFO Recv: opCount 1a sendbuff (nil) recvbuff 0xd3e000000 count 4194304 datatype 8 op 0 root 5 comm 0x55555b6b3e80 [nranks=14] stream 0x55555715cd30
cnode4-009:1290586:1290586 [6] NCCL INFO Send: opCount 1b sendbuff (nil) recvbuff 0x940000000 count 4194304 datatype 8 op 0 root 7 comm 0x55555b6b3e80 [nranks=14] stream 0x55555715cd30
cnode4-009:1290586:1290586 [6] NCCL INFO Recv: opCount 1b sendbuff (nil) recvbuff 0xd40000000 count 4194304 datatype 8 op 0 root 5 comm 0x55555b6b3e80 [nranks=14] stream 0x55555715cd30
cnode4-009:1290586:1290586 [6] NCCL INFO Send: opCount 1c sendbuff (nil) recvbuff 0x942000000 count 4194304 datatype 8 op 0 root 7 comm 0x55555b6b3e80 [nranks=14] stream 0x55555715cd30
cnode4-009:1290586:1290586 [6] NCCL INFO Recv: opCount 1c sendbuff (nil) recvbuff 0xd42000000 count 4194304 datatype 8 op 0 root 5 comm 0x55555b6b3e80 [nranks=14] stream 0x55555715cd30
cnode4-009:1290586:1290586 [6] NCCL INFO Send: opCount 1d sendbuff (nil) recvbuff 0x944000000 count 4194304 datatype 8 op 0 root 7 comm 0x55555b6b3e80 [nranks=14] stream 0x55555715cd30
cnode4-009:1290586:1290586 [6] NCCL INFO Recv: opCount 1d sendbuff (nil) recvbuff 0xd44000000 count 4194304 datatype 8 op 0 root 5 comm 0x55555b6b3e80 [nranks=14] strcnode4-011:2269393:2269393 [1] NCCL INFO Send: opCount 0 sendbuff (nil) recvbuff 0x940000000 count 4194304 datatype 8 op 0 root 9 comm 0x55555b6ab9e0 [nranks=14] strecnode4-011:2269398:2269398 [6] NCCL INFO Send: opCount 1f sendbuff (nil) recvbuff 0x920000000 count 4194304 datatype 8 op 0 root 0 comm 0x55555ad8f440 [nranks=14] stream 0x55555715cd30
cnode4-011:2269398:2269398 [6] NCCL INcnode4-009:1290586:1290586 [6] NCCL INFO Send: opCount 1f sendbuff (nil) recvbuff 0x920000000 count 4194304 datatype 8 op 0 root 7 comm 0x55555b6b3ecnode4-011:2269398:2269398 [6] NCCL INFO Send: opCount 20 sendbuff (nil) recvbuff 0xd20000000 count 4194304 datatype 8 op 0 root 0 comm 0x55555ad8f440 [nranks=14] stream 0x55555715cd30
cnode4-011:2269398:2269398 [6] NCCL INFO Recv: opCount 20 sendbuff (nil) recvbuff 0xd20000000 count 4194304 datatype 8 op 0 root 12 comm 0x55555ad8f440 [nranks=14] stream 0x55555715cd30
cnode4-011:2269398:2269398 [6] NCCL INFO Send: opCount 21 sendbuff (nil) recvbuff 0xd20000000 count 4194304 datatype 8 op 0 root 0 comm 0x55555ad8f440 [nranks=14] stream 0x55555715cd30
cnode4-011:2269398:2269398 [6] NCCL cnode4-009:1290586:1290586 [6] NCCL INFO Send: opCount 21 sendbuff (nil) recvbuff 0xd20000000 count 4194304 datatype 8 op 0 root 7 comm 0x55555b6b3e80 [nranks=14] stream 0x55555715cd30
cnode4-009:1290586:1290586 [6] NCCL INFO Recv: opCount 21 sendbuff (nil) recvbuff 0xd20000000 count 4194304 datatype 8 op 0 root 5 comm 0x55555b6b3e80 [nranks=14] stream 0x55555715cd30
cnode4-009:1290586:1290586 [6] NCCL INFO Send: opCount 22 sendbuff (nil) recvbuff 0xd22000000 count 4194304 datatype 8 op 0 root 7 comm 0x55555b6b3e80 [nranks=14] stream 0x55555715cd30
cnode4-009:1290586:1290586 [6] NCCL INFO Recv: opCount 22 sendbuff (nil) recvbuff 0xd22000000 count 4194304 datatype 8 op 0 root 5 comm 0x55555b6b3e80 [nranks=14] stream 0x55555715cd30
cnode4-009:1290586:1290586 [6] NCCL INFO Send: opCount 23 sendbuff (nil) recvbuff 0xd24000000 count 4194304 datatype 8 op 0 root 7 comm 0x55555b6b3e80 [nranks=14] stream 0x55555715cd30
cnode4-009:1290586:1290586 [6] NCCL INFO Recv: opCount 23 sendbuff (nil) recvbuff 0xd24000000 count 4194304 datatype 8 op 0 root 5 comm 0x55555b6b3e80 [nranks=14] stream 0x55555715cd30
cnode4-009:1290586:1290586 [6] NCCL INFO Send: opCount 24 sendbuff (nil) recvbuff 0xd26000000 count 4194304 datatype 8 op 0 root 7 comm 0x55555b6b3e80 [nranks=14] stream 0x55555715cd30
cnode4-009:1290586:1290586 [6] NCCL INFO Recv: opCount 24 sendbuff (nil) recvbuff 0xd26000000 count 4194304 datatype 8 op 0 root 5 comm 0x55555b6b3e80 [nranks=14] stream 0x55555715cd30
cnode4-009:1290586:1290586 [6] NCCL INFO Send: opCount 25 sendbuff (nil) recvbuff 0xd28000000 count 4194304 datatype 8 op 0 root 7 comm 0x55555b6b3e80 [nranks=14] stream 0x55555715cd30
cnode4-009:1290586:1290586 [6] NCCL INFO Recv: opCount 25 sendbuff (nil) recvbuff 0xd28000000 count 4194304 datatype 8 op 0 root 5 comm 0x55555b6b3e80 [nranks=14] stream 0x55555715cd30
cnode4-009:1290586:1290586 [6] NCCL INFO Send: opCount 26 sendbuff (nil) recvbuff 0xd2a000000 count 4194304 datatype 8 op 0 root 7 comm 0x55555b6b3e80 [nranks=14] stream 0x55555715cd30
cnode4-009:1290586:1290586 [6] NCCL INFO Recv: opCount 26 sendbuff (nil) recvbuff 0xd2a000000 count 4194304 datatype 8 op 0 root 5 comm 0x55555b6b3e80 [nranks=14] stream 0x55555715cd30
cnode4-009:1290586:1290586 [6] NCCL INFO Send: opCount 27 sendbuff (nil) recvbuff 0xd2c000000 count 4194304 datatype 8 op 0 root 7 comm 0x55555b6b3e80 [nranks=14] stream 0x55555715cd30
cnode4-009:1290586:1290586 [6] NCCL INFO Recv: opCount 27 sendbuff (nil) recvbuff 0xd2c000000 count 4194304 datatype 8 op 0 root 5 comm 0x55555b6b3e80 [nranks=14] stream 0x55555715cd30
cnode4-009:1290586:1290586 [6] NCCL INFO Send: opCount 28 sendbuff (nil) recvbuff 0xd2e000000 count 4194304 datatype 8 op 0 root 7 comm 0x55555b6b3e80 [nranks=14] stream 0x55555715cd30
cnode4-009:1290586:1290586 [6] NCCL INFO Recv: opCount 28 sendbuff (nil) recvbuff 0xd2e000000 count 4194304 datatype 8 op 0 root 5 comm 0x55555b6b3e80 [nranks=14] stream 0x55555715cd30
cnode4-009:1290586:1290586 [6] NCCL INFO Send: opCount 29 sendbuff (nil) recvbuff 0xd30000000 count 4194304 datatype 8 op 0 root 7 comm 0x55555b6b3e80 [nranks=14] stream 0x55555715cd30
cnode4-009:1290586:1290586 [6] NCCL INFO Recv: opCount 29 sendbuff (nil) recvbuff 0xd30000000 count 4194304 datatype 8 op 0 root 5 comm 0x55555b6b3e80 [nranks=14] stream 0x55555715cd30
cnode4-009:1290586:1290586 [6] NCCL INFO Send: opCount 2a sendbuff (nil) recvbuff 0xd32000000 count 4194304 datatype 8 op 0 root 7 comm 0x55555b6b3e80 [nranks=14] stream 0x55555715cd30
cnode4-009:1290586:1290586 [6] NCCL INFO Recv: opCount 2a sendbuff (nil) recvbuff 0xd32000000 count 4194304 datatype 8 op 0 root 5 comm 0x55555b6b3e80 [nranks=14] stream 0x55555715cd30
cnode4-009:1290586:1290586 [6] NCCL INFO Send: opCount 2b sendbuff (nil) recvbuff 0xd34000000 count 4194304 datatype 8 op 0 root 7 comm 0x55555b6b3e80 [nranks=14] stream 0x55555715cd30
cnode4-009:1290586:1290586 [6] NCCL INFO Recv: opCount 2b sendbuff (nil) recvbuff 0xd34000000 count 4194304 datatype 8 op 0 root 5 comm 0x55555b6b3e80 [nranks=14] stream 0x55555715cd30
cnode4-009:1290586:1290586 [6] NCCL INFO Send: opCount 2c sendbuff (nil) recvbuff 0xd36000000 count 4194304 datatype 8 op 0 root 7 comm 0x55555b6b3e80 [nranks=14] stream 0x55555715cd30
cnode4-009:1290586:1290586 [6] NCCL INFO Recv: opCount 2c sendbuff (nil) recvbuff 0xd36000000 count 4194304 datatype 8 op 0 root 5 comm 0x55555b6b3e80 [nranks=14] stream 0x55555715cd30
cnode4-009:1290586:1290586 [6] NCCL INFO Send: opCount 2d sendbuff (nil) recvbuff 0xd38000000 count 4194304 datatype 8 op 0 root 7 comm 0x55555b6b3e80 [nranks=14] stream 0x55555715cd30
cnode4-009:1290586:1290586 [6] NCCL INFO Recv: opCount 2d sendbuff (nil) recvbuff 0xd38000000 count 4194304 datatype 8 op 0 root 5 comm 0x55555b6b3e80 [nranks=14] stream 0x55555715cd30
cnode4-009:1290586:1290586 [6] NCCL INFO Send: opCount 2e sendbuff (nil) recvbuff 0xd3a000000 count 4194304 datatype 8 op 0 root 7 comm 0x55555b6b3e80 [nranks=14] stream 0x55555715cd30
cnode4-009:1290586:1290586 [6] NCCL INFO Recv: opCount 2e sendbuff (nil) recvbuff 0xd3a000000 count 4194304 datatype 8 op 0 root 5 comm 0x55555b6b3e80 [nranks=14] stream 0x55555715cd30
cnode4-009:1290586:1290586 [6] NCCL INFO Send: opCount 2f sendbuff (nil) recvbuff 0xd3c000000 count 4194304 datatype 8 op 0 root 7 comm 0x55555b6b3e80 [nranks=14] stream 0x55555715cd30
cnode4-009:1290586:1290586 [6] NCCL INFO Recv: opCount 2f sendbuff (nil) recvbuff 0xd3c000000 count 4194304 datatype 8 op 0 root 5 comm 0x55555b6b3e80 [nranks=14] stream 0x55555715cd30
cnode4-009:1290586:1290586 [6] NCCL INFO Send: opCount 30 sendbuff (nil) recvbuff 0xd3e000000 count 4194304 datatype 8 op 0 root 7 comm 0x55555b6b3e80 [nranks=14] stream 0x55555715cd30
cnode4-009:1290586:1290586 [6] NCCL INFO Recv: opCount 30 sendbuff (nil) recvbuff 0xd3e000000 count 4194304 datatype 8 op 0 root 5 comm 0x55555b6b3e80 [nranks=14] stream 0x55555715cd30
cnode4-009:1290586:1290586 [6] NCCL INFO Send: opCount 31 sendbuff (nil) recvbuff 0xd40000000 count 4194304 datatype 8 op 0 root 7 comm 0x55555b6b3e80 [nranks=14] stream 0x55555715cd30
cnode4-009:1290586:1290586 [6] NCCL INFO Recv: opCount 31 sendbuff (nil) recvbuff 0xd40000000 count 4194304 datatype 8 op 0 root 5 comm 0x55555b6b3e80 [nranks=14] stream 0x55555715cd30
cnode4-009:1290586:1290586 [6] NCCL INFO Send: opCount 32 sendbuff (nil) recvbuff 0xd42000000 count 4194304 datatype 8 op 0 root 7 comm 0x55555b6b3e80 [nranks=14] stream 0x55555715cd30
cnode4-009:1290586:1290586 [6] NCCL INFO Recv: opCount 32 sendbuff (nil) recvbuff 0xd42000000 count 4194304 datatype 8 op 0 root 5 comm 0x55555b6b3e80 [nranks=14] stream 0x55555715cd30
cnode4-009:1290586:1290586 [6] NCCL INFO Send: opCount 33 sendbuff (nil) recvbuff 0xd44000000 count 4194304 datatype 8 op 0 root 7 comm 0x55555b6b3e80 [nranks=14] stream 0x55555715cd30
cnode4-009:1290586:1290586 [6] NCCL INFO Recv: opCount 33 sendbuff (nil) recvbuff 0xd44000000 count 4194304 datatype 8 op 0 root 5 comm 0x55555b6b3e80 [nranks=14] stream 0x55555715cd30
cnode4-009:1290586:1290586 [6] NCCL INFO Send: opCount 34 sendbuff (nil) recvbuff 0xd46000000 count 4194304 datatype 8 op 0 root 7 comm 0x55555b6b3e80 [nranks=14] streamcnode4-011:2269398:2269398 [6] NCCL INFO Send: opCount 35 sendbuff (nil) recvbuff 0xd20000000 count 4194304 datatype 8 op 0 root 0 comm 0x55555ad8f440 [nranks=14] stream 0x55555715cd30
cnode4-011:2269398:2269398 [6] NCCL INFO Recv: opCount 35 sendbuff (nil) recvbuff 0xd20000000 count 4194304 datatype 8 op 0 root 12 comm 0x55555ad8f440 [nranks=14] stream 0x55555715cd30
cnode4-011:2269398:2269398 [6] NCCL INFO Send: opCount 36 sendbuff (nil) recvbuff 0x920000000 count 8388608 datatype 8 op 0 root 0 comm 0x55555ad8f440 [nranks=14] stream 0x55555715cd30
cnode4-011:2269cnode4-009:1290586:1290586 [6] NCCL INFO Send: opCount 36 sendbuff (nil) recvbuff 0x920000000 count 8388608 datatype 8 op 0 root 7 comm 0x55555b6b3e80 [nranks=14] stream 0cnode4-011:2269398:2269398 [6] NCCL INFO Send: opCount 37 sendbuff (nil) recvbuff 0x920000000 count 8388608 datatype 8 op 0 root 0 comm 0x55555ad8f440 [nranks=14] stream 0x55555715cd30
cnode4-011:2269398:2269398 [6] NCCL INFO Recv: opCount 37 sendbuff (nil) recvbuff 0xd20000000 count 8388608 datatype 8 op 0 root 12 comm 0x55555ad8f440 [nranks=14] stream 0x55555715cd30
cnode4-011:2269398:2269398 [6] NCCL INFO Send: opCount 38 sendbuff (nil) recvbuff 0x924000000 count 8388608 datatype 8 op 0 root 0 comm 0x55555ad8f440 [nranks=14] stream 0x55555715cd30
cnode4-011:2269398:2269398 [6] NCCL INFO Recv: opCount 38 sendbuff (nil) recvbuff 0xd24000000 count 8388608 datatype 8 op 0 root 12 comm 0x55555ad8f440 [nranks=14] stream 0x55555715cd30
cnode4-011:2269398:2269398 [6] NCCL INFO Send: opCount 39 sendbuff (nil) recvbuff 0x928000000 count 8388608 datatype 8 op 0 root 0 comm 0x55555ad8f440 [nranks=14] stream 0x55555715cd30
cnode4-011:2cnode4-009:1290586:1290586 [6] NCCL INFO Send: opCount 39 sendbuff (nil) recvbuff 0x928000000 count 8388608 datatype 8 op 0 root 7 comm 0x55555b6b3e80 [nranks=14] stream 0x55555715cd30
cnode4-009:1290586:1290586 [6] NCCL INFO Recv: opCount 39 sendbuff (nil) recvbuff 0xd28000000 count 8388608 datatype 8 op 0 root 5 comm 0x55555b6b3e80 [nranks=14] stream 0x55555715cd30
cnode4-009:1290586:1290586 [6] NCCL INFO Send: opCount 3a sendbuff (nil) recvbuff 0x92c000000 count 8388608 datatype 8 op 0 root 7 comm 0x55555b6b3e80 [nranks=14] stream 0x55555715cd30
cnode4-009:1290586:1290586 [6] NCCL INFO Recv: opCount 3a sendbuff (nil) recvbuff 0xd2c000000 count 8388608 datatype 8 op 0 root 5 comm 0x55555b6b3e80 [nranks=14] stream 0x55555715cd30
cnode4-009:1290586:1290586 [6] NCCL INFO Send: opCount 3b sendbuff (nil) recvbuff 0x930000000 count 8388608 datatype 8 op 0 root 7 comm 0x55555b6b3e80 [nranks=14] stream 0x55555715cd30
cnode4-009:1290586:1290586 [6] NCCL INFO Recv: opCount 3b sendbuff (nil) recvbuff 0xd30000000 count 8388608 datatype 8 op 0 root 5 comm 0x55555b6b3e80 [nranks=14] stream 0x55555715cd30
cnode4-009:1290586:1290586 [6] NCCL INFO Send: opCount 3c sendbuff (nil) recvbuff 0x934000000 count 8388608 datatype 8 op 0 root 7 comm 0x55555b6b3e80 [nranks=14] stream 0x55555715cd30
cnode4-009:1290586:1290586 [6] NCCL INFO Recv: opCount 3c sendbuff (nil) recvbuff 0xd34000000 count 8388608 datatype 8 op 0 root 5 comm 0x55555b6b3e80 [nranks=14] stream 0x55555715cd30
cnode4-009:1290586:1290586 [6] NCCL INFO Send: opCount 3d sendbuff (nil) recvbuff 0x938000000 count 8388608 datatype 8 op 0 root 7 comm 0x55555b6b3e80 [nranks=14] stream 0x55555715cd30
cnode4-009:1290586:1290586 [6] NCCL INFO Recv: opCount 3d sendbuff (nil) recvbuff 0xd38000000 count 8388608 datatype 8 op 0 root 5 comm 0x55555b6b3e80 [nranks=14] stream 0x55555715cd30
cnode4-009:1290586:1290586 [6] NCCL INFO Send: opCount 3e sendbuff (nil) recvbuff 0x93c000000 count 8388608 datatype 8 op 0 root 7 comm 0x55555b6b3e80 [nranks=14] stream 0x55555715cd30
cnode4-009:1290586:1290586 [6] NCCL INFO Recv: opCount 3e sendbuff (nil) recvbuff 0xd3c000000 count 8388608 datatype 8 op 0 root 5 comm 0x55555b6b3e80 [nranks=14] stream 0x5555571cnode4-011:2269398:2269398 [6] NCCL INFO Recv: opCount 3f sendbuff (nil) recvbuff 0xd40000000 count 8388608 datatype 8 op 0 root 12 comm 0x55555ad8f440 [nranks=14] stream 0x55555715cd30
cnode4-011:2269398:2269398 [6] NCCL INFO Send: opCount 40 sendbuff (nil) recvbuff 0x944000000 count 8388608 datatype 8 op 0 root 0 comm 0x55555ad8f440 [nranks=14] stream 0x55555715cd30
cnode4-011:2269398:2269398 [6] NCCL INFO Recv: opCount 40 sendbuff (nil) recvbuff 0xd44000000 count 8388608 datatype 8 op 0 root 12 comm 0x55555ad8f440 [nranks=14] stream 0x55555715cd30
cnode4-011:2269398:2269398 [6] NCCL INFO Send: opCount 41 sendbuff (nil) recvbuff 0x948000000 count 8388608 datatype 8 op 0 root 0 comm 0x55555ad8f440 [nranks=14] stream 0x55555715cd30
cnode4-011:2269398:2269398 [6] NCCL INFO Recv: opCount 41 sendbuff (nil) recvbuff 0xd48000000 count 8388608 datatype 8 op 0 root 12 comm 0x55555ad8f440 [nranks=14] stream 0x55555715cd30
cnode4-011:2269398:2269398 [6] NCCL INFO Send: opCount 42 sendbuff (nil) recvbuff 0x94c000000 count 8388608 datatype 8 op 0 root 0 comm 0x55555ad8f440 [nranks=14] stream 0x55555715cd30
cnode4-011:2269398:2269398 [6] NCCL INFO Recv: opCount 42 sendbuff (nil) recvbuff 0xd4c000000 count 8388608 datatype 8 op 0 root 12 comm 0x55555ad8f440 [nranks=14] stream 0x55555715cd30
cnode4-011:2269398:2269398 [6] NCCL INFO Send: opCount 43 sendbuff (nil) recvbuff 0x950000000 count 8388608 datatype 8 op 0 root 0 comm 0x55555ad8f440 [nranks=14] stream 0x55555715cd30
cnode4-011:2269398:2269398 [6] NCCL INFO Recv: opCount 43 sendbuff (nil) recvbuff 0xd50000000 count 8388608 datatype 8 op 0 root 12 comm 0x55555ad8f440 [nranks=14] stream 0x55555715cd30
cnode4-011:2269398:2269398 [6] NCCL INFO Send: opCount 44 sendbuff (nil) recvbuff 0x954000000 count 8388608 datatype 8 op 0 root 0 comm 0x55555ad8f440 [nranks=14] stream 0x55555715cd30
cnode4-011:2269398:2269398 [6] NCCL INFO Recv: opCount 44 sendbuff (nil) recvbuff 0xd54000000 count 8388608 datatype 8 op 0 root 12 comm 0x55555ad8f440 [nranks=14] stream 0x55555715cd30
cnode4-011:2269398:2269398 [6] NCCL INFO Send: opCount 45 sendbuff (nil) recvbuff 0x958000000 count 8388608 datatype 8 op 0 root 0 comm 0x55555ad8f440 [nranks=14] stream 0x55555715cd30
cnode4-011:2269398:2269398 [6] NCCL INFO Recv: opCount 45 sendbuff (nil) recvbuff 0xd58000000 count 8388608 datatype 8 op 0 root 12 comm 0x55555ad8f440 [nranks=14] stream 0x55555715cd30
cnode4-011:2269398:2269398 [6] NCCL INFO Send: opCount 46 sendbuff (nil) recvbuff 0x95c000000 count 8388608 datatype 8 op 0 root 0 comm 0x55555ad8f440 [nranks=14] stream 0x55555715cd30
cnode4-011:2269398:2269398 [6] NCCL INFO Recv: opCount 46 sendbuff (nil) recvbuff 0xd5c000000 count 8388608 datatype 8 op 0 root 12 comm 0x55555ad8f440 [nranks=14] stream 0x55555715cd30
cnode4-011:2269398:2269398 [6] NCCL INFO Send: opCount 47 sendbuff (nil) recvbuff 0x960000000 count 8388608 datatype 8 op 0 root 0 comm 0x55555ad8f440 [nranks=14] stream 0x55555715cd30
cnode4-011:2269398:2269398 [6] NCCL INFO Recv: opCount 47 sendbuff (nil) recvbuff 0xd60000000 count 8388608 datatype 8 op 0 root 12 comm 0x55555ad8f440 [nranks=14] stream 0x55555715cd30
cnode4-011:2269398:2269398 [6] NCCL INFO Send: opCount 48 sendbuff (nil) recvbuff 0x964000000 count 8388608 datatype 8 op 0 root 0 comm 0x55555ad8f440 [nranks=14] stream 0x55555715cd30
cnode4-011:2269398:2269398 [6] NCCL INFO Recv: opCount 48 sendbuff (nil) recvbuff 0xd64000000 count 8388608 datatype 8 op 0 root 12 comm 0x55555ad8f440 [nranks=14] stream 0x55555715cd30
cnode4-011:2269398:2269398 [6] NCCL INFO Send: opCount 49 sendbuff (nil) recvbuff 0x968000000 count 8388608 datatype 8 op 0 root 0 comm 0x55555ad8f440 [nranks=14] stream 0x55555715cd30
cnode4-011:2269398:2269398 [6] NCCL INFO Recv: opCount 49 sendbuff (nil) recvbuff 0xd68000000 count 8388608 datatype 8 op 0 root 12 comm 0x55555ad8f440 [nranks=14] stream 0x55555715cd30
cnode4-011:2269398:2269398 [6] NCCL INFO Send: opCount 4a sendbuff (nil) recvbuff 0x96c000000 count 8388608 datatype 8 op 0 root 0 comm 0x55555ad8f440 [nranks=14] stream 0x55555715cd30
cnode4-011:2269398:2269398 [6] NCCL INFO Recv: opCount 4a sendbuff (nil) recvbuff 0xd6c000000 count 8388608 datatype 8 op 0 root 12 comm 0x55555ad8f440 [nranks=14] stream 0x55555715cd30
cnode4-011:2269398:2269398 [6] NCCL INFO Send: opCount 4b sendbuff (nil) recvbuff 0x920000000 count 8388608 datatype 8 op 0 root 0 comm 0x55555ad8f440 [nranks=14] stream 0x5555571cnode4-009:1290586:1290586 [6] NCCL INFO Send: opCount 4b sendbuff (nil) recvbuff 0x920000000 count 8388608 datatype 8 op 0 root 7 comm 0x55555b6b3e80 [nranks=14] stream 0x55555715cd30
cnode4-cnode4-011:2269398:2269398 [6] NCCL INFO Send: opCount 4c sendbuff (nil) recvbuff 0xd20000000 count 8388608 datatype 8 op 0 root 0 comm 0x55555ad8f440 [nranks=14] stream 0x55555715cd30
cnode4-011:2269398:2269398 [6] NCCL INFO Recv: opCount 4c sendbuff (nil) recvbuff 0xd20000000 count 8388608 datatype 8 op 0 root 12 comm 0x55555ad8f440 [nranks=14] stream 0x55555715cd30
cnode4-011:2269398:2269398 [6] NCCL INFO Send: opCount 4d sendbuff (nil) recvbuff 0xd20000000 count 8388608 datatype 8 op 0 root 0 comm 0x55555ad8f440 [nranks=14] stream 0x55555cnode4-0cnode4-011:2269398:2269398 [6] NCCL INFO Recv: opCount 4d sendbuff (nil) recvbuff 0xd20000000 count 8388608 datatype 8 op 0 root 12 comm 0x55555ad8f440 [nranks=14] stream 0x55555715cd30
cnode4-011:2269398:2269398 [6] NCCL INFO Send: opCount 4e sendbuff (nil) recvbuff 0xd24000000 count 8388608 datatype 8 op 0 root 0 comm 0x55555ad8f440 [nranks=14] stream 0x55555715cd30
cnode4-011:2269398:2269398 [6] NCCL INFO Recv: opCount 4e sendbuff (nil) recvbuff 0xd24000000 count 8388608 datatype 8 op 0 root 12 comm 0x55555ad8f440 [nranks=14] stream 0x55555715cd30
cnode4-011:2269398:2269398 [6] NCCL INFO Send: opCount 4f sendbuff (nil) recvbuff 0xd28000000 count 8388608 datatype 8 op 0 root 0 comm 0x55555ad8f440 [nranks=14] stream 0x55555715cd30
cnode4-011:2269398:2269398 [6] NCCL INFO Recv: opCount 4f sendbuff (nil) recvbuff 0xd28000000 count 8388608 datatype 8 op 0 root 12 comm 0x55555ad8f440 [nranks=14] stream 0x55555715cd30
cnode4-011:2269398:2269398 [6] NCCL INFO Send: opCount 50 sendbuff (nil) recvbuff 0xd2c000000 count 8388608 datatype 8 op 0 root 0 comm 0x55555ad8f440 [nranks=14] stream 0x55555715cd30
cnode4-011:2269398:2269398 [6] NCCL INFO Recv: opCount 50 sendbuff (nil) recvbuff 0xd2c000000 count 8388608 datatype 8 op 0 root 12 comm 0x55555ad8f440 [nranks=14] stream 0x55555715cd30
cnode4-011:2269398:2269398 [6] NCCL INFO Send: opCount 51 sendbuff (nil) recvbuff 0xd30000000 count 8388608 datatype 8 op 0 root 0 comm 0x55555ad8f440 [nranks=14] stream 0x55555715cd30
cnode4-011:2269398:2269398 [6] NCCL INFO Recv: opCocnode4-011:2269393:2269393 [1] NCCL INFO Recv: opCount 0 sendbuff (nil) recvbuff 0xd24000000 count 8388608 datatype 8 ocnode4-009cnode4-009:1290583:1290583 [3] NCCL INFO Send: opCount 0 sendbuff (nil) recvbuff 0xd20000000 count 8388608 datatype 8 op 0 root 4 comm 0x55555b7d6030 [nranks=14] stream 0x55555715cd30
cnode4-009:1290583:1290583 [3] NCCL INFO Recv: opCount 0 sendbuff (nil) recvbuff 0xd20000000 count 8388608 datatype 8 op 0 root 2 comm 0x55555b7d6030 [nranks=14] stream 0x55555715cd30
cnode4-009:1290583:1290583 [3] NCCL INFO Send: opCount 0 sendbuff (nil) recvbuff 0xd24000000 count 8388608 datatype 8 op 0 root 4 comm 0x55555b7d6030 [nranks=14] stream 0x55555715cd30
cnode4-009:1290583:1290583 [3] NCCL INFO Recv: opCount 0 sendbuff (nil) recvbuff 0xd24000000 count 8388608 datatype 8 op 0 root 2 comm 0x55555b7d6030 [nranks=14] stream 0x55555715cd30
cnode4-009:1290583:1290583 [3] NCCL INFO Send: opCount 0 sendbuff (nil) recvbuff 0xd28000000 count 8388608 datatype 8 op 0 root 4 comm 0x55555b7d6030 [nranks=14] stream 0x55555715cd30
cnode4-009:12cnode4-011:2269398:2269398 [6] NCCL INFO Recv: opCount 54 sendbuff (nil) recvbuff 0xd3c000000 count 8388608 datatype 8 op 0 root 12 comm 0x55555ad8f440 [nranks=14] stream 0x55555715cd30
cnode4-011:2269398:2269398 [6] NCCL INFO Send: opCount 55 sendbuff (nil) recvbuff 0xd40000000 count 8388608 datatype 8 op 0 root 0 comm 0x55555ad8f440 [nranks=14] stream 0x55555715cd30
cnode4-011:2269398:2269398 [6] NCCL INFO Recv: opCount 55 sendbuff (nil) recvbuff 0xd40000000 count 8388608 datatype 8 op 0 root 12 comm 0x55555ad8f440 [nranks=14] stream 0x55555715cd30
cnode4-011:2269398:2269398 [6] NCCL INFO Send: opCount 56 sendbuff (nil) recvbuff 0xd44000000 count 8388608 datatype 8 op 0 root 0 comm 0x55555ad8f440 [nranks=14] stream 0x55555715cd30
cnode4-011:2269398:2269398 [6] NCCL INFO Recv: opCount 56 sendbuff (nil) recvbuff 0xd44000000 count 8388608 datatype 8 op 0 root 12 comm 0x55555ad8f440 [nranks=14] stream 0x55555715cd30
cnode4-011:2269398:2269398 [6] NCCL INFO Send: opCount 57 sendbuff (nil) recvbuff 0xd48000000 count 8388608 datatype 8 op 0 root 0 comm 0x55555ad8f440 [nranks=14] stream 0x55555715cd30
cnode4-011:2269398:2269398 [6] NCCL INFO Recv: opCount 57 sendbuff (nil) recvbuff 0xd48000000 count 8388608 datatype 8 op 0 root 12 comm 0x55555ad8f440 [nranks=14] stream 0x55555715cd30
cnode4-011:2269398:2269398 [6] NCCL INFO Send: opCount 58 sendbuff (nil) recvbuff 0xd4c000000 count 8388608 datatype 8 op 0 root 0 comm 0x55555ad8f440cnode4-009cnode4-009:1290583:129058cnode4-011:2269398:2269398 [6] NCCL INFO Recv: opCount 58 sendbuff (nil) recvbuff 0xd4c000000 count 8388608 datatype 8 op 0 root 12 comm 0x55555ad8f440 [nranks=14] stream 0x55555715cd30
cnode4-011:2269398:2269398 [6] NCCL INFO Send: opCount 59 sendbuff (nil) recvbuff 0xd50000000 count 8388608 datatype 8 op 0 root 0 comm 0x55555ad8f440 [nranks=14] stream 0x55555715cd30
cnode4-011:2269398:2269398 [6] NCCL INFO Recv: opCount 59 sendbuff (nil) recvbuff 0xd50000000 count 8388608 datatype 8 op 0 root 12 comm 0x55555ad8f440 [nranks=14] stream 0x55555715cd30
cnode4-011:2269398:2269398 [6] NCCL INFO Send: opCount 5a sendbuff (nil) recvbuff 0xd54000000 count 8388608 datatype 8 op 0 root 0 comm 0x55555ad8f440 [nranks=14] stream 0x55555715cd30
cnode4-011:2269398:2269398 [6] NCCL INFO Recv: opCount 5a sendbuff (nil) recvbuff 0xd54000000 count 8388608 datatype 8 op 0 root 12 comm 0x55555ad8f440 [nranks=14] stream 0x55555715cd30
cnode4-011:2269398:2269398 [6] NCCL INFO Send: opCount 5b sendbuff (nil) recvbuff 0xd58000000 count 8388608 datatype 8 op 0 root 0 comm 0x55555ad8f440 [nranks=14] stream 0x55555715cd30
cnode4-011:2269398:2269398 [6] NCCL INFO Recv: opCount 5b sendbuff (nil) recvbuff 0xd58000000 count 8388608 datatype 8 op 0 root 12 comm 0x55555ad8f440 [nranks=14] stream 0x55555715cd30
cnode4-011:2269398:2269398 [6] NCCL INFO Send: opCount 5c sendbuff (nil) recvbuff 0xd5c000000 count 8388608 datatype 8 op 0 root 0 comm 0x55555ad8f440 [nranks=14] stream 0x55555715cd30
cnode4-011:2269398:2269398 [6] NCCL INFO Recv: opCount 5c sendbuff (nil) recvbuff 0xd5c000000 count 8388608 datatype 8 op 0 root 12 comm 0x55555ad8f440 [nranks=14] stream 0x55555715cd30
cnode4-011:2269398:2269398 [6] NCCL INFO Send: opCount 5d sendbuff (nil) recvbuff 0xd60000000 count 8388608 datatype 8 op 0 root 0 comm 0x55555ad8f440 [nranks=14] stream 0x55555715cd30
cnode4-011:2269398:2269398 [6] NCCL INFO Recv: opCount 5d sendbuff (nil) recvbuff 0xd60000000 count 8388608 datatype 8 op 0 root 12 comm 0x55555ad8f440 [nranks=14] stream 0x55555715cd30
cnode4-011:2269398:2269398 [6] NCCL INFO Send: opCount 5e sendbuff (nil) recvbuff 0xd64000000 count 8388608 datatype 8 op 0 root 0 comm 0x55555ad8f440 [nranks=14] stream 0x55555715cd30
cnode4-011:2269398:2269398 [6] NCCL INFO Recv: opCount 5e sendbuff (nil) recvbuff 0xd64000000 count 8388608 datatype 8 op 0 root 12 comm 0x55555ad8f440 [nranks=14] stream 0x55555715cd30
cnode4-011:2269398:2269398 [6] NCCL INFO Send: opCount 5f sendbuff (nil) recvbuff 0xd68000000 count 8388608 datatype 8 op 0 root 0 comm 0x55555ad8f440 [nranks=14] stream 0x55555715cd30
cnode4-011:2269398:2269398 [6] NCCL INFO Recv: opCount 5f sendbuff (nil) recvbuff 0xd68000000 count 8388608 datatype 8 op 0 root 12 comm 0x55555ad8f440 [nranks=14] stream 0x55555715cd30
cnode4-011:2269398:2269398 [6] NCCL INFO Send: opCount 60 sendbuff (nil) recvbuff 0xd6c000000 count 8388608 datatype 8 op 0 root 0 comm 0x55555ad8f440 [nranks=14] stream 0x55555715cd30
cnode4-011:2269398:2269398 [6] NCCL INFO Recv: opCount 60 sendbuff (nil) recvbuff 0xd6c000000 count 8388608 datatype 8 op 0 root 12 comm 0x55555ad8f440 [nranks=14] stream 0x55555715cd30
cnode4-011:2269398:2269398 [6] NCCL INFO Send: opCount 61 sendbuff (nil) recvbuff 0xd20000000 count 8388608 datatype 8 op 0 root 0 comm 0x55555ad8f440 [nranks=14] stream 0x55555715cd30
cnode4-011:2269398:2269398 [6] NCCL INFO Recv: opCount 61 sendbuff (nil) recvbuff 0xd20000000 count 8388608 datatype 8 op 0 root 12 comm 0x55555ad8f440 [nranks=14] stream 0x55555715cd30
cnode4-011:2269398:2269398 [6] NCCL INFO Send: opCount 62 sendbuff (nil) recvbuff 0x920000000 count 16777216 datatype 8 op 0 root 0 comm 0x55555ad8f440 [nracnode4-009:1290586:1290586 [6] NCCL INFO Send: opCount 62 sendbuff (nil) recvbuff 0x920000000 count 16777216 datatype 8 op 0 root 7 comm 0x55555b6b3e80 [nranks=14] stream 0x55555715cd30
cnode4-009:1290586:1290586 [6] cnode4-011:2269398:2269398 [6] NCCL INFO Send: opCount 63 sendbuff (nil) recvbuff 0x920000000 count 16777216 datatype 8 op 0 root 0 comm 0x55555ad8f440 [nrcnode4-009:1290586:1290586 [6] cnode4-011:2269398:2269398 [6] NCCL INFO Recv: opCount 63 sendbuff (nil) recvbuff 0xd20000000 count 16777216 datatype 8 op 0 root 12 comm 0x55555ad8f440 [nranks=14] stream 0x55555715cd30
cnode4-011:2269398:2269398 [6] NCCL INFO Send: opCount 64 sendbuff (nil) recvbuff 0x928000000 count 16777216 datatype 8 op 0 root 0 comm 0x55555ad8f440 [nranks=14] stream 0x55555715cd30
cnode4-011:2269398:2269398 [6] NCCL INFO Recv: opCount 64 sendbuff (nil) recvbuff 0xd28000000 count 16777216 datatype 8 op 0 root 12 comm 0x55555ad8f440 [nranks=14] stream 0x55555715cd30
cnode4-011:2269398:2269398 [6] NCCL INFO Send: opCount 65 sendbuff (nil) recvbuff 0x930000000 count 16777216 datatype 8 op 0 root 0 comm 0x55555ad8f440 [nranks=14] stream 0x55555715cd30
cnode4-011:2269398:2269398 [6] NCCL INFO Recv: opCount 65 sendbuff (nil) recvbuff 0xd30000000 count 16777216 datatype 8 op 0 root 12 comm 0x55555ad8f440 [nranks=14] stream 0x55555715cd30
cnode4-011:2269398:2269398 [6] NCCL INFO Send: opCount 66 sendbuff (nil) recvbuff 0x938000000 count 16777216 datatype 8 op 0 root 0 comm 0x55555ad8f440 [nranks=14] stream 0x55555715cd30
cnode4-011:2269398:2269398 [6] NCCL INFO Recv: opCount 66 sendbuff (nil) recvbuff 0xd38000000 count 16777216 datatype 8 op 0 root 12 comm 0x55555ad8f440 [nranks=14] stream 0x55555715cd30
cnode4-011:2269398:2269398 [6] NCCL INFO Send: opCount 67 sendbuff (nil) recvbuff 0x940000000 count 16777216 datatype 8 op 0 root 0 comm 0x55555ad8f440 [nranks=14] stream 0x55555715cd30
cnode4-011:2269398:2269398 [6] NCCL INFO Recv: opCount 67 sendbuff (nil) recvbuff 0xd40000000 count 16777216 datatype 8 op 0 root 12 comm 0x55555ad8f440 [nranks=14] stream 0x55555715cd30
