cnode4-012:3984300:3984300 [4] NCCL INFO channel.cc:93 Cuda Alloc Size 4256 pointer 0x1552b9a00000
cnode4-012:3984300:3984300 [4] NCCL INFO channel.cc:93 Cuda Alloc Size 4256 pointer 0x1552b9c00000
cnode4-012:3984300:3984300 [4] NCCL INFO channel.cc:93 Cuda Alloc Size 4256 pointer 0x1552b9e00000
cnode4-012:3984300:3984300 [4] NCCL INFO channel.cc:93 Cuda Alloc Size 4256 pointer 0x1552ba000000
cnode4-012:3984300:3984300 [4] NCCL INFO channel.cc:93 Cuda Alloc Size 4256 pointer 0x1552ba200000
cnode4-012:3984300:3984300 [4] NCCL INFO channel.cc:93 Cuda Alloc Size 4256 pointer 0x1552ba400000
cnode4-012:3984300:3984300 [4] NCCL INFO channel.cc:93 Cuda Alloc Size 4256 pointer 0x1552ba600000
cnode4-012:3984300:3984300 [4] NCCL INFO channel.cc:93 Cuda Alloc Size 4256 pointer 0x1552ba800000
cnode4-012:3984300:3984300 [4] NCCL INFO channel.cc:93 Cuda Alloc Size 4256 pointer 0x1552baa00000
cnode4-012:3984300:3984300 [4] NCCL INFO channel.cc:93 Cuda Alloc Size 4256 pointer 0x1552bac00000
cnode4-012:3984300:3984300 [4] NCCL INFO NVLS importing shareableHandle 0x7fffffff9410 from rank 7
cnode4-012:3984300:3984300 [4] NCCL INFO ncclPollProxyResponse Received new opId=0x5555631d6a10
cnode4-012:3984300:3984300 [4] NCCL INFO resp.opId=0x5555631d6a10 matches expected opId=0x5555631d6a10
cnode4-012:3984300:3984300 [4] NCCL INFO Connected to proxy localRank 0 -> connection 0x155264000f78
cnode4-012:3984300:3984300 [4] NCCL INFO ProxyCall UDS comm 0x55555b587870 rank 4 tpRank 7(fdf92194b456ab10) reqSize 8 respSize 0 respFd 0x7fffffff931c opId 0x6bac7c73746f387
cnode4-012:3984300:3984300 [4] NCCL INFO ProxyCall UDS comm 0x55555b587870 rank 4 tpRank 7(fdf92194b456ab10) reqSize 8 respSizecnode4-012:3984297:3984297 [1] NCCL INFO NVLS racnode4-012:3984298:3984298 [2] NCCL INFO NVLS rank 9 (dev 2) alloccnode4-012:3984299:3984299 [3] NCCL INFO NVLScnode4-012:3984302:3984302 [6] NCCcnode4-012:3984297:3984297 [1] NCCL INFO TUNER/Pcnode4-012:3984298:3984298 [2] NCCL INFO TUNER/Plugin: Could not ficnode4-012:3984299:3984299 [3] NCCL INFO TUNEcnode4-012:3984302:3984302 [6] NCCL INFO TUNER/Plugin: Could not find: libnccl-tuner.so. Using internal tuner plugin.
cnode4-012:3984302:3984302 [6] NCCL INFO threadThresholds 8/8/64 | cnode4-012:3984297:3984297 [1] NCCL INFO init.cccnode4-012:3984298:3984298 [2] NCCL INFO init.cc:492 Cuda Alloc Sizcnode4-012:3984299:3984299 [3] NCCL INFO initcnode4-012:3984302:3984302 [6] NCCL INFO init.cc:492 Cuda Alloc Size 23648 pointer 0x1552bb200000
cnode4-cnode4-012:3984301:3984301 [5] NCCL INFO init.cc:494 Cuda Alloc Size 56 pointer 0x1552bbcnode4-cnode4-012:3984301:3984301 [5] NCCL INFO init.cc:536 Cuda Host Alloc Size 1048576 pointer 0x1552c7e00200
cnode4-012:3984301:3984301 [5] NCCL INFcnode4-012:3984297:3984297 [1] NCCL INFO ncclComcnode4-012:3984298:3984298 [2] NCCL INFO ncclCommInitRankConfig comm 0x55555b429620 rank 9 nranks 14 cudaDev 2 nvmlDev 2 busId 52000 commId 0x3686c11057bc6756 - Init COMPLETE
cnode4-012:3984298:3984298 [2] NCCL INFO Init timings - ncclCommInitRankConfig: rank 9 nranks 14 total 5.49 (kernels 0.39, alloc 1.66, bootstrap 1.57, allgathers 0.13, topo cnode4-012:3984297:3984297 [1] NCCL INFO Send: ocnode4-012:3984298:3984298 [2] NCCL INFO Send: opCount 0 sendbuff (nicnode4-012:3984299:3984299 [3] NCCL INFO Sendcnodcnocnode4-012:3984301:3984301 [5] NCCL INFO Send: opCount 0 sendbuff (nil) recvbuff 0x920000000 count 4194304 datatype 8 op 0 root 13 comm 0x55555b42b420 [nranks=14] stream 0x55555715cd30
cnode4-012:3984301:3984301 [5] NCCL INFO misc/utils.cc:234 memory stack hunk malloc(65536)
cnode4-012:3984301:3984301 [5] NCCL INFO Recv: opCount 0 sendbuff (nil) recvbuff 0xd20000000 count 4194304 datatype 8 op 0 root 11 comm 0x55555b42b420 [nranks=14] stream 0x55555715cd30
cnode4-012:3984301:3984823 [5] NCCL INFO Mem Realloc old size 0, new size 8 pointer 0x15526c000d00
cnode4-012:3984301:3984823 [5] NCCL INFO New proxy recv connection 0 from local rank 5, transport 0
cnode4-012:3984301:3984823 [5] NCCL INFO proxyProgressAsync opId=0x55556307a570 op.type=1 op.reqBuff=0x15526c000cc0 op.respSize=16 done
cnode4-012:3984301:3984301 [5] NCCL INFO ncclPollProxyResponse Received new opId=0x55556307a570
cnode4-012:3984301:3984823 [5] NCCL INFO Received and initiated operation=Init res=0
cnode4-012:3984301:3984301 [5] NCCL INFO resp.opId=0x55556307a570 matches expected opId=0x55556307a570
cnode4-012:3984301:3984301 [5] NCCL INFO Connected to proxy localRank 5 -> connection 0x15526c000dcnocnode4-012:3984301:3984823 [5] NCCL INFO Allocated shareable buffer 0x1552bb600000 size 10485760 ipcDesc 0x15526c0049a0
cnode4-012:3984301:3984823 [5] NCCL INFO proxyProgressAsync opId=0x55556307a570 op.type=3 op.reqBuff=0x15526c004970 op.respSize=88 done
cnode4-012:3984301:3984301 [5] NCCL INFO ncclPollProxyResponse Received new opId=0x55556307a570
cnode4-012:3984301:3984823 [5] NCCL INFO Received and initiated operation=Setup res=0
cnode4-01cnode4-012:3984302:3984821 [6] NCCL INFO Received and initiated operation=Setup res=0
cnode4-012:3984302:3984821 [6] NCCL INFO New proxy recv connection 1 from local rank 6, transport 0
cnode4-012:3984302:3984821 [6] NCCL INFO proxyProgressAsync opId=0x55556263b7f0 op.type=1 op.reqBuff=0x15526c0061a0 op.respSize=16 done
cnode4-0cnode4-012:3984301:3984301 [5] NCCL INFO ncclPollProxyResponse Received new opId=0x55556307a570
cnode4-012:3984301:3984301 [5] NCCL INFO resp.opId=0x55556307a570 matches expected opId=0x55556307a570
cnode4-012:3984301:3984301 [5] NCCL INFO Connected to proxy localRank 5 -> connection 0x15526c000d98
cnode4-012:3984301:3984823 [5] NCCL INFO Received and initiated operation=Init res=0
cnode4-012:3984301:3984823 [5] NCCL INFO Allocated shareable buffer 0x1552bc000000 size 10485760 ipcDesc 0x15526c006250
cnode4-012:3984301:3984823 [5] NCCL INFO proxyProgressAsync opId=0x55556307a570 op.type=3 op.reqBuff=0x15526c006220 op.respSize=88 done
cnode4-012:3984301:3984301 [5] NCCL INFO ncclPollProxyResponse Received new opId=0x55556307a570
cnode4-012:3984301:3984823 [5] NCCL INFO Received and initiated operation=Setup res=0
cnode4-012:3984301:3984301 [5] NCCL INFO resp.opId=0x55556307a570 matches expected opId=0x55556307a570
cnode4-012:3984301:3984301 [5] NCCL INFO Channel 00/1 : 12[5] -> 13[6] via P2P/CUMEM
cnode4-012:3984301:3984823 [5] NCCL INFO New proxy send connection 2 from local rank 5, transport 0
cnode4-012:3984301:3984823 [5] NCCL INFO proxyProgressAsync opId=0x55556307a570 op.type=1 op.reqBuff=0x15526c007a80 op.respSize=16 done
cnode4-012:3984301:3984301 [5] NCCL INFO ncclPollProxyResponse Received new opId=0x55556307a570
cnode4-012:3984301:3984823 [5] NCCL INFO Received and initiated operation=Init res=0
cnode4-012:3984301:3984301 [5] NCCL INFO resp.opId=0x55556307a570 matches expected opId=0x55556307a570
cnode4-012:3984301:3984301 [5] NCCL INFO Connected to proxy localRank 5 -> connection 0x15526c000ecnode4-012:3984300:3984811 [4] NCCL INFO Allocated shareable buffer 0x1552bca00000 size 2097152 ipcDesc 0x15526c007b10
cnode4-012:3984300:3984811 [4] NCCL INFO proxyProgressAsync opId=0x5555631d6a10 op.type=3 op.reqBuff=0x15526c007aa0 op.respSize=88 done
cnode4-012:3984300:3984300 [4] NCCL INFO ncclPollProxyResponse Received new opId=0x5555631d6a10
cnode4-012:3984300:3984811 [4] NCCL INFO Received and initiated operation=Setup res=0
cnocnode4-012:3984301:3984301 [5] NCCL INFO resp.opId=0x55556307a570 matches expected opId=0x55556307a5cnode4-012:3984300:3984300 [4] NCCL INFO Channel 01/1 : 11[4] -> 12[5] via P2P/CUMEM
cnode4-012:3984300:3984811 [4] NCCL INFO New proxy send connection 3 from local rank 4, transport 0
cnode4-012:3984300:398cnode4-012:3984302:3984302 [6] NCCL INFO ncclPollProxyResponse Received new opId=0x55556263b7f0
cnode4-012:3984302:3984302 [6] NCCL INFO resp.opId=0x55556263b7f0 matches expected opId=0x55556263b7f0
cnode4-012:3984302:3984302 [6] NCCL INFO Connected to proxy localRank 5 -> connection 0x15526c000f00
cnode4-012:3984302:3984302 [6] NCCL INFO ProxyCall UDS comm 0x55555a9ec640 rank 6 tpRank 12(8c3fcc1f1933f1db) reqSize 8 respSize 0 respFd 0x7fffffff8968 opId 0xdfdae6de889acd12
cnode4-012:3984302:3984821 [6] NCCL INFO New proxy send connection 2 from local rank 5, transport 0
cnode4-012:3984302:3984821 [6] NCCL INFO proxyProgressAsync opId=0x55556307a570 op.type=1 op.reqBuff=0x15526c007a80 op.respSize=16 done
cnode4-012:3984302:3984821 [6] NCCL INFO Received and initiated operation=Init res=0
cnode4-012:3984302:3984302 [6] NCCL INFO ProxyCall UDS comm 0x55555a9ec640 rank 6 tpRank 12(8c3fcc1f1933f1db) reqSize 8 respSize 0 respFd 298 opId 0xdfdae6de889acd12 - DONE
cnode4-012:3984302:3984302 [6] NCCL INFO UDS: ClientGetFd handle 0x15526c007b60 tpRank 12 returned fd 298 sameProcess 0
cnode4-012:3984302:3984302 [6] NCCL INFO UDS converted handle 0x15526c007b60 to fd 298 on remote peer 12
cnode4-012:3984302:3984822 [6] NCCL INFO proxyUDSRecvReq::ncclProxyMsgGetFd rank 5 opId 0x9f2937c5397a9ae5 handle=0x15526c0049f0
cnode4-012:3984302:3984822 [6] NCCL INFO UDS proxyGetFd received handle 0x15526c0049f0 peer 5 opId 9f2937c5397a9ae5
cnode4-012:3984302:3984302 [6] NCCL INFO Imported shareable buffer device 6 size 2097152 ptr 0x1552bca00000
cnode4-012:3984302:3984302 [6] NCCL INFO ProxyCall UDS comm 0x55555a9ec640 rank 6 tpRank 12(8c3fcc1f1933f1db) reqSize 8 respSize 0 respFd 0x7fffffff8968 opId 0xbb3ade4688432e5
cnode4-012:3984302:3984302 [6] NCCL INFO ProxyCall UDS comm 0x55555a9ec640 rank 6 tpRank 12(8c3fcc1f1933f1db) reqSize 8 respSize 0 respFd 298 opId 0xbb3ade4688432e5 - DONE
cnode4-012:3984302:3984302 [6] NCCL INFO UDS: ClientGetFd handle 0x15526c009370 tpRank 12 returned fd 298 sameProcess 0
cnode4-012:3984302:3984302 [6] NCCL INFO UDS converted handle 0x15526c009370 to fd 298 on remote peer 12
cnode4-012:3984302:3984302 [6] NCCL INFO Imported shareable buffer device 6 size 2097152 ptr 0x1552bcc00000
cnode4-012:3984302:3984302 [6] NCCL INFO sendConnect ncclProxyCallAsync opId=0x5555639c5580
cnode4-012:3984302:3984302 [6] NCCL INFO sendConnect ncclProxyCallAsync opId=0x5555639ccdb0
cnode4-012:3984302:3984822 [6] NCCL INFO proxyUDSRecvReq::ncclProxyMsgGetFd rank 5 opId 0x1712dc65203f4326 handle=0x15526c0062a0
cnode4-012:3984302:3984822 [6] NCCL INFO UDS proxyGetFd received handle 0x15526c0062a0 peer 5 opId 1712dc65203f4326
cnode4-012:3984302:3984302 [6] NCCL INFO ncclPollProxyResponse Received new opId=0x5555639c5580
cnode4-012:3984302:3984302 [6] NCCL INFO resp.opId=0x5555639c5580 matches expected opId=0x5555639c5580
cnode4-012:3984302:3984302 [6] NCCL INFO sendConnect ncclPollProxyResponse opId=0x5555639c5580
cnode4-012:3984302:3984302 [6] NCCL INFO MMAP imported shareable host buffer /dev/shm/nccl-aEq9Ze size 8192 ptr 0x1553234d6000
cnode4-012:3984302:3984302 [6] NCCL INFO ProxyCall UDS comm 0x55555a9ec640 rank 6 tpRank 7(fdf92194b456ab10) reqSize 8 respSize 0 respFd 0x7fffffff8958 opId 0x7190d461c12abf12
cnode4-012:3984302:3984302 [6] NCCL INFO ProxyCall UDS comm 0x55555a9ec640 rank 6 tpRank 7(fdf92194b456ab10) reqSize 8 respSize 0 respFd 299 opId 0x7190d461c12abf12 - DONE
cnode4-012:3984302:3984302 [6] NCCL INFO UDS: ClientGetFd handle 0x15526406dac0 tpRank 7 returned fd 299 sameProcess 0
cnode4-012:3984302:3984302 [6] NCCL INFO UDS converted handle 0x15526406dac0 to fd 299 on remote peer 7
cnode4-012:3984302:3984302 [6] NCCL INFO Imported shareable buffer device 6 size 67108864 ptr 0x1552bce00000
cnode4-012:3984302:3984302 [6] NCCL INFO ncclPollProxyResponse Received new opId=0x5555639ccdb0
cnode4-012:3984302:3984302 [6] NCCL INFO resp.opId=0x5555639ccdb0 matches expected opId=0x5555639ccdb0
cnode4-012:3984302:3984302 [6] NCCL INFO sendConnect ncclPollProxyResponse opId=0x5555639ccdb0
cnode4-012:3984302:3984302 [6] NCCL INFO MMAP imported shareable host buffer /dev/shm/nccl-JVnKD7 size 8192 ptr 0x1553234d3000
cnode4-012:3984302:3984302 [6] NCCL INFO Send: opCount 1 sendbuff (nil) recvbuff 0x920000000 count 8388608 datatype 8 op 0 root 0 comm 0x55555a9ec640 [nranks=14] stream 0x55555715cd30
cnode4-012:3984302:3984302 [6] NCCL INFO Recv: opCount 1 sendbuff (nil) recvbuff 0xd20000000 count 8388608 datatype 8 op 0 root 12 comm 0x55555a9ec640 [nranks=14] stream 0x55555715cd30
cnode4-012:3984302:3984302 [6] NCCL INFO Send: opCount 2 sendbuff (nil) recvbuff 0x920000000 count 16777216 datatype 8 op 0 root 0 comm 0x55555a9ec640 [nranks=14] stream 0x55555715cd30
cnode4-012:3984302:3cnode4-005:3680322:3680322 [6] NCCL INFO Send: opCount 2 sendbuff (nil) recvbuff 0x920000000 count 16777216 datatype 8 op 0 root 7 comm 0x55555b554c00 [nranks=14] strcnode4-012:3984302:3984302 [6] NCCL INFO Send: opCount 3 sendbuff (nil) recvbuff 0x920000000 count 33554432 datatype 8 op 0 root 0 comm 0x55555a9ec640 [nranks=14] stream 0x55555715cd30
cnode4-012:3984302:3984302 [6] NCCL INFO Recv: opCount 3 sendbuff (nil) recvbuff 0xd20000000 count 33554432 datatype 8 op 0 root 12 comm 0x55555a9ec640 [nranks=14] stream 0x55555715cd30
cnode4-012:3984302:3984302 [6] NCCL INFO Send: opCount 4 sendbuff (nil) recvbuff 0x920000000 count 67108864 datatype 8 op 0 root 0 comm 0x55555a9ec640 [nranks=14] stream 0x55555715cd30
cnode4-012:3984302:3984302 [6] NCCL INFO Recv: opCount 4 sendbuff (nil) recvbuff 0xd20000000 count 67108864 datatype 8 op 0 root 12 comm 0x55555a9ec640 [nranks=14] stream 0x55555715cd30
cnode4-012:3984302:3984302 [6] NCCL INFO Send: opCount 5 sendbuff (nil) recvbuff 0x920000000 count 134217728 datatype 8 op 0 root 0 comm 0x55555a9ec640 [nranks=14] stream 0x55555715cd30
cnode4-012:39843cnode4-005:3680322:3680322 [6] NCCL INFO Send: opCount 5 sendbuff (nil) recvbuff 0x920000000 count 134217728 datatype 8 op 0 root 7 comm 0x55555b554c00 [nranks=14] stream cnode4-012:3984302:3984302 [6] NCCL INFO Send: opCount 6 sendbuff (nil) recvbuff 0x920000000 count 268435456 datatype 8 op 0 root 0 comm 0x55555a9ec640 [nranks=14] stream 0x55555715cd30
cnode4-012:3984cnode4-005:3680322:3680322 [6] NCCL INFO Send: opCount 6 sendbuff (nil) recvbuff 0x920000000 count 268435456 datatype 8 op 0 root 7 comm 0x55555b554c00 [nranks=14] stream 0cnode4-012:3984302:3984302 [6] NCCL INFO Send: opCount 7 sendbuff (nil) recvbuff 0x920000000 count 536870912 datatype 8 op 0 root 0 comm 0x55555a9ec640 [nranks=14] stream 0x55555715cd30
cnode4-012:398cnode4-005:3680322:3680322 [6] NCCL INFO Send: opCount 7 sendbuff (nil) recvbuff 0x920000000 count 536870912 datatype 8 op 0 root 7 comm 0x55555b554c00 [nranks=14] stream 0xcnode4-012:3984302:3984302 [6] NCCL INFO Send: opCount 8 sendbuff (nil) recvbuff 0x920000000 count 1073741824 datatype 8 op 0 root 0 comm 0x55555a9ec640 [nranks=14] stream 0x55555715cd30
cnode4-012:3cnode4-005:3680322:3680322 [6] NCCL INFO Send: opCount 8 sendbuff (nil) recvbuff 0x920000000 count 1073741824 datatype 8 op 0 root 7 comm 0x55555b554c00 [nranks=14] stream 0x55cnode4-012:3984302:3984302 [6] NCCL INFO Send: opCount 9 sendbuff (nil) recvbuff 0x920000000 count 2147483648 datatype 8 op 0 root 0 comm 0x55555a9ec640 [nranks=14] stream 0x55555715cd30
cnode4-012:cnode4-005:3680322:3680322 [6] NCCL INFO Send: opCount 9 sendbuff (nil) recvbuff 0x920000000 count 2147483648 datatype 8 op 0 root 7 comm 0x55555b554c00 [nranks=14] stream 0x555cnode4-012:3984302:3984302 [6] NCCL INFO Send: opCount a sendbuff (nil) recvbuff 0x920000000 count 4194304 datatype 8 op 0 root 0 comm 0x55555a9ec640 [nranks=14] stream 0x55555715cd30
cnode4-012:39cnode4-005:3680322:3680322 [6] NCCL INFO Send: opCount a sendbuff (nil) recvbuff 0x920000000 count 4194304 datatype 8 op 0 root 7 comm 0x55555b554c00 [nranks=14] stream 0x5cnode4-012:3984302:3984302 [6] NCCL INFO Send: opCount b sendbuff (nil) recvbuff 0x920000000 count 4194304 datatype 8 op 0 root 0 comm 0x55555a9ec640 [nranks=14] stream 0x55555715cd30
cnode4-012:3984302:3984302 [6] NCCL INFO Recv: opCount b sendbuff (nil) recvbuff 0xd20000000 count 4194304 datatype 8 op 0 root 12 comm 0x55555a9ec640 [nranks=14] stream 0x55555715cd30
cnode4-012:3984302:3984302 [6] NCCL INFO Send: opCount c sendbuff (nil) recvbuff 0x922000000 count 4194304 datatype 8 op 0 root 0 comm 0x55555a9ec640 [nranks=14] stream 0x55555715cd30
cnode4-012:3984302:3984302 [6] NCCL INFO Recv: opCount c sendbuff (nil) recvbuff 0xd22000000 count 4194304 datatype 8 op 0 root 12 comm 0x55555a9ec640 [nranks=14] stream 0x55555715cd30
cnode4-012:3984302:3984302 [6] NCCL INFO Send: opCount d sendbuff (nil) recvbuff 0x924000000 count 4194304 datatype 8 op 0 root 0 comm 0x55555a9ec640 [nranks=14] stream 0x55555715cd30
cnode4-012:3984302:3984302 [6] NCCL INFO Recv: opCount d sendbuff (nil) recvbuff 0xd24000000 count 4194304 datatype 8 op 0 root 12 comm 0x55555a9ec640 [nranks=14] stream 0x55555715cd30
cnode4-012:3984302:3984302 [6] NCCL INFO Send: opCount e sendbuff (nil) recvbuff 0x926000000 count 4194304 datatype 8 op 0 root 0 comm 0x55555a9ec640 [nranks=14] stream 0x55555715cd30
cnode4-012:3984302:398430cnode4-012:3984297:3984297 [1] NCCL INFO Send: opCount 0 sendbuff (nil) recvbuff 0x920000000 count 4194304 datatype 8 op 0 root 9 comm 0x55555b6a9f90 [nranks=14] stream 0x55555715cd30
cnode4-012:3984297:3984297 [1] NCCL INFO Recv: opCount 0 sendbuff (nil) recvbuff 0xd20000000 count 4194304 datatype 8 op 0 root 7 comm 0x55555b6a9f90 [nranks=14] stream 0x55555715cd30
cnode4-012:3984297:3984297 [1] NCCL INFO Send: opCount 0 sendbuff (nil) cnode4-012:3984299:3984299 [3] NCCL INFO Send: opCount 0 sendbuff (nil) recvbuff 0x920000000 count 4194304 datatype 8 op 0 root 11 comm 0x55555b42bef0 [nranks=14] stream 0x55555715cd30
cnode4-012:3984299:3984299 [3] NCCL INFO Recv: opCount 0 sendbuff (nil) recvbuff 0xd20000000 count 4194304 datatype 8 op 0 root 9 comm 0x55555b42bef0 [nranks=14] stream 0x55555715cd30
cnode4-012:3984299:3984299 [3] NCCL INFO Send: opCount 0 sendbuff (nil) recvbuff 0x922000000 count 4194304 datatype 8 op 0 root 11 comm 0x55555b42bef0 [nranks=14] stream 0x55555715cd30
cnode4-012:3984299:3984299 [3] NCCL INFO Recv: opCount 0 sendbuff (nil) recvbuff 0xd22000000 count 419cnode4-005:3680317:3680317 [1] NCCL INFO Send: opCount 0 sendbuff (nil) recvbuff 0x924000000 count 4194304 datatype 8 op 0 root 2 comm 0x55555b54b190 [nranks=14] stream 0x55555715cd30
cnode4-005:3680317:3680317 [1] NCCL INFO Recv: opCount 0 sendbuff (nil) recvbuff 0xd24000000 count 4194304 datatype 8 op 0 root 0 comm 0x55555b54b190 [nranks=14] stream 0x55555715cd30
cnode4-005:3680317:3680317 [1] NCCL INFO Send: opCount 0 sendbuff (nil) recvbuff 0x926000000 count 4194304 datatype 8 op 0 root 2 comm 0x55555b54b190 [nranks=14] stream 0x5555571cnode4-012:3984302:3984302 [6] NCCL INFO Send: opCount 13 sendbuff (nil) recvbuff 0x930000000 count 4194304 datatype 8 op 0 root 0 comm 0x55555a9ec640 [nranks=14] stream 0x55555715cd30
cnode4-012:3984302:3984302 [6] NCCL INFO Recv: opCount 13 sendbuff (nil) recvbuff 0xd30000000 count 4194304 datatype 8 op 0 root 12 comm 0x55555a9ec640 [nranks=14] stream 0x55555715cd30
cnode4-012:3984302:3984302 [6] NCCL INFO Send: opCount 14 sendbuff (nil) recvbuff 0x932000000 count 4194304 datatype 8 op 0 root 0 comm 0x55555a9ec640 [nranks=14] stream 0x55555715cd30
cnode4-012:3984302:3984302 [6] NCCL INFO Recv: opCount 14 sendbuff (nil) recvbuff 0xd32000000 count 4194304 datatype 8 op 0 root 12 comm 0x55555a9ec640 [nranks=14] stream 0x55555715cd30
cnode4-012:3984302:3984302 [6] NCCL INFO Send: opCount 15 sendbuff (nil) recvbuff 0x934000000 count 4194304 datatype 8 op 0 root 0 comm 0x55555a9ec640 [nranks=14] stream 0x55555715cd30
cnode4-012:3984302:3984302 [6] NCCL INFO Recv: opCount 15 sendbuff (nil) recvbuff 0xd34000000 count 4194304 datatype 8 op 0 root 12 comm 0xcnode4-005:3680321:3cnode4-012:3984300:39843cnocnode4-012:3984302:3984302 [6] NCCL INFO Send: opCount 16 sendbuff (nil) recvbuff 0x936000000 count 4194304 datatype 8 op 0 root 0 comm 0x55555a9ec640 [nranks=14] stream 0x55555715cd30
cnode4-012:3984302:3984302 [6] NCCL INFO Recv: opCount 16 sendbuff (nil) recvbuff 0xd36000000 count 4194304 datatype 8 op 0 root 12 comm 0x55555a9ec640 [nranks=14] stream 0x55555715cd30
cnode4-012:3984302:3984302 [6] NCCL INFO Send: opCount 17 sendbuff (nil) recvbuff 0x938000000 count 4194304 datatype 8 op 0 root 0 comm 0x55555a9ec640 [nranks=14] stream 0x55555715cd30
cnode4-012:3984302:3984302 [6] NCCL INFO Recv: opCount 17 sendbuff (nil) recvbuff 0xd38000000 count 4194304 datatype 8 op 0 root 12 comm 0x55555a9ec640 [nranks=14] stream 0x55555715cd30
cnode4-012:3984302:3984302 [6] NCCL INFO Send: opCount 18 sendbuff (nil) recvbuff 0x93a000000 count 4194304 datatype 8 op 0 root 0 comm 0x55555a9ec640 [nranks=14] stream 0x55555715cd30
cnode4-012:3984302:3984302 [6] NCCL INFO Recv: opCount 18 sendbuff (nil) recvbuff 0xd3a000000 count 4194304 datatype 8 op 0 root 12 comm 0x55555a9ec640 [nranks=14] stream 0x55555715cd30
cnode4-012:3984302:3984302 [6] NCCL INFO Send: opCount 19 sendbuff (nil) recvbuff 0x93c000000 count 4194304 datatype 8 op 0 root 0 comm 0x55555a9ec640 [nranks=14] stream 0x55555715cd30
cnode4-012:3984302:3984302 [6] NCCL INFO Recv: opCount 19 sendbuff (nil) recvbuff 0xd3c000000 count 4194304 datatype 8 op 0 root 12 comm 0x55555a9ec640 [nranks=14] stream 0x55555715cd30
cnode4-012:3984302:3984302 [6] NCCL INFO Send: opCount 1a sendbuff (nil) recvbuff 0x93e000000 count 4194304 datatype 8 op 0 root 0 comm 0x55555a9ec640 [nranks=14] stream 0x55555715cd30
cnode4-012:3984302:3984302 [6] NCCL INFO Recv: opCount 1a sendbuff (nil) recvbuff 0xd3e000000 count 4194304 datatype 8 op 0 root 12 comm 0x55555a9ec640 [nranks=14] stream 0x55555715cd30
cnode4-012:3984302:3984302 [6] NCCL INFO Send: opCount 1b sendbuff (nil) recvbuff 0x940000000 count 4194304 datatype 8 op 0 root 0 comm 0x55555a9ec640 [nranks=14] stream 0x55555715cd30
cnode4-012:3984302:3984302 [6] NCCL INFO Recv: opCount 1b sendbuff (nil) recvbuff 0xd40000000 count 4194304 datatype 8 op 0 root 12 comm 0x55555a9ec640 [nranks=14] stream 0x55555715cd30
cnode4-012:3984302:3984302 [6] NCCL INFO Send: opCount 1c sendbuff (nil) recvbuff 0x942000000 count 4194304 datatype 8 op 0 root 0 comm 0x55555a9ec640 [nranks=14] stream 0x55555715cd30
cnode4-012:3984302:3984302 [6] NCCL INFO Recv: opCount 1c sendbuff (nil) recvbuff 0xd42000000 count 4194304 datatype 8cnode4-005:3680321:3680321 [5] NCCL INFO Recv: opCount 0 sendbuff (nil) recvbuff 0xd38000000 count 4194304 datatype 8 op 0 root 4 comm 0x55555b6aa0c0 [nranks=14] stream 0x55555715cd30
cnode4-005:3680321:3680321 [5] NCCL INFO Send: opCount 0 sendbuff (nil) recvbuff 0x93a000000 count 4194304 datatype 8 op 0 root 6 comm 0x55555b6aa0c0 [nranks=14] stream 0x55555715cd30
cnode4-005:3680321:3680321 [5] NCCL INFO Recv: opCount 0 sendbuff (nil) recvbuff 0xd3a000000 count 4194304 datatype 8 op 0 root 4 comm 0x55555b6aa0c0 [nranks=14] stream 0x55555715cd30
cnode4-005:3680321:3680321 [5] NCCL INFO Send: opCount 0 sendbuff (ncnode4-012:3984298:3984298 [2] NCCL INFO Send: opCount 0 sendbuff (nil)cnode4-012:3984299:3984299 [3] NCCL INFO Send: opCount 0 sendbuff (nil) recvbuff 0x93e000000 count 4194304 datatype 8 ocnode4-012:3984302:3984302 [6] NCCL INFO Send: opCount 1f sendbuff (nil) recvbuff 0x920000000 count 4194304 datatype 8 op 0 root 0 comm 0x55555a9ec640 [nranks=14] stream 0x5555cnode4-005:3680322:3680322 [6] NCCL INFO Send: opCount 1f sendbuff (nil) recvbuff 0x920000000 count 4194304 datatype 8 op 0 root 7 comm 0x55555b554c00 [nranks=14] stream 0x55555715cd30
cnode4-005cnode4-012:3984302:3984302 [6] NCCL INFO Send: opCount 20 sendbuff (nil) recvbuff 0xd20000000 count 4194304 datatype 8 op 0 root 0 comm 0x55555a9ec640 [nranks=14] stream 0x55555715cd30
cnode4-012:3984302:3984302 [6] NCCL INFO Recv: opCount 20 sendbuff (nil) recvbuff 0xd20000000 count 4194304 datatype 8 op 0 root 12 comm 0x55555a9ec640 [nranks=14] stream 0x55cnode4-005:cnode4-012:3984302:3984302 [6] NCCL INFO Send: opCount 21 sendbuff (nil) recvbuff 0xd20000000 count 4194304 datatype 8 op 0 root 0 comm 0x55555a9ec640 [nranks=14] stream 0x55cnode4-005:3680322:3680322 [6] NCCL INFO Send: opCount 21 sendbuff (nil) recvbuff 0xd20000000 count 4194304 datatype 8 op 0 root 7 comm 0x55555b554c00 [nranks=14] stream 0x55555715cd30
cnode4-005:3680322:3680322 [6] NCCL INFO Recv: opCount 21 sendbuff (nil) recvbuff 0xd20000000 count 4194304 datatype 8 op 0 root 5 comm 0x55555b554c00 [nranks=14] stream 0x55555715cd30
cnode4-005:3680322:3680322 [6] NCCL INFO Send: opCount 22 sendbuff (nil) recvbuff 0xd22000000 count 4194304 datatype 8 op 0 root 7 comm 0x55555b554c00 [nranks=14] stream 0x55555715cd30
cnode4-005:3680322:3680322 [6] NCCL INFO Recv: opCount 22 sendbuff (nil) recvbuff 0xd22000000 count 4194304 datatype 8 op 0 root 5 comm 0x55555b554c00 [nranks=14] stream 0x55555715cd30
cnode4-005:3680322:3680322 [6] NCCL INFO Send: opCount 23 sendbuff (nil) recvbuff 0xd24000000 count 4194304 datatype 8 op 0 root 7 comm 0x55555b554c00 [nranks=14] stream 0x55555715cd30
cnode4-005:3680322:3680322 [6] NCCL INFO Recv: opCount 23 sendbuff (nil) recvbuff 0xd24000000 count 4194304 datatype 8 op 0 root 5 comm 0x55555b554c00 [nranks=14] stream 0x55555715cd30
cnode4-005:3680322:3680322 [6] NCCL INFO Send: opCount 24 sendbuff (nil) recvbuff 0xd26000000 count 4194304 datatype 8 op 0 root 7 comm 0x55555b554c00 [nranks=14] stream 0x55555715cd30
cnode4-005:3680322:3680322 [6] NCCL INFO Recv: opCount 24 sendbuff (nil) recvbuff 0xd26000000 count 4194304 datatype 8 op 0 root 5 comm 0x55555b554c00 [nranks=14] stream 0x55555715cd30
cnode4-005:3680322:3680322 [6] NCCL INFO Send: opCount 25 sendbuff (nil) recvbuff 0xd28000000 count 4194304 datatype 8 op 0 root 7 comm 0x55555b554c00 [nranks=14] stream 0x55555715cd30
cnode4-005:3680322:3680322 [6] NCCL INFO Recv: opCount 25 sendbuff (nil) recvbuff 0xd28000000 count 4194304cnode4-005:3680320:3680320 [4] NCCL INFO Send: opCount 0 sendbuff (nil) recvbuff 0xd20000000 count 4194304 datatype 8 op 0 root 5 comm 0x55555b432dc0 [nranks=14] stream 0x55555715cd30
cnode4-005:3680320:3680320 [4] NCCL INFO Recv: opCount 0 sendbuff (nil) recvbuff 0xd20000000 count 4194304 datatype 8 op 0 root 3 comm 0x55555b432dc0 [nranks=14] stream 0x55555715cd30
cnode4-005:3680320:3680320 [4] NCCL INFO Send: opCount 0 sendbuff (nil) recvbuff 0xd22000000 count 4194304 datatype 8 op 0 root 5 comm 0x55555b432dc0 [nranks=14] stream 0x55555715cd30
cnode4-005:3680320:3680320 [4] NCCL INFO Recv: opCount 0 sendbuff (nil) recvbuff 0xd22000000 count 4194304 datatype 8 op 0 root 3 comm 0x55555b432dc0 [nranks=14] stream 0x55555715cd30
cnode4-005:3680320:3680320 [4] NCCL INFO Send: opCount 0 sendbuff (nil) recvbuff 0xd24000000 count 4194304 datatype 8 op 0 root 5 comm 0x55555b432dc0 [nranks=14] stream 0x55555715cd30
cnode4-005:3680320:3680320 [4] NCCL INFO Recv: opCount 0 sendbuff (nil) recvbuff 0xd24000000 count 4194304 datatype 8 op 0 root 3 comm 0x55555b432dc0 [nranks=14] stream 0x55555715cd30
cnode4-005:3680320:3680320 [4] NCCL INFO Send: opCount 0 sendbuff (nil) recvbuff 0xd26000000 count 4194304 datatype 8 op 0 root 5 comm 0x55555b432dc0 [nranks=14] stream 0x55555715cd30
cnode4-005:3680320:3680320 [4] NCCL INFO Recv: opCount 0 sendbuff (nil) recvbuff 0xd26000000 count 419430cnode4-012:3984302:3984302 [6] NCCL INFO Send: opCount 2a sendbuff (nil) recvbuff 0xd32000000 count 4194304 datatype 8 op 0 root 0 comm 0x55555a9ec640 [nranks=14] stream 0x55555715cd30
cnode4-012:3984302:3984302 [6] NCCL INFO Recv: opCount 2a sendbuff (nil) recvbuff 0xd32000000 count 4194304 datatype 8 op 0 root 12 comm 0x55555a9ec640 [nranks=14] stream 0x55555715cd30
cnode4-012:3984302:3984302 [6] NCCL INFO Send: opCount 2b sendbuff (nil) recvbuff 0xd34000000 count 4194304 datatype 8 op 0 root 0 comm 0x55555a9ec640 [nranks=14] stream 0x55555715cd30
cnode4-012:3984302:3984302 [6] NCCL INFO Recv: opCount 2b sendbuff (nil) recvbuff 0xd34000000 count 4194304 datatype 8 op 0 root 12 comm 0x55555a9ec640 [nranks=14] cnode4-005:3680322:368cnode4-012:3984302:3984302 [6] NCCL INFO Send: opCount 2c sendbuff (nil) recvbuff 0xd36000000 count 4194304 datatype 8 op 0 root 0 comm 0x55555a9ec640 [nranks=14] stream 0x55555715cd30
cnode4-012:3984302:3984302 [6] NCCL INFO Recv: opCount 2c sendbuff (nil) recvbuff 0xd36000000 count 4194304 datatype 8 op 0 root 12 comm 0x55555a9ec640 [nranks=14] stream 0x55555715cd30
cnode4-012:3984302:3984302 [6] NCCL INFO Send: opCount 2d sendbuff (nil) recvbuff 0xd38000000 count 4194304 datatype 8 op 0 root 0 comm 0x55555a9ec640 [nranks=14] stream 0x55555715cd30
cnode4-012:3984302:3984302 [6] NCCL INFO Recv: opCount 2d sendbuff (nil) recvbuff 0xd38000000 count 4194304 datatype 8 op 0 root 12 comm 0x55555a9ec640 [nranks=14] stream 0x55555715cd30
cnode4-012:3984302:3984302 [6] NCCL INFO Send: opCount 2e sendbuff (nil) recvbuff 0xd3a000000 count 4194304 datatype 8 op 0 root 0 comm 0x55555a9ec640 [nranks=14] stream 0x55555715cd30
cnode4-012:3984302:3984302 [6] NCCL INFO Recv: opCount 2e sendbuff (nil) recvbuff 0xd3a000000 count 4194304 datatype 8 op 0 root 12 comm 0x55555a9ec640 [nranks=14] stream 0x55555715cd30
cnode4-012:3984302:3984302 [6] NCCL INFO Send: opCount 2f sendbuff (nil) recvbuff 0xd3c000000 count 4194304 datatype 8 op 0 root 0 comm 0x55555a9ec640 [nranks=14] stream 0x55555715cd30
cnode4-012:3984302:3984302 [6] NCCL INFO Recv: opCount 2f sendbuff (nil) recvbuff 0xd3c000000 count 4194304 datatype 8 op 0 root 12 comm 0x55555a9ec640 [nranks=14] stream 0x55555715cd30
cnode4-012:3984302:3984302 [6] NCCL INFO Send: opCount 30 sendbuff (nil) recvbuff 0xd3e000000 count 4194304 datatype 8 op 0 root 0 comm 0x55555a9ec640 [nranks=14] stream 0x55555715cd30
cnode4-012:3984302:3984302 [6] NCCL INFO Recv: opCount 30 sendbuff (nil) recvbuff 0xd3e000000 count 4194304 datatype 8 op 0 root 12 comm 0x55555a9ec640 [nranks=14] stream 0x55555715cd30
cnode4-012:3984302:3984302 [6] NCCL INFO Send: opCount 31 sendbuff (nil) recvbuff 0xd40000000 count 4194304 datatype 8 op 0 root 0 comm 0x55555a9ec640 [nranks=14] stream 0x55555715cd30
cnode4-012:3984302:3984302 [6] NCCL INFO Recv: opCount 31 sendbuff (nil) recvbuff 0xd40000000 count 4194304 datatype 8 op 0 root 12 comm 0x55555a9ec640 [nranks=14] stream 0x55555715cd30
cnode4-012:3984302:3984302 [6] NCCL INFO Send: opCount 32 sendbuff (nil) recvbuff 0xd42000000 count 4194304 datatype 8 op 0 root 0 comm 0x55555a9ec640 [nranks=14] stream 0x55555715cd30
cnode4-012:3984302:3984302 [6] NCCL INFO Recv: opCount 32 sendbuff (nil) recvbuff 0xd42000000 count 4194304 datatype 8 op 0 root 12 comm 0x55555a9ec640 [nranks=14] stream 0x55555715cd30
cnode4-012:3984302:3984302 [6] NCCL INFO Send: opCount 33 sendbuff (nil) recvbuff 0xd44000000 count 4194304 datatype 8 op 0 root 0 comm 0x55555a9ec640 [nranks=14] stream 0x55555715cd30
cnode4-012:3984302:3984302 [6] NCCL INFO Recv: opCount 33 sendbuff (nil) recvbuff 0xd44000000 count 4194304 datatype 8 op 0 root 12 comm 0x55555a9ec640 [nranks=14] stream 0x55555715cd30
cnode4-012:3984302:3984302 [6] NCCL INFO Send: opCount 34 sendbuff (nil) recvbuff 0xd46000000 count 4194304 datatype 8 op 0 root 0 comm 0x55555a9ec640 [nranks=14] stream 0x55555715cd30
cnode4-012:3984302:3984302 [6] NCCL INFO Recv: opCount 34 sendbuff (nil) recvbuff 0xd46000000 count 4194304 datatype 8 op 0 root 12 comm 0x55555a9ec640 [nranks=14] stream 0x55555715cd30
cnode4-012:3984302:3984302 [6] NCCL INFO Send: opCount 35 sendbuff (nil) recvbuff 0xd20000000 count 4194304 datatype 8 op 0 root 0 comm 0x55555a9ec640 [nrcnode4-005:3680322:3680322 [6] NCCL INFO Send: opCount 35 sendbuff (nil) recvbuff 0xd20000000 count 4194304 datatype 8 op 0 root 7 comm 0x55555b554c00 [nranks=14] stream 0x55555715cd30
cnode4-005:3680322:3680322 [6] Ncnode4-012:3984302:3984302 [6] NCCL INFO Send: opCount 36 sendbuff (nil) recvbuff 0x920000000 count 8388608 datatype 8 op 0 root 0 comm 0x55555a9ec640 [nranks=14] stream 0x55555715cd30
cnode4-012:3984302:3984302 [6] NCCL INFO Recv: opCount 36 sendbuff (nil) recvbuff 0xd20000000 count 8388608 datatype 8 op 0 root 12 comm 0x55555a9ec640 [nranks=14] stream 0x55555715cd30
cnode4-012:3984302:3984302 [6] NCCL INFO Send: opCount 37 sendbuff (nil) recvbuff 0x920000000 count 8388608 datatype 8 op 0 root 0 comm 0x55555a9ec640 [cnode4-005:3680322:3680322 [6] NCCL INFO Send: opCount 37 sendbuff (nil) recvbuff 0x920000000 count 8388608 datatype 8 op 0 root 7 comm 0x55555b554c00 [nranks=14] stream 0x55555715cd30
cnode4-005:3680322:3680322 [6] NCCL INFO Recv: opCount 37 sendbuff (nil) recvbuff 0xd20000000 count 8388608 datatype 8 op 0 root 5 comm 0x55555b554c00 [nranks=14] stream 0x55555715cd30
cnode4-005:3680322:3680322 [6] NCCL INFO Send: opCount 38 sendbuff (nil) recvbuff 0x924000000 count 8388608 datatype 8 op 0 root 7 comm 0x55555b554c00 [nranks=14] stream 0x55555715cd30
cnode4-005:3680322:3680322 [6] NCCL INFO Recv: opCount 38 sendbuff (nil) recvbuff 0xd24000000 count 8388608 datatype 8 op 0 root 5 comm 0x55555b554c00 [nranks=14] stream 0x55555715cd30
cnode4-005:3680322:3680322 [6] NCCL INFO Send: opCount 39 sendbuff (nil) recvbuff 0x928000000 count 8388608 datatype 8 op 0 root 7 comm 0x55555b554c00 [nranks=14] stream 0x55555715cd30
cnode4-005:3680322:3680322 [6] NCCL INFO Recv: opCount 39 sendbuff (nil) recvbuff 0xd28000000 count 8388608 datatype 8 op 0 root 5 comm 0x55555b554c00 [nranks=14] stream 0x55555715cd30
cnode4-005:3680322:3680322 [6] NCCL INFO Send: opCount 3a sendbuff (nil) recvbuff 0x92c000000 count 8388608 datatype 8 op 0 root 7 comm 0x55555b554c00 [nranks=14] stream 0x55555715cd30
cnode4-005:3680322:3680322 [6] NCCL INFO Recv: opCount 3a sendbuff (nil) recvbuff 0xd2c000000 count 8388608cnode4-005:3680317:3680317 [1] NCCL INFO Send: opCount 0 sendbuff (nil) recvbuff 0x920000000 count 8388608 datatype 8 op 0 root 2 comm 0x55555b54b190 [nranks=14] stream 0x55555715cd30
cnode4-005:3680317:3680317 [1] NCCL INFO Recv: opCouncnode4-012:3984301:3984301 [5] NCCL INFO Send: opCount 0 sendbuff (nil)cnode4-005:3680318:3680318 [2] NCCL INFO Send: opCount 0 sendbuff (nil) recvbuff 0x920000000 count 8388608 datatype 8 op 0 root 3 comm 0x55555b676c00 [nranks=14] stream 0x55555715cd30
cnode4-005:3680318:3680318 [2] NCCL INFO Recv: opCount 0 sendbuff (nil) recvbuff 0xd20000000 count 8388608 datatype 8 op 0 root 1 comm 0x55555b676c00 [nranks=14] stream 0x55555715cd30
cnode4-005:3680318:3680318 [2] NCCL INFO Send: opCount 0 sendbuff (nil) recvbuff 0x924000000 count 8388608 datatype 8 op 0 root 3 comm 0x55555b676c00 [nranks=14] stream 0x55555715cd30
cnode4-005:3680318:3680318 [2] NCCL INFO Recv: opCount 0 sendbuff (nil) recvbuff 0xd24000000 count 8388608 datatype 8 op 0 root 1 comm 0x55555b676c00 [nranks=14] stream 0x55555715cd30
cnode4-005:3680318:3680318 [2] NCCL INFO Send: opCount 0 sendbuff (nil) recvbuff 0x928000000 count 8388608 datatype 8 op 0 root 3 comm 0x55555b676c00 [nranks=14] stream 0x55555715cd30
cnode4-005:3680318:3680318 [2] NCCL INFO Recv: opCount 0 sendbuff (nil) recvbuff 0xd28000000 count 8388608 datatype 8 op 0 root 1 comm 0x55555b676c00 [nranks=14] stream 0x55555715cd30
cnode4-005:3680318:3680318 [2] NCCL INFO Send: opCount 0 sendbuff (nil) recvbuff 0x92c000000 count 8388608 datatype 8 op 0 root 3 comm 0x55555b676c00 [nranks=14] stream 0x55555715cd30
cnode4-005:3680318:3680318 [2] NCCL INFO Recv: opCount 0 sendbuff (nil) recvbuff 0xd2c000000 count 8388608 datatype 8 op 0 root 1 comm 0x55555b676c00 [nranks=14] stream 0x55555715cd30
cnode4-005:3680318:3680318 [2] NCCL INFO Send: opCount 0 sendbuff (nil) recvbuff 0x930000000 count 8388608 datatype 8 op 0 root 3 comm 0x55555b676c0cnode4-005:3680322:3680322 [6] NCCL INFO Send: opCount 40 sendbuff (nil) recvbuff 0x944000000 count 8388608 datatype 8 op 0 root 7 comm 0x55555b554c00 [nranks=14] stream 0x55555715cd30
cnode4-005:3680322:3680322 [6] NCCL INFO Recv: opCount 40 sendbuff (nil) recvbuff 0xd44000000 count 8388608 datatype 8 op 0 root 5 comm 0x55555b554c00 [nranks=14] stream 0x55555715cd30
cnode4-005:3680322:3680322 [6] NCCL INFO Send: opCount 41 sendbuff (nil) recvbuff 0x948000000 count 8388608 datatype 8 op 0 root 7 comm 0x55555b554c00 [nranks=14] stream 0x55555715cd30
cnode4-005:3680322:3680322 [6] NCcnode4-005:3680318:3680318 [2] NCCL INFO Send: opCount 0 sendbuff (nil) recvbuff 0x938000000 count 8388608 datatype 8 op 0 root 3 comm 0x55555b676c00 [ncnode4-005:3680322:3680322 [6] NCCL INFO Send: opCount 42 sendbuff (nil) recvbuff 0x94c00000cnode4-005:3680317:3680317 [1] NCCL INFO Recv: opCount 0 sendbuff (nil) recvbuff 0xd3c000000 count 8388608 datatype 8 op 0 root 0 comm 0x55555b54b190 [nranks=14] stream 0x55555715cd30
cnode4-005:3680317:3680317 [1] NCCL INFO Send: opCount 0 sendbuff (nil) recvbuff 0x940000000 count 8388608 datatype 8 op 0 root 2 comm 0x55555b54b190 [nranks=14] stream 0x55555715cd30
cnode4-005:3680317:3680317 [1] NCCL INFO Recv: opCount 0 sendbuff (nil) recvbuff 0xd40000000 count 8388608 datatype 8 op 0 root 0 comm 0x55555b54b190 [nranks=14] stream 0x55555715cd30
cnode4-005:3680317:3680317 [1] NCCL INFO Send: opCount 0 sendbuff (nil) recvbuff 0x944000000 count 8388608 datatype 8 op 0 root 2 comm 0x55555b54b190 [nranks=14] stream 0x55555715cd30
cnode4-005:3680317:3680317 [1] NCCL INFO Recv: opCount 0 sendbuff (nil) recvbuff 0xd44000000 count 8388608 datatype 8 op 0 root 0 comm 0x55555b54b190 [nranks=14] stream 0x55555715cd30
cnode4-005:3680317:3680317 [1] NCCL INFO Send: opCount 0 sendbuff (nil) recvbuff 0x948000000 count 8388608 datatype 8 op 0 root 2 comm 0x55555b54b190 [nranks=14] stream 0x55555715cd30
cnode4-005:3680317:3680317 [1] NCCL INFO Recv: opCount 0 sendbuff (nil) recvbuff 0xd48000000 count 8388608 datatype 8 op 0 root 0 comm 0x55555b54b190 [nranks=14] stream 0x55555715cd30
cnode4-005:3680317:3680317 [1] NCCL INFO Send: opCount 0 sendbuff (nil) recvbuff 0x94c000000 count 8388608 datatype 8 op 0 root 2 comm 0x55555b54b190 [nranks=14] stream 0x55555715cd30
cnode4-005:3680317:3680317 [1] NCCL INFO Recv: opCount 0 sendbuff (nil) recvbuff 0xd4c000000 count 8388608 datatype 8 op 0 root 0 comm 0x55555b54b190 [nranks=14] stream 0x55555715cd30
cnode4-005:3680317:3680317 [1] NCCL INFO Send: opCount 0 sendbuff (nil) recvbuff 0x950000000 count 8388608 datatype 8 op 0 root 2 comm 0x55555b54b190 [nranks=14] stream 0x55555715cd30
cnode4-005:3680317:3680317 [1] NCCL INFO Recv: opCount 0 sendbuff (nil) recvbuff 0xd50000000 count 8388608 datatype 8 op 0 root 0 comm 0x55555b54b190 [nranks=14] stream 0x55555715cd30
cnode4-005:3680317:3680317 [1] NCCL INFO Send: opCount 0 sendbuff (nil) recvbuff 0x954000000 count 8388608 datatype 8 op 0 root 2 comm 0x55555b54b190 [nranks=14] stream 0x55555715cd30
cnode4-005:3680317:3680317 [1] NCCL INFO Recv: opCount 0 sendbuff (nil) recvbuff 0xd54000000 count 8388608 datatype 8 op 0 root 0 comm 0x55555b54b190 [nranks=14] stream 0x55555715cd30
cnode4-005:3680317:3680317 [1] NCCL INFO Send: opCount 0 sendbuff (nil) recvbuff 0x958000000 count 8388608 datatype 8 op 0 root 2 comm 0x555cnode4-005:3680321:3680321 [5] NCCL INFO Recv: opCount 0 sendbuff (nil) recvbuff 0xd54000000 count 8388608 datatype 8 op 0 root 4 comm 0x55555b6aa0c0 [nranks=14] stream 0x55555715cd30
cnode4-005:3680321:3680321 [5] NCCL INFO Send: opCount 0 sendbuff (nil) recvbuff 0x958000000 count 8388608 datatype 8 op 0 root 6 comm 0x55555b6aa0c0 [ncnode4-005:3680322:3680322 [6] NCCL INFO Send: opCount 4a sendbuff (nil) recvbuff 0x96c000000 count 8388608 datatype 8 op 0 root 7 comm 0x55555b554c00 [nranks=14] stream 0x55555715cd30
cnode4-005:3680322:3680322 [6] NCCL INFO Recv: opCouncnode4-012:3984302:3984302 [6] NCCL INFO Send: opCount 4b sendbuff (nil) recvbuff 0x920000000 count 8388608 datatype 8 op 0 root 0 comm 0x55555a9ec640 [nranks=14] stream 0x55555715cd30
cnode4-012:3984302:3984302 [6] NCCL INFO Recv: opCount 4b sendbuff (nil) recvbuff 0xd20000000 count 8388608 datatype 8 op 0 root 12 comm 0x55555a9ec640 [nranks=14] stream 0x55555715cd30
cnode4-012:3984302:3984302 [6] NCCL INFO Send: opCount 4c sendbuff (nil) recvbuff 0xd20000000 count 8388608 datatype 8 op 0 root 0 cnode4-005:3680322:3680322 [6] NCCL INFO Send: opCount 4c sendbuff (nil) recvbuff 0xd20000000 count 8388608 datatype 8 op 0 root 7 comm 0x55555b554c00 [nranks=14] stream 0x55555715cd30
cnode4-005:3680322:3680322 [6] NCCL INFO Recv: opCount cnode4-012:3984302:3984302 [6] NCCL INFO Send: opCount 4d sendbuff (nil) recvbuff 0xd20000000 count 8388608 datatype 8 op 0 root 0cnode4-005:3680322:3680322 [6] NCCL INFO Send: opCount cnode4-012:3984302:3984302 [6] NCCL INFO Recv: opCount 4d sendbuff (nil) recvbuff 0xd20000000 count 8388608 datatype 8 op 0 root 12 comm 0x55555a9ec640 [nranks=14] stream 0x55555715cd30
cnode4-012:3984302:3984302 [6] NCCL INFO Send: opCount 4e sendbuff (nil) recvbuff 0xd24000000 count 8388608 datatype 8 op 0 root 0 comm 0x55555a9ec640 [nranks=14] stream 0x55555715cd30
cnode4-012:3984302:3984302 [6] NCCL INFO Recv: opCount 4e sendbuff (nil) recvbuff 0xd24000000 count 8388608 datatype 8 op 0 root 12 comm 0x55555a9ec640 [nranks=14] stream 0x55555715cd30
cnode4-012:3984302:3984302 [6] NCCL INFO Send: opCount 4f sendbuff (nil) recvbuff 0xd28000000 count 8388608 datatype 8 op 0 root 0 comm 0x55555a9ec640 [nranks=14] stream 0x55555715cd30
cnode4-012:3984302:3984302 [6] NCCL INFO Recv: opCount 4f sendbuff (nil) recvbuff 0xd28000000 count 8388608 datatype 8 op 0 root 12 comm 0x55555a9ec640 [nranks=14] stream 0x55555715cd30
cnode4-012:3984302:3984302 [6] NCCL INFO Send: opCount 50 sendbuff (nil) recvbuff 0xd2c000000 count 8388608 datatype 8 op 0 root 0 comm 0x55555a9ec640 [nranks=14] stream 0x55555715cd30
cnode4-012:3984302:3984302 [6] NCCL INFO Recv: opCount 50 sendbuff (nil) recvbuff 0xd2c000000 count 8388608 datatype 8 op 0 root 12 comm 0x55555a9ec640 [nranks=14] stream 0x55555715cd30
cnode4-012:3984302:3984302 [6] NCCL INFO Send: opCount 51 sendbuff (nil) recvbuff 0xd30000000 count 8388608 datatype 8 op 0 root 0 comm 0x55555a9ec640 [nranks=14] stream 0x55555715cd30
cnode4-012:3984302:3984302 [6] NCCL INFO Recv: opCount 51 sendbuff (nil) recvbuff 0xd30000000 count 8388608 datatype 8 op 0 root 12 comm 0x55555a9ec640 [nranks=14] stream 0x55555715cd30
cnode4-012:3984302:3984302 [6] NCCL INFO Send: opCount 52 sendbuff (nil) recvbuff 0xd34000000 count 8388608 datatype 8 op 0 root 0 comm 0x55555a9ec640 [nranks=14] stream 0x55555715cd30
cnode4-012:3984302:3984302 [6] NCCL INFO Recv: opCount 52 sendbuff (nil) recvbuff 0xd34000000 count 8388608 datatype 8 op 0 root 12 comm 0x55555a9ec640 [nranks=14] stream 0x55555715cd30
cnode4-012:3984302:3984302 [6] NCCL INFO Send: opCount 53 sendbuff (nil) recvbuff 0xd38000000 count 8388608 datatype 8 op 0 root 0 comm 0x55555a9ec640 [nranks=14] stream 0x55555715cd30
cnode4-012:3984302:3984302 [6] NCCL INFO Recv: opCount 53 sendbuff (nil) recvbuff 0xd38000000 count 8388608 datatype 8 op 0 root 12 comm 0x55555a9ec640 [nranks=14] stream 0x55555715cd30
cnode4-012:3984302:3984302 [6] NCCL INFO Send: opCount 54 sendbuff (nil) recvbuff 0xd3c000000 count 8388608 datatype 8 op 0 root 0 comm 0x55555a9ec640 [nranks=14] stream 0x55555715cd30
cnode4-012:3984302:3984302 [6] NCCL INFO Recv: opCount 54 sendbuff (nil) recvbuff 0xd3c000000 count 8388608 datatype 8 op 0 root 12 comm 0x55555a9ec640 [nranks=14] stream 0x55555715cd30
cnode4-012:3984302:3984302 [6] NCCL INFO Send: opCount 55 sendbuff (nil) recvbuff 0xd40000000 count 8388608 datatype 8 op 0 root 0 comm 0x55555a9ec640 [nranks=14] stream 0x55555715cd30
cnode4-012:3984302:3984302 [6] NCCL INFO Recv: opCount 55 sendbuff (nil) recvbuff 0xd40000000 count 8388608 datatype 8 op 0 root 12 comm 0x55555a9ec640 [nranks=14] stream 0x55555715cd30
cnode4-012:3984302:3984302 [6] NCCL INFO Send: opCount 56 sendbuff (nil) recvbuff 0xd44000000 count 8388608 datatype 8 op 0 root 0 comm 0x55555a9ec640 [nranks=14] stream 0x55555715cd30
cnode4-012:3984302:3984302 [6] NCCL INFO Recv: opCount 56 sendbuff (nil) recvbuff 0xd44000000 count 8388608 datatype 8 op 0 root 12 comm 0x55555a9ec640 [nranks=14] stream 0x55555715cd30
cnode4-012:3984302:3984302 [6] NCCL INFO Send: opCount 57 sendbuff (nil) recvbuff 0xd48000000 count 8388608 datatype 8 op 0 root 0 comm 0x55555a9ec640 [nranks=14] stream 0x55555715cd30
cnode4-012:3984302:3984302 [6] NCCL INFO Recv: opCount 57 sendbuff (nil) recvbuff 0xd48000000 count 8388608 datatype 8 op 0 root 12 comm 0x55555a9ec640 [nranks=14] stream 0x55555715cd30
cnode4-012:3984302:3984302 [6] NCCL INFO Send: opCount 58 sendbuff (nil) recvbuff 0xd4c000000 count 8388608 datatype 8 cnode4-005:3680322:3680322 [6] NCCL INFO Send: opCount 58 sendbuffcnode4-012:3984302:3984302 [6] NCCL INFO Recv: opCount 58 sendbuff (nil) recvbuff 0xd4c000000 count 8388608 datatype 8 op 0 root 12 comm 0x55555a9ec640 [nranks=14] stream 0x55555715cd30
cnode4-012:3984302:3984302 [6] NCCL INFO Send: opCount 59 sendbuff (nil) recvbuff 0xd50000000 count 8388608 datatype 8 op 0 root 0 comm 0x55555a9ec640 [nranks=14] stream 0x55555715cd30
cnode4-012:3984302:3984302 [6] NCCL INFO Recv: opCount 59 sendbuff (nil) recvbuff 0xd50000000 count 8388608 datatype 8 op 0 root 12 comm 0x55555a9ec640 [nranks=14] stream 0x55555715cd30
cnode4-012:3984302:3984302 [6] NCCL INFO Send: opCount 5a sendbuff (nil) recvbuff 0xd54000000 count 8388608 datatype 8 op 0 root 0 comm 0x55555a9ec640 [nranks=14] stream 0x55555715cd30
cnode4-012:3984302:3984302 [6] NCCL INFO Recv: opCount 5a sendbuff (nil) recvbuff 0xd54000000 count 8388608 datatype 8 op 0 root 12 comm 0x55555a9ec640 [nranks=14] stream 0x55555715cd30
cnode4-012:3984302:3984302 [6] NCCL INFO Send: opCount 5b sendbuff (nil) recvbuff 0xd58000000 count 8388608 datatype 8 op 0 root 0 comm 0x55555a9ec640 [nranks=14] stream 0x55555715cd30
cnode4-012:3984302:3984302 [6] NCCL INFO Recv: opCount 5b sendbuff (nil) recvbuff 0xd58000000 count 8388608 datatype 8 op 0 root 12 comm 0x55555a9ec640 [nranks=14] stream 0x55555715cd30
cnode4-012:3984302:3984302 [6] NCCL INFO Send: opCount 5c sendbuff (nil) recvbuff 0xd5c000000 count 8388608 datatype 8 op 0 root 0 comm 0x55555a9ec640 [nranks=14] stream 0x55555715cd30
cnode4-012:3984302:3984302 [6] NCCL INFO Recv: opCount 5c sendbuff (nil) recvbuff 0xd5c000000 count 8388608 datatype 8 op 0 root 12 comm 0x55555a9ec640 [nranks=14] stream 0x55555715cd30
cnode4-012:3984302:3984302 [6] NCCL INFO Send: opCount 5d sendbuff (nil) recvbuff 0xd60000000 count 8388608 datatype 8 op 0 root 0 comm 0x55555a9ec640 [nranks=14] stream 0x55555715cd30
cnode4-012:3984302:3984302 [6] NCCL INFO Recv: opCount 5d sendbuff (nil) recvbuff 0xd60000000 count 8388608 datatype 8 op 0 root 12 comm 0x55555a9ec640 [nranks=14] stream 0x55555715cd30
cnode4-012:3984302:3984302 [6] NCCL INFO Send: opCount 5e sendbuff (nil) recvbuff 0xd64000000 count 8388608 datatype 8 op 0 root 0 comm 0x55555a9ec640 [nranks=14] stream 0x55555715cd30
cnode4-012:3984302:3984302 [6] NCCL INFO Recv: opCount 5e sendbuff (nil) recvbuff 0xd64000000 count 8388608 datatype 8 op 0 root 12 comm 0x55555a9ec640 [nranks=14] stream 0x55555715cd30
cnode4-012:3984302:3984302 [6] NCCL INFO Send: opCount 5f sendbuff (nil) recvbuff 0xd68000000 count 8388608 datatype 8 op 0 root 0 comm 0x55555a9ec640 [nranks=14] stream 0x55555715cd30
cnode4-012:3984302:3984302 [6] NCCL INFO Recv: opCount 5f sendbuff (nil) recvbuff 0xd68000000 count 8388608 datatype 8 op 0 root 12 comm 0x55555a9ec640 [nranks=14] stream 0x55555715cd30
cnode4-012:3984302:3984302 [6] NCCL INFO Send: opCount 60 sendbuff (nil) recvbuff 0xd6c000000 count 8388608 datatype 8 op 0 root 0 comm 0x55555a9ec640 [nranks=14] stream 0x55555715cd30
cnode4-012:3984302:3984302 [6] NCCL INFO Recv: opCount 60 sendbuff (nil) recvbuff 0xd6c000000 count 8388608 datatype 8 op 0 root 12 comm 0x55555a9ec640 [nranks=14] stream 0x55555715cd30
cnode4-012:3984302:3984302 [6] NCCL INFO Send: opCount 61 sendbuff (nil) recvbuff 0xd20000000 count 8388608 dacnode4-005:3680322:3680322 [6] NCCL INFO Send: opCount 61 sendbuff (nil) recvbuff 0xd20000000 count 8388608 datatype 8 op 0 root 7 comm 0x55555b554c00 [nranks=14] stream 0x55555715cd30
cnode4-005:3680322:3680322 [6] NCCL INFO Recv: opCount 61 sendbuff (nil) reccnode4-012:3984302:3984302 [6] NCCL INFO Send: opCount 62 sendbuff (nil) recvbuff 0x920000000 count 16777216 datatype 8 op 0 root 0 comm 0x55555a9ec640 [nranks=14] stream 0x55555715cd30
cnode4-012:3984302:3984302 [6] NCCL INFO Recv: opCount 62 sendbuff (nil) recvbuff 0xd20000000 count 16777216 datatype 8 op 0 root 12 comm 0x55555a9ec640 [nranks=14] stream 0x55555715cd30
cnode4-012:3984302:3984302 [6] NCCL INFO Send: opCount 63 sendbuff (nil) recvbuff 0x920000000 count 16777216cnode4-005:3680322:3680322 [6] NCCL INFO Send: opCount 63 sendbuff (nil) recvbcnode4-012:3984302:3984302 [6] NCCL INFO Recv: opCount 63 sendbuff (nil) recvbuff 0xd20000000 count 16777216 datatype 8 op 0 root 12 comm 0x55555a9ec640 [nranks=14] stream 0x55555715cd30
cnode4-012:3984302:3984302 [6] NCCL INFO Send: opCount 64 sendbuff (nil) recvbuff 0x928000000 count 16777216 datatype 8 op 0 root 0 comm 0x55555a9ec640 [nranks=14] stream 0x55555715cd30
cnode4-012:3984302:3984302 [6] NCCL INFO Recv: opCount 64 sendbuff (nil) recvbuff 0xd28000000 count 16777216 datatype 8 op 0 root 12 comm 0x55555a9ec640 [nranks=14] stream 0x55555715cd30
cnode4-012:3984302:3984302 [6] NCCL INFO Send: opCount 65 sendbuff (nil) recvbuff 0x930000000 count 16777216 datatype 8 op 0 root 0 comm 0x55555a9ec640 [nranks=14] stream 0x55555715cd30
cnode4-012:3984302:3984302 [6] NCCL INFO Recv: opCount 65 sendbuff (nil) recvbuff 0xd30000000 count 16777216 datatype 8 op 0 root 12 comm 0x55555a9ec640 [nranks=14] stream 0x55555715cd30
cnode4-012:3984302:3984302 [6] NCCL INFO Send: opCount 66 sendbuff (nil) recvbuff 0x938000000 count 16777216 datatype 8 op 0 root 0 comm 0x55555a9ec640 [nranks=14] stream 0x55555715cd30
cnode4-012:3984302:3984302 [6] NCCL INFO Recv: opCount 66 sendbuff (nil) recvbuff 0xd38000000 count 16777216 datatypecnode4-005:3680317:3680317 [1] NCCL INFO Send: opCount 0 sendbuff (nil) recvbuff 0x920000000 count 16777216 datatype 8 op 0 root 2 comm 0x55555b54b190 [nranks=14] stream 0x55555715cd30
